http://cdn2.pokemon-gl.com/src/swf/theme/assets/global/parts/pokemon/scaled/bchgdied.swf:
2013-09-12 07:47:07 ERROR 404: Not Found.
http://cdn2.pokemon-gl.com/src/swf/theme/assets/global/parts/pokemon/scaled/bcgjidah.swf:
2013-09-12 07:47:07 ERROR 404: Not Found.
http://cdn2.pokemon-gl.com/src/swf/theme/assets/global/parts/pokemon/scaled/bcgdchhb.swf:
2013-09-12 07:47:07 ERROR 404: Not Found.
http://cdn2.pokemon-gl.com/src/swf/theme/assets/global/parts/pokemon/scaled/bdajbfcd.swf:
2013-09-12 07:47:07 ERROR 404: Not Found.
http://cdn2.pokemon-gl.com/src/swf/theme/assets/global/parts/pokemon/scaled/bdacfjih.swf:
2013-09-12 07:47:07 ERROR 404: Not Found.
http://cdn2.pokemon-gl.com/src/swf/theme/assets/global/parts/pokemon/scaled/bcjgaefb.swf:
2013-09-12 07:47:08 ERROR 404: Not Found.
http://cdn2.pokemon-gl.com/src/swf/theme/assets/global/parts/pokemon/scaled/bcijejbf.swf:
2013-09-12 07:47:08 ERROR 404: Not Found.
http://cdn2.pokemon-gl.com/src/swf/theme/assets/global/parts/pokemon/scaled/bddfdggh.swf:
2013-09-12 07:47:08 ERROR 404: Not Found.
http://cdn2.pokemon-gl.com/src/swf/theme/assets/global/parts/pokemon/scaled/bdciibdb.swf:
2013-09-12 07:47:09 ERROR 404: Not Found.
http://cdn2.pokemon-gl.com/src/swf/theme/assets/global/parts/pokemon/scaled/bdcccfjf.swf:
2013-09-12 07:47:09 ERROR 404: Not Found.
http://cdn2.pokemon-gl.com/src/swf/theme/assets/global/parts/pokemon/scaled/bdbfhafj.swf:
2013-09-12 07:47:09 ERROR 404: Not Found.
http://cdn2.pokemon-gl.com/src/swf/theme/assets/global/parts/pokemon/scaled/bdgbfibb.swf:
2013-09-12 07:47:09 ERROR 404: Not Found.
http://cdn2.pokemon-gl.com/src/swf/theme/assets/global/parts/pokemon/scaled/bdffachf.swf:
2013-09-12 07:47:09 ERROR 404: Not Found.
http://cdn2.pokemon-gl.com/src/swf/theme/assets/global/parts/pokemon/scaled/bdeiehdj.swf:
2013-09-12 07:47:10 ERROR 404: Not Found.
http://cdn2.pokemon-gl.com/src/swf/theme/assets/global/parts/pokemon/scaled/bdebjcad.swf:
2013-09-12 07:47:10 ERROR 404: Not Found.
http://cdn2.pokemon-gl.com/src/swf/theme/assets/global/parts/pokemon/scaled/bdihhjff.swf:
2013-09-12 07:47:10 ERROR 404: Not Found.
http://cdn2.pokemon-gl.com/src/swf/theme/assets/global/parts/pokemon/scaled/bdibcebj.swf:
2013-09-12 07:47:11 ERROR 404: Not Found.
http://cdn2.pokemon-gl.com/src/swf/theme/assets/global/parts/pokemon/scaled/bdhegiid.swf:
2013-09-12 07:47:11 ERROR 404: Not Found.
http://cdn2.pokemon-gl.com/src/swf/theme/assets/global/parts/pokemon/scaled/bdgibdeh.swf:
2013-09-12 07:47:11 ERROR 404: Not Found.
http://cdn2.pokemon-gl.com/src/swf/theme/assets/global/parts/pokemon/scaled/bebeaajj.swf:
2013-09-12 07:47:11 ERROR 404: Not Found.
http://cdn2.pokemon-gl.com/src/swf/theme/assets/global/parts/pokemon/scaled/beahefgd.swf:
2013-09-12 07:47:12 ERROR 404: Not Found.
http://cdn2.pokemon-gl.com/src/swf/theme/assets/global/parts/pokemon/scaled/beaajach.swf:
2013-09-12 07:47:12 ERROR 404: Not Found.
http://cdn2.pokemon-gl.com/src/swf/theme/assets/global/parts/pokemon/scaled/bdjedejb.swf:
2013-09-12 07:47:12 ERROR 404: Not Found.
http://cdn2.pokemon-gl.com/src/swf/theme/assets/global/parts/pokemon/scaled/beeacced.swf:
2013-09-12 07:47:12 ERROR 404: Not Found.
http://cdn2.pokemon-gl.com/src/swf/theme/assets/global/parts/pokemon/scaled/beddghah.swf:
2013-09-12 07:47:13 ERROR 404: Not Found.
http://cdn2.pokemon-gl.com/src/swf/theme/assets/global/parts/pokemon/scaled/bechbbhb.swf:
2013-09-12 07:47:13 ERROR 404: Not Found.
http://cdn2.pokemon-gl.com/src/swf/theme/assets/global/parts/pokemon/scaled/becafgdf.swf:
2013-09-12 07:47:13 ERROR 404: Not Found.
http://cdn2.pokemon-gl.com/src/swf/theme/assets/global/parts/pokemon/scaled/beggedih.swf:
2013-09-12 07:47:13 ERROR 404: Not Found.
http://cdn2.pokemon-gl.com/src/swf/theme/assets/global/parts/pokemon/scaled/befjiifb.swf:
2013-09-12 07:47:14 ERROR 404: Not Found.
http://cdn2.pokemon-gl.com/src/swf/theme/assets/global/parts/pokemon/scaled/befdddbf.swf:
2013-09-12 07:47:14 ERROR 404: Not Found.
http://cdn2.pokemon-gl.com/src/swf/theme/assets/global/parts/pokemon/scaled/beeghhhj.swf:
2013-09-12 07:47:14 ERROR 404: Not Found.
http://cdn2.pokemon-gl.com/src/swf/theme/assets/global/parts/pokemon/scaled/bejcgfdb.swf:
2013-09-12 07:47:15 ERROR 404: Not Found.
http://cdn2.pokemon-gl.com/src/swf/theme/assets/global/parts/pokemon/scaled/beigajjf.swf:
2013-09-12 07:47:15 ERROR 404: Not Found.
http://cdn2.pokemon-gl.com/src/swf/theme/assets/global/parts/pokemon/scaled/behjfefj.swf:
2013-09-12 07:47:15 ERROR 404: Not Found.
http://cdn2.pokemon-gl.com/src/swf/theme/assets/global/parts/pokemon/scaled/behcjjcd.swf:
2013-09-12 07:47:15 ERROR 404: Not Found.
http://cdn2.pokemon-gl.com/src/swf/theme/assets/global/parts/pokemon/scaled/bfbiighf.swf:
2013-09-12 07:47:16 ERROR 404: Not Found.
http://cdn2.pokemon-gl.com/src/swf/theme/assets/global/parts/pokemon/scaled/bfbcdbdj.swf:
2013-09-12 07:47:16 ERROR 404: Not Found.
http://cdn2.pokemon-gl.com/src/swf/theme/assets/global/parts/pokemon/scaled/bfafhgad.swf:
2013-09-12 07:47:16 ERROR 404: Not Found.
http://cdn2.pokemon-gl.com/src/swf/theme/assets/global/parts/pokemon/scaled/bejjcagh.swf:
2013-09-12 07:47:17 ERROR 404: Not Found.
http://cdn2.pokemon-gl.com/src/swf/theme/assets/global/parts/pokemon/scaled/bfefaibj.swf:
2013-09-12 07:47:17 ERROR 404: Not Found.
http://cdn2.pokemon-gl.com/src/swf/theme/assets/global/parts/pokemon/scaled/bfdifcid.swf:
2013-09-12 07:47:17 ERROR 404: Not Found.
http://cdn2.pokemon-gl.com/src/swf/theme/assets/global/parts/pokemon/scaled/bfdbjheh.swf:
2013-09-12 07:47:17 ERROR 404: Not Found.
http://cdn2.pokemon-gl.com/src/swf/theme/assets/global/parts/pokemon/scaled/bfcfecbb.swf:
2013-09-12 07:47:18 ERROR 404: Not Found.
http://cdn2.pokemon-gl.com/src/swf/theme/assets/global/parts/pokemon/scaled/bfhbcjgd.swf:
2013-09-12 07:47:18 ERROR 404: Not Found.
http://cdn2.pokemon-gl.com/src/swf/theme/assets/global/parts/pokemon/scaled/bfgehech.swf:
2013-09-12 07:47:18 ERROR 404: Not Found.
http://cdn2.pokemon-gl.com/src/swf/theme/assets/global/parts/pokemon/scaled/bffibijb.swf:
2013-09-12 07:47:19 ERROR 404: Not Found.
http://cdn2.pokemon-gl.com/src/swf/theme/assets/global/parts/pokemon/scaled/bffbgdff.swf:
2013-09-12 07:47:19 ERROR 404: Not Found.
http://cdn2.pokemon-gl.com/src/swf/theme/assets/global/parts/pokemon/scaled/bfjhfbah.swf:
2013-09-12 07:47:19 ERROR 404: Not Found.
http://cdn2.pokemon-gl.com/src/swf/theme/assets/global/parts/pokemon/scaled/bfjajfhb.swf:
2013-09-12 07:47:19 ERROR 404: Not Found.
http://cdn2.pokemon-gl.com/src/swf/theme/assets/global/parts/pokemon/scaled/bfieeadf.swf:
2013-09-12 07:47:20 ERROR 404: Not Found.
http://cdn2.pokemon-gl.com/src/swf/theme/assets/global/parts/pokemon/scaled/bfhhiejj.swf:
2013-09-12 07:47:20 ERROR 404: Not Found.
http://cdn2.pokemon-gl.com/src/swf/theme/assets/global/parts/pokemon/scaled/bgcdhcfb.swf:
2013-09-12 07:47:20 ERROR 404: Not Found.
http://cdn2.pokemon-gl.com/src/swf/theme/assets/global/parts/pokemon/scaled/bgbhbhbf.swf:
2013-09-12 07:47:21 ERROR 404: Not Found.
http://cdn2.pokemon-gl.com/src/swf/theme/assets/global/parts/pokemon/scaled/bgbagbhj.swf:
2013-09-12 07:47:21 ERROR 404: Not Found.
http://cdn2.pokemon-gl.com/src/swf/theme/assets/global/parts/pokemon/scaled/bgaeaged.swf:
2013-09-12 07:47:21 ERROR 404: Not Found.
http://cdn2.pokemon-gl.com/src/swf/theme/assets/global/parts/pokemon/scaled/bgejjdjf.swf:
2013-09-12 07:47:21 ERROR 404: Not Found.
http://cdn2.pokemon-gl.com/src/swf/theme/assets/global/parts/pokemon/scaled/bgeddifj.swf:
2013-09-12 07:47:22 ERROR 404: Not Found.
http://cdn2.pokemon-gl.com/src/swf/theme/assets/global/parts/pokemon/scaled/bgdgidcd.swf:
2013-09-12 07:47:22 ERROR 404: Not Found.
http://cdn2.pokemon-gl.com/src/swf/theme/assets/global/parts/pokemon/scaled/bgdachih.swf:
2013-09-12 07:47:22 ERROR 404: Not Found.
http://cdn2.pokemon-gl.com/src/swf/theme/assets/global/parts/pokemon/scaled/bghgbfdj.swf:
2013-09-12 07:47:23 ERROR 404: Not Found.
http://cdn2.pokemon-gl.com/src/swf/theme/assets/global/parts/pokemon/scaled/bggjgaad.swf:
2013-09-12 07:47:23 ERROR 404: Not Found.
http://cdn2.pokemon-gl.com/src/swf/theme/assets/global/parts/pokemon/scaled/bggdaegh.swf:
2013-09-12 07:47:23 ERROR 404: Not Found.
http://cdn2.pokemon-gl.com/src/swf/theme/assets/global/parts/pokemon/scaled/bgfgejdb.swf:
2013-09-12 07:47:23 ERROR 404: Not Found.
http://cdn2.pokemon-gl.com/src/swf/theme/assets/global/parts/pokemon/scaled/igdfahf.swf:
2013-09-12 07:47:24 ERROR 404: Not Found.
http://cdn2.pokemon-gl.com/src/swf/theme/assets/global/parts/pokemon/scaled/ifgjfdj.swf:
2013-09-12 07:47:24 ERROR 404: Not Found.
http://cdn2.pokemon-gl.com/src/swf/theme/assets/global/parts/pokemon/scaled/ifaeaad.swf:
2013-09-12 07:47:24 ERROR 404: Not Found.
http://cdn2.pokemon-gl.com/src/swf/theme/assets/global/parts/pokemon/scaled/iediegh.swf:
2013-09-12 07:47:25 ERROR 404: Not Found.
http://cdn2.pokemon-gl.com/src/swf/theme/assets/global/parts/pokemon/scaled/iijhcbj.swf:
2013-09-12 07:47:25 ERROR 404: Not Found.
http://cdn2.pokemon-gl.com/src/swf/theme/assets/global/parts/pokemon/scaled/iidbgid.swf:
2013-09-12 07:47:25 ERROR 404: Not Found.
http://cdn2.pokemon-gl.com/src/swf/theme/assets/global/parts/pokemon/scaled/ihggbeh.swf:
2013-09-12 07:47:26 ERROR 404: Not Found.
http://cdn2.pokemon-gl.com/src/swf/theme/assets/global/parts/pokemon/scaled/ihaagbb.swf:
2013-09-12 07:47:26 ERROR 404: Not Found.
http://cdn2.pokemon-gl.com/src/swf/theme/assets/global/parts/pokemon/scaled/jbfjdgd.swf:
2013-09-12 07:47:26 ERROR 404: Not Found.
http://cdn2.pokemon-gl.com/src/swf/theme/assets/global/parts/pokemon/scaled/jajdich.swf:
2013-09-12 07:47:27 ERROR 404: Not Found.
http://cdn2.pokemon-gl.com/src/swf/theme/assets/global/parts/pokemon/scaled/jacicjb.swf:
2013-09-12 07:47:27 ERROR 404: Not Found.
http://cdn2.pokemon-gl.com/src/swf/theme/assets/global/parts/pokemon/scaled/ijgchff.swf:
2013-09-12 07:47:27 ERROR 404: Not Found.
http://cdn2.pokemon-gl.com/src/swf/theme/assets/global/parts/pokemon/scaled/jecbfah.swf:
2013-09-12 07:47:27 ERROR 404: Not Found.
http://cdn2.pokemon-gl.com/src/swf/theme/assets/global/parts/pokemon/scaled/jdffjhb.swf:
2013-09-12 07:47:28 ERROR 404: Not Found.
http://cdn2.pokemon-gl.com/src/swf/theme/assets/global/parts/pokemon/scaled/jcjaedf.swf:
2013-09-12 07:47:28 ERROR 404: Not Found.
http://cdn2.pokemon-gl.com/src/swf/theme/assets/global/parts/pokemon/scaled/jcceijj.swf:
2013-09-12 07:47:28 ERROR 404: Not Found.
http://cdn2.pokemon-gl.com/src/swf/theme/assets/global/parts/pokemon/scaled/jgidgfb.swf:
2013-09-12 07:47:28 ERROR 404: Not Found.
http://cdn2.pokemon-gl.com/src/swf/theme/assets/global/parts/pokemon/scaled/jgbibbf.swf:
2013-09-12 07:47:29 ERROR 404: Not Found.
http://cdn2.pokemon-gl.com/src/swf/theme/assets/global/parts/pokemon/scaled/jffcfhj.swf:
2013-09-12 07:47:29 ERROR 404: Not Found.
http://cdn2.pokemon-gl.com/src/swf/theme/assets/global/parts/pokemon/scaled/jeihaed.swf:
2013-09-12 07:47:29 ERROR 404: Not Found.
http://cdn2.pokemon-gl.com/src/swf/theme/assets/global/parts/pokemon/scaled/jjefhjf.swf:
2013-09-12 07:47:30 ERROR 404: Not Found.
http://cdn2.pokemon-gl.com/src/swf/theme/assets/global/parts/pokemon/scaled/jiiacfj.swf:
2013-09-12 07:47:30 ERROR 404: Not Found.
http://cdn2.pokemon-gl.com/src/swf/theme/assets/global/parts/pokemon/scaled/jibehcd.swf:
2013-09-12 07:47:30 ERROR 404: Not Found.
http://cdn2.pokemon-gl.com/src/swf/theme/assets/global/parts/pokemon/scaled/jhejbih.swf:
2013-09-12 07:47:31 ERROR 404: Not Found.
http://cdn2.pokemon-gl.com/src/swf/theme/assets/global/parts/pokemon/scaled/bacahjdj.swf:
2013-09-12 07:47:31 ERROR 404: Not Found.
http://cdn2.pokemon-gl.com/src/swf/theme/assets/global/parts/pokemon/scaled/babecead.swf:
2013-09-12 07:47:31 ERROR 404: Not Found.
http://cdn2.pokemon-gl.com/src/swf/theme/assets/global/parts/pokemon/scaled/baahgigh.swf:
2013-09-12 07:47:31 ERROR 404: Not Found.
http://cdn2.pokemon-gl.com/src/swf/theme/assets/global/parts/pokemon/scaled/baabbddb.swf:
2013-09-12 07:47:32 ERROR 404: Not Found.
http://cdn2.pokemon-gl.com/src/swf/theme/assets/global/parts/pokemon/scaled/baehaaid.swf:
2013-09-12 07:47:32 ERROR 404: Not Found.
http://cdn2.pokemon-gl.com/src/swf/theme/assets/global/parts/pokemon/scaled/baeaefeh.swf:
2013-09-12 07:47:32 ERROR 404: Not Found.
http://cdn2.pokemon-gl.com/src/swf/theme/assets/global/parts/pokemon/scaled/baddjabb.swf:
2013-09-12 07:47:33 ERROR 404: Not Found.
http://cdn2.pokemon-gl.com/src/swf/theme/assets/global/parts/pokemon/scaled/bachdehf.swf:
2013-09-12 07:47:33 ERROR 404: Not Found.
http://cdn2.pokemon-gl.com/src/swf/theme/assets/global/parts/pokemon/scaled/bahdccch.swf:
2013-09-12 07:47:33 ERROR 404: Not Found.
http://cdn2.pokemon-gl.com/src/swf/theme/assets/global/parts/pokemon/scaled/baggggjb.swf:
2013-09-12 07:47:33 ERROR 404: Not Found.
http://cdn2.pokemon-gl.com/src/swf/theme/assets/global/parts/pokemon/scaled/bagabbff.swf:
2013-09-12 07:47:34 ERROR 404: Not Found.
http://cdn2.pokemon-gl.com/src/swf/theme/assets/global/parts/pokemon/scaled/bafdfgbj.swf:
2013-09-12 07:47:34 ERROR 404: Not Found.
http://cdn2.pokemon-gl.com/src/swf/theme/assets/global/parts/pokemon/scaled/bajjedhb.swf:
2013-09-12 07:47:34 ERROR 404: Not Found.
http://cdn2.pokemon-gl.com/src/swf/theme/assets/global/parts/pokemon/scaled/bajciidf.swf:
2013-09-12 07:47:35 ERROR 404: Not Found.
http://cdn2.pokemon-gl.com/src/swf/theme/assets/global/parts/pokemon/scaled/baigdcjj.swf:
2013-09-12 07:47:35 ERROR 404: Not Found.
http://cdn2.pokemon-gl.com/src/swf/theme/assets/global/parts/pokemon/scaled/bahjhhgd.swf:
2013-09-12 07:47:35 ERROR 404: Not Found.
http://cdn2.pokemon-gl.com/src/swf/theme/assets/global/parts/pokemon/scaled/bbcfgfbf.swf:
2013-09-12 07:47:35 ERROR 404: Not Found.
http://cdn2.pokemon-gl.com/src/swf/theme/assets/global/parts/pokemon/scaled/bbbjajhj.swf:
2013-09-12 07:47:36 ERROR 404: Not Found.
http://cdn2.pokemon-gl.com/src/swf/theme/assets/global/parts/pokemon/scaled/bbbcfeed.swf:
2013-09-12 07:47:36 ERROR 404: Not Found.
http://cdn2.pokemon-gl.com/src/swf/theme/assets/global/parts/pokemon/scaled/bbafjjah.swf:
2013-09-12 07:47:36 ERROR 404: Not Found.
http://cdn2.pokemon-gl.com/src/swf/theme/assets/global/parts/pokemon/scaled/bbfbigfj.swf:
2013-09-12 07:47:36 ERROR 404: Not Found.
http://cdn2.pokemon-gl.com/src/swf/theme/assets/global/parts/pokemon/scaled/bbefdbcd.swf:
2013-09-12 07:47:37 ERROR 404: Not Found.
http://cdn2.pokemon-gl.com/src/swf/theme/assets/global/parts/pokemon/scaled/bbdihfih.swf:
2013-09-12 07:47:37 ERROR 404: Not Found.
http://cdn2.pokemon-gl.com/src/swf/theme/assets/global/parts/pokemon/scaled/bbdccafb.swf:
2013-09-12 07:47:37 ERROR 404: Not Found.
http://cdn2.pokemon-gl.com/src/swf/theme/assets/global/parts/pokemon/scaled/bbhiaiad.swf:
2013-09-12 07:47:37 ERROR 404: Not Found.
http://cdn2.pokemon-gl.com/src/swf/theme/assets/global/parts/pokemon/scaled/bbhbfcgh.swf:
2013-09-12 07:47:37 ERROR 404: Not Found.
http://cdn2.pokemon-gl.com/src/swf/theme/assets/global/parts/pokemon/scaled/bbgejhdb.swf:
2013-09-12 07:47:38 ERROR 404: Not Found.
http://cdn2.pokemon-gl.com/src/swf/theme/assets/global/parts/pokemon/scaled/bbfiebjf.swf:
2013-09-12 07:47:38 ERROR 404: Not Found.
http://cdn2.pokemon-gl.com/src/swf/theme/assets/global/parts/pokemon/scaled/bcaecjeh.swf:
2013-09-12 07:47:38 ERROR 404: Not Found.
http://cdn2.pokemon-gl.com/src/swf/theme/assets/global/parts/pokemon/scaled/bbjhhebb.swf:
2013-09-12 07:47:38 ERROR 404: Not Found.
http://cdn2.pokemon-gl.com/src/swf/theme/assets/global/parts/pokemon/scaled/bbjbbihf.swf:
2013-09-12 07:47:38 ERROR 404: Not Found.
http://cdn2.pokemon-gl.com/src/swf/theme/assets/global/parts/pokemon/scaled/bbiegddj.swf:
2013-09-12 07:47:39 ERROR 404: Not Found.
http://cdn2.pokemon-gl.com/src/swf/theme/assets/global/parts/pokemon/scaled/bcdafajb.swf:
2013-09-12 07:47:39 ERROR 404: Not Found.
http://cdn2.pokemon-gl.com/src/swf/theme/assets/global/parts/pokemon/scaled/bccdjfff.swf:
2013-09-12 07:47:39 ERROR 404: Not Found.
http://cdn2.pokemon-gl.com/src/swf/theme/assets/global/parts/pokemon/scaled/bcbheabj.swf:
2013-09-12 07:47:39 ERROR 404: Not Found.
http://cdn2.pokemon-gl.com/src/swf/theme/assets/global/parts/pokemon/scaled/bcbaieid.swf:
2013-09-12 07:47:40 ERROR 404: Not Found.
http://cdn2.pokemon-gl.com/src/swf/theme/assets/global/parts/pokemon/scaled/bcfghcdf.swf:
2013-09-12 07:47:40 ERROR 404: Not Found.
http://cdn2.pokemon-gl.com/src/swf/theme/assets/global/parts/pokemon/scaled/bcfabgjj.swf:
2013-09-12 07:47:40 ERROR 404: Not Found.
http://cdn2.pokemon-gl.com/src/swf/theme/assets/global/parts/pokemon/scaled/bcedgbgd.swf:
2013-09-12 07:47:40 ERROR 404: Not Found.
http://cdn2.pokemon-gl.com/src/swf/theme/assets/global/parts/pokemon/scaled/bcdhagch.swf:
2013-09-12 07:47:41 ERROR 404: Not Found.
http://cdn2.pokemon-gl.com/src/swf/theme/assets/global/parts/pokemon/scaled/eeeahhb.swf:
2013-09-12 07:47:41 ERROR 404: Not Found.
http://cdn2.pokemon-gl.com/src/swf/theme/assets/global/parts/pokemon/scaled/edhfcdf.swf:
2013-09-12 07:47:41 ERROR 404: Not Found.
http://cdn2.pokemon-gl.com/src/swf/theme/assets/global/parts/pokemon/scaled/edajgjj.swf:
2013-09-12 07:47:41 ERROR 404: Not Found.
http://cdn2.pokemon-gl.com/src/swf/theme/assets/global/parts/pokemon/scaled/eceebgd.swf:
2013-09-12 07:47:41 ERROR 404: Not Found.
http://cdn2.pokemon-gl.com/src/swf/theme/assets/global/parts/pokemon/scaled/ehacjbf.swf:
2013-09-12 07:47:42 ERROR 404: Not Found.
http://cdn2.pokemon-gl.com/src/swf/theme/assets/global/parts/pokemon/scaled/egdhdhj.swf:
2013-09-12 07:47:42 ERROR 404: Not Found.
http://cdn2.pokemon-gl.com/src/swf/theme/assets/global/parts/pokemon/scaled/efhbied.swf:
2013-09-12 07:47:42 ERROR 404: Not Found.
http://cdn2.pokemon-gl.com/src/swf/theme/assets/global/parts/pokemon/scaled/efagdah.swf:
2013-09-12 07:47:43 ERROR 404: Not Found.
http://cdn2.pokemon-gl.com/src/swf/theme/assets/global/parts/pokemon/scaled/ejgfafj.swf:
2013-09-12 07:47:43 ERROR 404: Not Found.
http://cdn2.pokemon-gl.com/src/swf/theme/assets/global/parts/pokemon/scaled/eijjfcd.swf:
2013-09-12 07:47:43 ERROR 404: Not Found.
http://cdn2.pokemon-gl.com/src/swf/theme/assets/global/parts/pokemon/scaled/eiddjih.swf:
2013-09-12 07:47:44 ERROR 404: Not Found.
http://cdn2.pokemon-gl.com/src/swf/theme/assets/global/parts/pokemon/scaled/ehgiefb.swf:
2013-09-12 07:47:44 ERROR 404: Not Found.
http://cdn2.pokemon-gl.com/src/swf/theme/assets/global/parts/pokemon/scaled/fcchcad.swf:
2013-09-12 07:47:44 ERROR 404: Not Found.
http://cdn2.pokemon-gl.com/src/swf/theme/assets/global/parts/pokemon/scaled/fbgbggh.swf:
2013-09-12 07:47:44 ERROR 404: Not Found.
http://cdn2.pokemon-gl.com/src/swf/theme/assets/global/parts/pokemon/scaled/fajgbdb.swf:
2013-09-12 07:47:45 ERROR 404: Not Found.
http://cdn2.pokemon-gl.com/src/swf/theme/assets/global/parts/pokemon/scaled/fadafjf.swf:
2013-09-12 07:47:45 ERROR 404: Not Found.
http://cdn2.pokemon-gl.com/src/swf/theme/assets/global/parts/pokemon/scaled/feijdeh.swf:
2013-09-12 07:47:45 ERROR 404: Not Found.
http://cdn2.pokemon-gl.com/src/swf/theme/assets/global/parts/pokemon/scaled/fecdibb.swf:
2013-09-12 07:47:45 ERROR 404: Not Found.
http://cdn2.pokemon-gl.com/src/swf/theme/assets/global/parts/pokemon/scaled/fdfichf.swf:
2013-09-12 07:47:45 ERROR 404: Not Found.
http://cdn2.pokemon-gl.com/src/swf/theme/assets/global/parts/pokemon/scaled/fcjchdj.swf:
2013-09-12 07:47:46 ERROR 404: Not Found.
http://cdn2.pokemon-gl.com/src/swf/theme/assets/global/parts/pokemon/scaled/fhfbejb.swf:
2013-09-12 07:47:46 ERROR 404: Not Found.
http://cdn2.pokemon-gl.com/src/swf/theme/assets/global/parts/pokemon/scaled/fgifjff.swf:
2013-09-12 07:47:46 ERROR 404: Not Found.
http://cdn2.pokemon-gl.com/src/swf/theme/assets/global/parts/pokemon/scaled/fgcaebj.swf:
2013-09-12 07:47:47 ERROR 404: Not Found.
http://cdn2.pokemon-gl.com/src/swf/theme/assets/global/parts/pokemon/scaled/fffeiid.swf:
2013-09-12 07:47:47 ERROR 404: Not Found.
http://cdn2.pokemon-gl.com/src/swf/theme/assets/global/parts/pokemon/scaled/gabdgdf.swf:
2013-09-12 07:47:47 ERROR 404: Not Found.
http://cdn2.pokemon-gl.com/src/swf/theme/assets/global/parts/pokemon/scaled/fjeiajj.swf:
2013-09-12 07:47:47 ERROR 404: Not Found.
http://cdn2.pokemon-gl.com/src/swf/theme/assets/global/parts/pokemon/scaled/fiicfgd.swf:
2013-09-12 07:47:48 ERROR 404: Not Found.
http://cdn2.pokemon-gl.com/src/swf/theme/assets/global/parts/pokemon/scaled/fibhach.swf:
2013-09-12 07:47:48 ERROR 404: Not Found.
http://cdn2.pokemon-gl.com/src/swf/theme/assets/global/parts/pokemon/scaled/gchfhhj.swf:
2013-09-12 07:47:48 ERROR 404: Not Found.
http://cdn2.pokemon-gl.com/src/swf/theme/assets/global/parts/pokemon/scaled/gcbaced.swf:
2013-09-12 07:47:49 ERROR 404: Not Found.
http://cdn2.pokemon-gl.com/src/swf/theme/assets/global/parts/pokemon/scaled/gbeehah.swf:
2013-09-12 07:47:49 ERROR 404: Not Found.
http://cdn2.pokemon-gl.com/src/swf/theme/assets/global/parts/pokemon/scaled/gahjbhb.swf:
2013-09-12 07:47:49 ERROR 404: Not Found.
http://cdn2.pokemon-gl.com/src/swf/theme/assets/global/parts/pokemon/scaled/gfdhjcd.swf:
2013-09-12 07:47:50 ERROR 404: Not Found.
http://cdn2.pokemon-gl.com/src/swf/theme/assets/global/parts/pokemon/scaled/gehcdih.swf:
2013-09-12 07:47:50 ERROR 404: Not Found.
http://cdn2.pokemon-gl.com/src/swf/theme/assets/global/parts/pokemon/scaled/geagifb.swf:
2013-09-12 07:47:50 ERROR 404: Not Found.
http://cdn2.pokemon-gl.com/src/swf/theme/assets/global/parts/pokemon/scaled/gdebdbf.swf:
2013-09-12 07:47:51 ERROR 404: Not Found.
http://cdn2.pokemon-gl.com/src/swf/theme/assets/global/parts/pokemon/scaled/giaaagh.swf:
2013-09-12 07:47:51 ERROR 404: Not Found.
http://cdn2.pokemon-gl.com/src/swf/theme/assets/global/parts/pokemon/scaled/ghdefdb.swf:
2013-09-12 07:47:51 ERROR 404: Not Found.
http://cdn2.pokemon-gl.com/src/swf/theme/assets/global/parts/pokemon/scaled/gggijjf.swf:
2013-09-12 07:47:52 ERROR 404: Not Found.
http://cdn2.pokemon-gl.com/src/swf/theme/assets/global/parts/pokemon/scaled/ggadefj.swf:
2013-09-12 07:47:52 ERROR 404: Not Found.
http://cdn2.pokemon-gl.com/src/swf/theme/assets/global/parts/pokemon/scaled/hagccbb.swf:
2013-09-12 07:47:52 ERROR 404: Not Found.
http://cdn2.pokemon-gl.com/src/swf/theme/assets/global/parts/pokemon/scaled/gjjgghf.swf:
2013-09-12 07:47:52 ERROR 404: Not Found.
http://cdn2.pokemon-gl.com/src/swf/theme/assets/global/parts/pokemon/scaled/gjdbbdj.swf:
2013-09-12 07:47:53 ERROR 404: Not Found.
http://cdn2.pokemon-gl.com/src/swf/theme/assets/global/parts/pokemon/scaled/gigfgad.swf:
2013-09-12 07:47:53 ERROR 404: Not Found.
http://cdn2.pokemon-gl.com/src/swf/theme/assets/global/parts/pokemon/scaled/hdcedff.swf:
2013-09-12 07:47:53 ERROR 404: Not Found.
http://cdn2.pokemon-gl.com/src/swf/theme/assets/global/parts/pokemon/scaled/hcfiibj.swf:
2013-09-12 07:47:53 ERROR 404: Not Found.
http://cdn2.pokemon-gl.com/src/swf/theme/assets/global/parts/pokemon/scaled/hbjdcid.swf:
2013-09-12 07:47:54 ERROR 404: Not Found.
http://cdn2.pokemon-gl.com/src/swf/theme/assets/global/parts/pokemon/scaled/hbchheh.swf:
2013-09-12 07:47:54 ERROR 404: Not Found.
http://cdn2.pokemon-gl.com/src/swf/theme/assets/global/parts/pokemon/scaled/hfigejj.swf:
2013-09-12 07:47:54 ERROR 404: Not Found.
http://cdn2.pokemon-gl.com/src/swf/theme/assets/global/parts/pokemon/scaled/hfcajgd.swf:
2013-09-12 07:47:55 ERROR 404: Not Found.
http://cdn2.pokemon-gl.com/src/swf/theme/assets/global/parts/pokemon/scaled/heffech.swf:
2013-09-12 07:47:55 ERROR 404: Not Found.
http://cdn2.pokemon-gl.com/src/swf/theme/assets/global/parts/pokemon/scaled/hdijijb.swf:
2013-09-12 07:47:55 ERROR 404: Not Found.
http://cdn2.pokemon-gl.com/src/swf/theme/assets/global/parts/pokemon/scaled/hieiged.swf:
2013-09-12 07:47:55 ERROR 404: Not Found.
http://cdn2.pokemon-gl.com/src/swf/theme/assets/global/parts/pokemon/scaled/hhidbah.swf:
2013-09-12 07:47:56 ERROR 404: Not Found.
http://cdn2.pokemon-gl.com/src/swf/theme/assets/global/parts/pokemon/scaled/hhbhfhb.swf:
2013-09-12 07:47:56 ERROR 404: Not Found.
http://cdn2.pokemon-gl.com/src/swf/theme/assets/global/parts/pokemon/scaled/hgfcadf.swf:
2013-09-12 07:47:56 ERROR 404: Not Found.
http://cdn2.pokemon-gl.com/src/swf/theme/assets/global/parts/pokemon/scaled/ibbahih.swf:
2013-09-12 07:47:57 ERROR 404: Not Found.
http://cdn2.pokemon-gl.com/src/swf/theme/assets/global/parts/pokemon/scaled/iaefcfb.swf:
2013-09-12 07:47:57 ERROR 404: Not Found.
http://cdn2.pokemon-gl.com/src/swf/theme/assets/global/parts/pokemon/scaled/hjhjhbf.swf:
2013-09-12 07:47:57 ERROR 404: Not Found.
http://cdn2.pokemon-gl.com/src/swf/theme/assets/global/parts/pokemon/scaled/hjbebhj.swf:
2013-09-12 07:47:58 ERROR 404: Not Found.
http://cdn2.pokemon-gl.com/src/swf/theme/assets/global/parts/pokemon/scaled/idhcjdb.swf:
2013-09-12 07:47:58 ERROR 404: Not Found.
http://cdn2.pokemon-gl.com/src/swf/theme/assets/global/parts/pokemon/scaled/idahdjf.swf:
2013-09-12 07:47:58 ERROR 404: Not Found.
http://cdn2.pokemon-gl.com/src/swf/theme/assets/global/parts/pokemon/scaled/icebifj.swf:
2013-09-12 07:47:58 ERROR 404: Not Found.
http://cdn2.pokemon-gl.com/src/swf/theme/assets/global/parts/pokemon/scaled/ibhgdcd.swf:
2013-09-12 07:47:59 ERROR 404: Not Found.
http://cdn2.pokemon-gl.com/src/swf/theme/assets/global/parts/pokemon/scaled/cegegh.swf:
2013-09-12 07:47:59 ERROR 404: Not Found.
http://cdn2.pokemon-gl.com/src/swf/theme/assets/global/parts/pokemon/scaled/biajdb.swf:
2013-09-12 07:47:59 ERROR 404: Not Found.
http://cdn2.pokemon-gl.com/src/swf/theme/assets/global/parts/pokemon/scaled/bbfdjf.swf:
2013-09-12 07:48:00 ERROR 404: Not Found.
http://cdn2.pokemon-gl.com/src/swf/theme/assets/global/parts/pokemon/scaled/ejifj.swf:
2013-09-12 07:48:00 ERROR 404: Not Found.
http://cdn2.pokemon-gl.com/src/swf/theme/assets/global/parts/pokemon/scaled/faigbb.swf:
2013-09-12 07:48:00 ERROR 404: Not Found.
http://cdn2.pokemon-gl.com/src/swf/theme/assets/global/parts/pokemon/scaled/eedahf.swf:
2013-09-12 07:48:00 ERROR 404: Not Found.
http://cdn2.pokemon-gl.com/src/swf/theme/assets/global/parts/pokemon/scaled/dhhfdj.swf:
2013-09-12 07:48:01 ERROR 404: Not Found.
http://cdn2.pokemon-gl.com/src/swf/theme/assets/global/parts/pokemon/scaled/dbcaad.swf:
2013-09-12 07:48:01 ERROR 404: Not Found.
http://cdn2.pokemon-gl.com/src/swf/theme/assets/global/parts/pokemon/scaled/hhahff.swf:
2013-09-12 07:48:01 ERROR 404: Not Found.
http://cdn2.pokemon-gl.com/src/swf/theme/assets/global/parts/pokemon/scaled/hbcged.swf:
2013-09-12 07:48:02 ERROR 404: Not Found.
http://cdn2.pokemon-gl.com/src/swf/theme/assets/global/parts/pokemon/scaled/gdjgid.swf:
2013-09-12 07:48:02 ERROR 404: Not Found.
http://cdn2.pokemon-gl.com/src/swf/theme/assets/global/parts/pokemon/scaled/fhebeh.swf:
2013-09-12 07:48:02 ERROR 404: Not Found.
http://cdn2.pokemon-gl.com/src/swf/theme/assets/global/parts/pokemon/scaled/badcijj.swf:
2013-09-12 07:48:02 ERROR 404: Not Found.
http://cdn2.pokemon-gl.com/src/swf/theme/assets/global/parts/pokemon/scaled/jghdgd.swf:
2013-09-12 07:48:03 ERROR 404: Not Found.
http://cdn2.pokemon-gl.com/src/swf/theme/assets/global/parts/pokemon/scaled/jabich.swf:
2013-09-12 07:48:03 ERROR 404: Not Found.
http://cdn2.pokemon-gl.com/src/swf/theme/assets/global/parts/pokemon/scaled/idgcjb.swf:
2013-09-12 07:48:03 ERROR 404: Not Found.
http://cdn2.pokemon-gl.com/src/swf/theme/assets/global/parts/pokemon/scaled/bcjfaed.swf:
2013-09-12 07:48:04 ERROR 404: Not Found.
http://cdn2.pokemon-gl.com/src/swf/theme/assets/global/parts/pokemon/scaled/bccjfah.swf:
2013-09-12 07:48:04 ERROR 404: Not Found.
http://cdn2.pokemon-gl.com/src/swf/theme/assets/global/parts/pokemon/scaled/bbgdjhb.swf:
2013-09-12 07:48:04 ERROR 404: Not Found.
http://cdn2.pokemon-gl.com/src/swf/theme/assets/global/parts/pokemon/scaled/bajiedf.swf:
2013-09-12 07:48:05 ERROR 404: Not Found.
http://cdn2.pokemon-gl.com/src/swf/theme/assets/global/parts/pokemon/scaled/bffhbih.swf:
2013-09-12 07:48:05 ERROR 404: Not Found.
http://cdn2.pokemon-gl.com/src/swf/theme/assets/global/parts/pokemon/scaled/bejbgfb.swf:
2013-09-12 07:48:05 ERROR 404: Not Found.
http://cdn2.pokemon-gl.com/src/swf/theme/assets/global/parts/pokemon/scaled/becgbbf.swf:
2013-09-12 07:48:05 ERROR 404: Not Found.
http://cdn2.pokemon-gl.com/src/swf/theme/assets/global/parts/pokemon/scaled/bdgafhj.swf:
2013-09-12 07:48:06 ERROR 404: Not Found.
http://cdn2.pokemon-gl.com/src/swf/theme/assets/global/parts/pokemon/scaled/bibjddb.swf:
2013-09-12 07:48:06 ERROR 404: Not Found.
http://cdn2.pokemon-gl.com/src/swf/theme/assets/global/parts/pokemon/scaled/bhfdhjf.swf:
2013-09-12 07:48:06 ERROR 404: Not Found.
http://cdn2.pokemon-gl.com/src/swf/theme/assets/global/parts/pokemon/scaled/bgiicfj.swf:
2013-09-12 07:48:07 ERROR 404: Not Found.
http://cdn2.pokemon-gl.com/src/swf/theme/assets/global/parts/pokemon/scaled/bgcchcd.swf:
2013-09-12 07:48:07 ERROR 404: Not Found.
http://cdn2.pokemon-gl.com/src/swf/theme/assets/global/parts/pokemon/scaled/caibehf.swf:
2013-09-12 07:48:07 ERROR 404: Not Found.
http://cdn2.pokemon-gl.com/src/swf/theme/assets/global/parts/pokemon/scaled/cabfjdj.swf:
2013-09-12 07:48:07 ERROR 404: Not Found.
http://cdn2.pokemon-gl.com/src/swf/theme/assets/global/parts/pokemon/scaled/bjfaead.swf:
2013-09-12 07:48:08 ERROR 404: Not Found.
http://cdn2.pokemon-gl.com/src/swf/theme/assets/global/parts/pokemon/scaled/biieigh.swf:
2013-09-12 07:48:08 ERROR 404: Not Found.
http://cdn2.pokemon-gl.com/src/swf/theme/assets/global/parts/pokemon/scaled/cdedgbj.swf:
2013-09-12 07:48:08 ERROR 404: Not Found.
http://cdn2.pokemon-gl.com/src/swf/theme/assets/global/parts/pokemon/scaled/cchiaid.swf:
2013-09-12 07:48:09 ERROR 404: Not Found.
http://cdn2.pokemon-gl.com/src/swf/theme/assets/global/parts/pokemon/scaled/ccbcfeh.swf:
2013-09-12 07:48:09 ERROR 404: Not Found.
http://cdn2.pokemon-gl.com/src/swf/theme/assets/global/parts/pokemon/scaled/cbehabb.swf:
2013-09-12 07:48:09 ERROR 404: Not Found.
http://cdn2.pokemon-gl.com/src/swf/theme/assets/global/parts/pokemon/scaled/cgafhgd.swf:
2013-09-12 07:48:10 ERROR 404: Not Found.
http://cdn2.pokemon-gl.com/src/swf/theme/assets/global/parts/pokemon/scaled/cfeacch.swf:
2013-09-12 07:48:10 ERROR 404: Not Found.
http://cdn2.pokemon-gl.com/src/swf/theme/assets/global/parts/pokemon/scaled/cehegjb.swf:
2013-09-12 07:48:10 ERROR 404: Not Found.
http://cdn2.pokemon-gl.com/src/swf/theme/assets/global/parts/pokemon/scaled/ceajbff.swf:
2013-09-12 07:48:11 ERROR 404: Not Found.
http://cdn2.pokemon-gl.com/src/swf/theme/assets/global/parts/pokemon/scaled/cighjah.swf:
2013-09-12 07:48:11 ERROR 404: Not Found.
http://cdn2.pokemon-gl.com/src/swf/theme/assets/global/parts/pokemon/scaled/ciacdhb.swf:
2013-09-12 07:48:11 ERROR 404: Not Found.
http://cdn2.pokemon-gl.com/src/swf/theme/assets/global/parts/pokemon/scaled/chdgidf.swf:
2013-09-12 07:48:12 ERROR 404: Not Found.
http://cdn2.pokemon-gl.com/src/swf/theme/assets/global/parts/pokemon/scaled/cghbcjj.swf:
2013-09-12 07:48:12 ERROR 404: Not Found.
http://cdn2.pokemon-gl.com/src/swf/theme/assets/global/parts/pokemon/scaled/dbdaafb.swf:
2013-09-12 07:48:12 ERROR 404: Not Found.
http://cdn2.pokemon-gl.com/src/swf/theme/assets/global/parts/pokemon/scaled/dagefbf.swf:
2013-09-12 07:48:12 ERROR 404: Not Found.
http://cdn2.pokemon-gl.com/src/swf/theme/assets/global/parts/pokemon/scaled/cjjijhj.swf:
2013-09-12 07:48:13 ERROR 404: Not Found.
http://cdn2.pokemon-gl.com/src/swf/theme/assets/global/parts/pokemon/scaled/cjddeed.swf:
2013-09-12 07:48:13 ERROR 404: Not Found.
http://cdn2.pokemon-gl.com/src/swf/theme/assets/global/parts/pokemon/scaled/ddjcbjf.swf:
2013-09-12 07:48:13 ERROR 404: Not Found.
http://cdn2.pokemon-gl.com/src/swf/theme/assets/global/parts/pokemon/scaled/ddcggfj.swf:
2013-09-12 07:48:13 ERROR 404: Not Found.
http://cdn2.pokemon-gl.com/src/swf/theme/assets/global/parts/pokemon/scaled/dcgbbcd.swf:
2013-09-12 07:48:14 ERROR 404: Not Found.
http://cdn2.pokemon-gl.com/src/swf/theme/assets/global/parts/pokemon/scaled/dbjffih.swf:
2013-09-12 07:48:14 ERROR 404: Not Found.
http://cdn2.pokemon-gl.com/src/swf/theme/assets/global/parts/pokemon/scaled/dgfeddj.swf:
2013-09-12 07:48:14 ERROR 404: Not Found.
http://cdn2.pokemon-gl.com/src/swf/theme/assets/global/parts/pokemon/scaled/dfiiiad.swf:
2013-09-12 07:48:15 ERROR 404: Not Found.
http://cdn2.pokemon-gl.com/src/swf/theme/assets/global/parts/pokemon/scaled/dfcdcgh.swf:
2013-09-12 07:48:15 ERROR 404: Not Found.
http://cdn2.pokemon-gl.com/src/swf/theme/assets/global/parts/pokemon/scaled/defhhdb.swf:
2013-09-12 07:48:15 ERROR 404: Not Found.
http://cdn2.pokemon-gl.com/src/swf/theme/assets/global/parts/pokemon/scaled/djbgeid.swf:
2013-09-12 07:48:15 ERROR 404: Not Found.
http://cdn2.pokemon-gl.com/src/swf/theme/assets/global/parts/pokemon/scaled/difajeh.swf:
2013-09-12 07:48:16 ERROR 404: Not Found.
http://cdn2.pokemon-gl.com/src/swf/theme/assets/global/parts/pokemon/scaled/dhifebb.swf:
2013-09-12 07:48:16 ERROR 404: Not Found.
http://cdn2.pokemon-gl.com/src/swf/theme/assets/global/parts/pokemon/scaled/dhbjihf.swf:
2013-09-12 07:48:16 ERROR 404: Not Found.
http://cdn2.pokemon-gl.com/src/swf/theme/assets/global/parts/pokemon/scaled/ebhigch.swf:
2013-09-12 07:48:17 ERROR 404: Not Found.
http://cdn2.pokemon-gl.com/src/swf/theme/assets/global/parts/pokemon/scaled/ebbdajb.swf:
2013-09-12 07:48:17 ERROR 404: Not Found.
http://cdn2.pokemon-gl.com/src/swf/theme/assets/global/parts/pokemon/scaled/eaehfff.swf:
2013-09-12 07:48:17 ERROR 404: Not Found.
http://cdn2.pokemon-gl.com/src/swf/theme/assets/global/parts/pokemon/scaled/djicabj.swf:
2013-09-12 07:48:18 ERROR 404: Not Found.
http://cdn2.pokemon-gl.com/src/swf/theme/assets/global/parts/pokemon/scaled/cjgagfjf.swf:
2013-09-12 07:48:18 ERROR 404: Not Found.
http://cdn2.pokemon-gl.com/src/swf/theme/assets/global/parts/pokemon/scaled/cjfebafj.swf:
2013-09-12 07:48:18 ERROR 404: Not Found.
http://cdn2.pokemon-gl.com/src/swf/theme/assets/global/parts/pokemon/scaled/cjehffcd.swf:
2013-09-12 07:48:19 ERROR 404: Not Found.
http://cdn2.pokemon-gl.com/src/swf/theme/assets/global/parts/pokemon/scaled/cjeajjih.swf:
2013-09-12 07:48:19 ERROR 404: Not Found.
http://cdn2.pokemon-gl.com/src/swf/theme/assets/global/parts/pokemon/scaled/cjigihdj.swf:
2013-09-12 07:48:19 ERROR 404: Not Found.
http://cdn2.pokemon-gl.com/src/swf/theme/assets/global/parts/pokemon/scaled/cjiadcad.swf:
2013-09-12 07:48:20 ERROR 404: Not Found.
http://cdn2.pokemon-gl.com/src/swf/theme/assets/global/parts/pokemon/scaled/cjhdhggh.swf:
2013-09-12 07:48:20 ERROR 404: Not Found.
http://cdn2.pokemon-gl.com/src/swf/theme/assets/global/parts/pokemon/scaled/cjghcbdb.swf:
2013-09-12 07:48:20 ERROR 404: Not Found.
http://cdn2.pokemon-gl.com/src/swf/theme/assets/global/parts/pokemon/scaled/dabdaiid.swf:
2013-09-12 07:48:20 ERROR 404: Not Found.
http://cdn2.pokemon-gl.com/src/swf/theme/assets/global/parts/pokemon/scaled/daagfdeh.swf:
2013-09-12 07:48:21 ERROR 404: Not Found.
http://cdn2.pokemon-gl.com/src/swf/theme/assets/global/parts/pokemon/scaled/cjjjjibb.swf:
2013-09-12 07:48:21 ERROR 404: Not Found.
http://cdn2.pokemon-gl.com/src/swf/theme/assets/global/parts/pokemon/scaled/cjjdechf.swf:
2013-09-12 07:48:21 ERROR 404: Not Found.
http://cdn2.pokemon-gl.com/src/swf/theme/assets/global/parts/pokemon/scaled/dadjdach.swf:
2013-09-12 07:48:21 ERROR 404: Not Found.
http://cdn2.pokemon-gl.com/src/swf/theme/assets/global/parts/pokemon/scaled/dadchejb.swf:
2013-09-12 07:48:22 ERROR 404: Not Found.
http://cdn2.pokemon-gl.com/src/swf/theme/assets/global/parts/pokemon/scaled/dacgbjff.swf:
2013-09-12 07:48:22 ERROR 404: Not Found.
http://cdn2.pokemon-gl.com/src/swf/theme/assets/global/parts/pokemon/scaled/dabjgebj.swf:
2013-09-12 07:48:22 ERROR 404: Not Found.
http://cdn2.pokemon-gl.com/src/swf/theme/assets/global/parts/pokemon/scaled/dagffbhb.swf:
2013-09-12 07:48:22 ERROR 404: Not Found.
http://cdn2.pokemon-gl.com/src/swf/theme/assets/global/parts/pokemon/scaled/dafijgdf.swf:
2013-09-12 07:48:23 ERROR 404: Not Found.
http://cdn2.pokemon-gl.com/src/swf/theme/assets/global/parts/pokemon/scaled/dafceajj.swf:
2013-09-12 07:48:23 ERROR 404: Not Found.
http://cdn2.pokemon-gl.com/src/swf/theme/assets/global/parts/pokemon/scaled/daefifgd.swf:
2013-09-12 07:48:23 ERROR 404: Not Found.
http://cdn2.pokemon-gl.com/src/swf/theme/assets/global/parts/pokemon/scaled/dajbhdbf.swf:
2013-09-12 07:48:24 ERROR 404: Not Found.
http://cdn2.pokemon-gl.com/src/swf/theme/assets/global/parts/pokemon/scaled/daifbhhj.swf:
2013-09-12 07:48:24 ERROR 404: Not Found.
http://cdn2.pokemon-gl.com/src/swf/theme/assets/global/parts/pokemon/scaled/dahigced.swf:
2013-09-12 07:48:24 ERROR 404: Not Found.
http://cdn2.pokemon-gl.com/src/swf/theme/assets/global/parts/pokemon/scaled/dahcahah.swf:
2013-09-12 07:48:24 ERROR 404: Not Found.
http://cdn2.pokemon-gl.com/src/swf/theme/assets/global/parts/pokemon/scaled/dbbhjefj.swf:
2013-09-12 07:48:25 ERROR 404: Not Found.
http://cdn2.pokemon-gl.com/src/swf/theme/assets/global/parts/pokemon/scaled/dbbbdjcd.swf:
2013-09-12 07:48:25 ERROR 404: Not Found.
http://cdn2.pokemon-gl.com/src/swf/theme/assets/global/parts/pokemon/scaled/dbaeidih.swf:
2013-09-12 07:48:25 ERROR 404: Not Found.
http://cdn2.pokemon-gl.com/src/swf/theme/assets/global/parts/pokemon/scaled/dajicifb.swf:
2013-09-12 07:48:26 ERROR 404: Not Found.
http://cdn2.pokemon-gl.com/src/swf/theme/assets/global/parts/pokemon/scaled/dbeebgad.swf:
2013-09-12 07:48:26 ERROR 404: Not Found.
http://cdn2.pokemon-gl.com/src/swf/theme/assets/global/parts/pokemon/scaled/dbdhgagh.swf:
2013-09-12 07:48:26 ERROR 404: Not Found.
http://cdn2.pokemon-gl.com/src/swf/theme/assets/global/parts/pokemon/scaled/dbdbafdb.swf:
2013-09-12 07:48:27 ERROR 404: Not Found.
http://cdn2.pokemon-gl.com/src/swf/theme/assets/global/parts/pokemon/scaled/dbceejjf.swf:
2013-09-12 07:48:27 ERROR 404: Not Found.
http://cdn2.pokemon-gl.com/src/swf/theme/assets/global/parts/pokemon/scaled/dbhadheh.swf:
2013-09-12 07:48:27 ERROR 404: Not Found.
http://cdn2.pokemon-gl.com/src/swf/theme/assets/global/parts/pokemon/scaled/dbgdicbb.swf:
2013-09-12 07:48:27 ERROR 404: Not Found.
http://cdn2.pokemon-gl.com/src/swf/theme/assets/global/parts/pokemon/scaled/dbfhcghf.swf:
2013-09-12 07:48:28 ERROR 404: Not Found.
http://cdn2.pokemon-gl.com/src/swf/theme/assets/global/parts/pokemon/scaled/dbfahbdj.swf:
2013-09-12 07:48:28 ERROR 404: Not Found.
http://cdn2.pokemon-gl.com/src/swf/theme/assets/global/parts/pokemon/scaled/dbjgfijb.swf:
2013-09-12 07:48:28 ERROR 404: Not Found.
http://cdn2.pokemon-gl.com/src/swf/theme/assets/global/parts/pokemon/scaled/dbjaadff.swf:
2013-09-12 07:48:29 ERROR 404: Not Found.
http://cdn2.pokemon-gl.com/src/swf/theme/assets/global/parts/pokemon/scaled/dbideibj.swf:
2013-09-12 07:48:29 ERROR 404: Not Found.
http://cdn2.pokemon-gl.com/src/swf/theme/assets/global/parts/pokemon/scaled/dbhgjcid.swf:
2013-09-12 07:48:29 ERROR 404: Not Found.
http://cdn2.pokemon-gl.com/src/swf/theme/assets/global/parts/pokemon/scaled/dccciadf.swf:
2013-09-12 07:48:30 ERROR 404: Not Found.
http://cdn2.pokemon-gl.com/src/swf/theme/assets/global/parts/pokemon/scaled/dcbgcejj.swf:
2013-09-12 07:48:30 ERROR 404: Not Found.
http://cdn2.pokemon-gl.com/src/swf/theme/assets/global/parts/pokemon/scaled/dcajgjgd.swf:
2013-09-12 07:48:30 ERROR 404: Not Found.
http://cdn2.pokemon-gl.com/src/swf/theme/assets/global/parts/pokemon/scaled/dcadbech.swf:
2013-09-12 07:48:30 ERROR 404: Not Found.
http://cdn2.pokemon-gl.com/src/swf/theme/assets/global/parts/pokemon/scaled/dcejabhj.swf:
2013-09-12 07:48:31 ERROR 404: Not Found.
http://cdn2.pokemon-gl.com/src/swf/theme/assets/global/parts/pokemon/scaled/dceceged.swf:
2013-09-12 07:48:31 ERROR 404: Not Found.
http://cdn2.pokemon-gl.com/src/swf/theme/assets/global/parts/pokemon/scaled/dcdfjbah.swf:
2013-09-12 07:48:31 ERROR 404: Not Found.
http://cdn2.pokemon-gl.com/src/swf/theme/assets/global/parts/pokemon/scaled/dccjdfhb.swf:
2013-09-12 07:48:32 ERROR 404: Not Found.
http://cdn2.pokemon-gl.com/src/swf/theme/assets/global/parts/pokemon/scaled/dchfcdcd.swf:
2013-09-12 07:48:32 ERROR 404: Not Found.
http://cdn2.pokemon-gl.com/src/swf/theme/assets/global/parts/pokemon/scaled/dcgighih.swf:
2013-09-12 07:48:32 ERROR 404: Not Found.
http://cdn2.pokemon-gl.com/src/swf/theme/assets/global/parts/pokemon/scaled/dcgcbcfb.swf:
2013-09-12 07:48:33 ERROR 404: Not Found.
http://cdn2.pokemon-gl.com/src/swf/theme/assets/global/parts/pokemon/scaled/dcfffhbf.swf:
2013-09-12 07:48:33 ERROR 404: Not Found.
http://cdn2.pokemon-gl.com/src/swf/theme/assets/global/parts/pokemon/scaled/ddabeegh.swf:
2013-09-12 07:48:33 ERROR 404: Not Found.
http://cdn2.pokemon-gl.com/src/swf/theme/assets/global/parts/pokemon/scaled/dcjeijdb.swf:
2013-09-12 07:48:34 ERROR 404: Not Found.
http://cdn2.pokemon-gl.com/src/swf/theme/assets/global/parts/pokemon/scaled/dciiddjf.swf:
2013-09-12 07:48:34 ERROR 404: Not Found.
http://cdn2.pokemon-gl.com/src/swf/theme/assets/global/parts/pokemon/scaled/dcibhifj.swf:
2013-09-12 07:48:34 ERROR 404: Not Found.
http://cdn2.pokemon-gl.com/src/swf/theme/assets/global/parts/pokemon/scaled/ddchggbb.swf:
2013-09-12 07:48:35 ERROR 404: Not Found.
http://cdn2.pokemon-gl.com/src/swf/theme/assets/global/parts/pokemon/scaled/ddcbbahf.swf:
2013-09-12 07:48:35 ERROR 404: Not Found.
http://cdn2.pokemon-gl.com/src/swf/theme/assets/global/parts/pokemon/scaled/ddbeffdj.swf:
2013-09-12 07:48:35 ERROR 404: Not Found.
http://cdn2.pokemon-gl.com/src/swf/theme/assets/global/parts/pokemon/scaled/ddaiaaad.swf:
2013-09-12 07:48:35 ERROR 404: Not Found.
http://cdn2.pokemon-gl.com/src/swf/theme/assets/global/parts/pokemon/scaled/ddfdihff.swf:
2013-09-12 07:48:36 ERROR 404: Not Found.
http://cdn2.pokemon-gl.com/src/swf/theme/assets/global/parts/pokemon/scaled/ddehdcbj.swf:
2013-09-12 07:48:36 ERROR 404: Not Found.
http://cdn2.pokemon-gl.com/src/swf/theme/assets/global/parts/pokemon/scaled/ddeahgid.swf:
2013-09-12 07:48:36 ERROR 404: Not Found.
http://cdn2.pokemon-gl.com/src/swf/theme/assets/global/parts/pokemon/scaled/dddecbeh.swf:
2013-09-12 07:48:36 ERROR 404: Not Found.
http://cdn2.pokemon-gl.com/src/swf/theme/assets/global/parts/pokemon/scaled/cfebccjb.swf:
2013-09-12 07:48:37 ERROR 404: Not Found.
http://cdn2.pokemon-gl.com/src/swf/theme/assets/global/parts/pokemon/scaled/cfdeghff.swf:
2013-09-12 07:48:37 ERROR 404: Not Found.
http://cdn2.pokemon-gl.com/src/swf/theme/assets/global/parts/pokemon/scaled/cfcibcbj.swf:
2013-09-12 07:48:37 ERROR 404: Not Found.
http://cdn2.pokemon-gl.com/src/swf/theme/assets/global/parts/pokemon/scaled/cfcbfgid.swf:
2013-09-12 07:48:38 ERROR 404: Not Found.
http://cdn2.pokemon-gl.com/src/swf/theme/assets/global/parts/pokemon/scaled/cfgheedf.swf:
2013-09-12 07:48:38 ERROR 404: Not Found.
http://cdn2.pokemon-gl.com/src/swf/theme/assets/global/parts/pokemon/scaled/cfgaiijj.swf:
2013-09-12 07:48:38 ERROR 404: Not Found.
http://cdn2.pokemon-gl.com/src/swf/theme/assets/global/parts/pokemon/scaled/cffeddgd.swf:
2013-09-12 07:48:38 ERROR 404: Not Found.
http://cdn2.pokemon-gl.com/src/swf/theme/assets/global/parts/pokemon/scaled/cfehhich.swf:
2013-09-12 07:48:39 ERROR 404: Not Found.
http://cdn2.pokemon-gl.com/src/swf/theme/assets/global/parts/pokemon/scaled/cfjdgfhj.swf:
2013-09-12 07:48:39 ERROR 404: Not Found.
http://cdn2.pokemon-gl.com/src/swf/theme/assets/global/parts/pokemon/scaled/cfihbaed.swf:
2013-09-12 07:48:39 ERROR 404: Not Found.
http://cdn2.pokemon-gl.com/src/swf/theme/assets/global/parts/pokemon/scaled/cfiaffah.swf:
2013-09-12 07:48:39 ERROR 404: Not Found.
http://cdn2.pokemon-gl.com/src/swf/theme/assets/global/parts/pokemon/scaled/cfhdjjhb.swf:
2013-09-12 07:48:40 ERROR 404: Not Found.
http://cdn2.pokemon-gl.com/src/swf/theme/assets/global/parts/pokemon/scaled/cgbjihcd.swf:
2013-09-12 07:48:40 ERROR 404: Not Found.
http://cdn2.pokemon-gl.com/src/swf/theme/assets/global/parts/pokemon/scaled/cgbddbih.swf:
2013-09-12 07:48:40 ERROR 404: Not Found.
http://cdn2.pokemon-gl.com/src/swf/theme/assets/global/parts/pokemon/scaled/cgaghgfb.swf:
2013-09-12 07:48:41 ERROR 404: Not Found.
http://cdn2.pokemon-gl.com/src/swf/theme/assets/global/parts/pokemon/scaled/cgaacbbf.swf:
2013-09-12 07:48:41 ERROR 404: Not Found.
http://cdn2.pokemon-gl.com/src/swf/theme/assets/global/parts/pokemon/scaled/cgegaigh.swf:
2013-09-12 07:48:41 ERROR 404: Not Found.
http://cdn2.pokemon-gl.com/src/swf/theme/assets/global/parts/pokemon/scaled/cgdjfddb.swf:
2013-09-12 07:48:41 ERROR 404: Not Found.
http://cdn2.pokemon-gl.com/src/swf/theme/assets/global/parts/pokemon/scaled/cgdcjhjf.swf:
2013-09-12 07:48:42 ERROR 404: Not Found.
http://cdn2.pokemon-gl.com/src/swf/theme/assets/global/parts/pokemon/scaled/cgcgecfj.swf:
2013-09-12 07:48:42 ERROR 404: Not Found.
http://cdn2.pokemon-gl.com/src/swf/theme/assets/global/parts/pokemon/scaled/cghcdabb.swf:
2013-09-12 07:48:42 ERROR 404: Not Found.
http://cdn2.pokemon-gl.com/src/swf/theme/assets/global/parts/pokemon/scaled/cggfhehf.swf:
2013-09-12 07:48:43 ERROR 404: Not Found.
http://cdn2.pokemon-gl.com/src/swf/theme/assets/global/parts/pokemon/scaled/cgfjbjdj.swf:
2013-09-12 07:48:43 ERROR 404: Not Found.
http://cdn2.pokemon-gl.com/src/swf/theme/assets/global/parts/pokemon/scaled/cgfcgead.swf:
2013-09-12 07:48:43 ERROR 404: Not Found.
http://cdn2.pokemon-gl.com/src/swf/theme/assets/global/parts/pokemon/scaled/cgjifbff.swf:
2013-09-12 07:48:44 ERROR 404: Not Found.
http://cdn2.pokemon-gl.com/src/swf/theme/assets/global/parts/pokemon/scaled/cgjbjgbj.swf:
2013-09-12 07:48:44 ERROR 404: Not Found.
http://cdn2.pokemon-gl.com/src/swf/theme/assets/global/parts/pokemon/scaled/cgifeaid.swf:
2013-09-12 07:48:44 ERROR 404: Not Found.
http://cdn2.pokemon-gl.com/src/swf/theme/assets/global/parts/pokemon/scaled/cghiifeh.swf:
2013-09-12 07:48:45 ERROR 404: Not Found.
http://cdn2.pokemon-gl.com/src/swf/theme/assets/global/parts/pokemon/scaled/chcehcjj.swf:
2013-09-12 07:48:45 ERROR 404: Not Found.
http://cdn2.pokemon-gl.com/src/swf/theme/assets/global/parts/pokemon/scaled/chbibhgd.swf:
2013-09-12 07:48:45 ERROR 404: Not Found.
http://cdn2.pokemon-gl.com/src/swf/theme/assets/global/parts/pokemon/scaled/chbbgcch.swf:
2013-09-12 07:48:45 ERROR 404: Not Found.
http://cdn2.pokemon-gl.com/src/swf/theme/assets/global/parts/pokemon/scaled/chafbjhb.swf:
2013-09-12 07:48:46 ERROR 404: Not Found.
http://cdn2.pokemon-gl.com/src/swf/theme/assets/global/parts/pokemon/scaled/chfajeed.swf:
2013-09-12 07:48:46 ERROR 404: Not Found.
http://cdn2.pokemon-gl.com/src/swf/theme/assets/global/parts/pokemon/scaled/cheedjah.swf:
2013-09-12 07:48:46 ERROR 404: Not Found.
http://cdn2.pokemon-gl.com/src/swf/theme/assets/global/parts/pokemon/scaled/chdhidhb.swf:
2013-09-12 07:48:47 ERROR 404: Not Found.
http://cdn2.pokemon-gl.com/src/swf/theme/assets/global/parts/pokemon/scaled/chdbcidf.swf:
2013-09-12 07:48:47 ERROR 404: Not Found.
http://cdn2.pokemon-gl.com/src/swf/theme/assets/global/parts/pokemon/scaled/chhhbfih.swf:
2013-09-12 07:48:47 ERROR 404: Not Found.
http://cdn2.pokemon-gl.com/src/swf/theme/assets/global/parts/pokemon/scaled/chhagafb.swf:
2013-09-12 07:48:47 ERROR 404: Not Found.
http://cdn2.pokemon-gl.com/src/swf/theme/assets/global/parts/pokemon/scaled/chgeafbf.swf:
2013-09-12 07:48:48 ERROR 404: Not Found.
http://cdn2.pokemon-gl.com/src/swf/theme/assets/global/parts/pokemon/scaled/chfhejhj.swf:
2013-09-12 07:48:48 ERROR 404: Not Found.
http://cdn2.pokemon-gl.com/src/swf/theme/assets/global/parts/pokemon/scaled/ciaddhdb.swf:
2013-09-12 07:48:48 ERROR 404: Not Found.
http://cdn2.pokemon-gl.com/src/swf/theme/assets/global/parts/pokemon/scaled/chjgibjf.swf:
2013-09-12 07:48:48 ERROR 404: Not Found.
http://cdn2.pokemon-gl.com/src/swf/theme/assets/global/parts/pokemon/scaled/chjacgfj.swf:
2013-09-12 07:48:49 ERROR 404: Not Found.
http://cdn2.pokemon-gl.com/src/swf/theme/assets/global/parts/pokemon/scaled/chidhbcd.swf:
2013-09-12 07:48:49 ERROR 404: Not Found.
http://cdn2.pokemon-gl.com/src/swf/theme/assets/global/parts/pokemon/scaled/cicjfihf.swf:
2013-09-12 07:48:49 ERROR 404: Not Found.
http://cdn2.pokemon-gl.com/src/swf/theme/assets/global/parts/pokemon/scaled/cicdaddj.swf:
2013-09-12 07:48:50 ERROR 404: Not Found.
http://cdn2.pokemon-gl.com/src/swf/theme/assets/global/parts/pokemon/scaled/cibgeiad.swf:
2013-09-12 07:48:50 ERROR 404: Not Found.
http://cdn2.pokemon-gl.com/src/swf/theme/assets/global/parts/pokemon/scaled/ciajjcgh.swf:
2013-09-12 07:48:50 ERROR 404: Not Found.
http://cdn2.pokemon-gl.com/src/swf/theme/assets/global/parts/pokemon/scaled/ciffiabj.swf:
2013-09-12 07:48:51 ERROR 404: Not Found.
http://cdn2.pokemon-gl.com/src/swf/theme/assets/global/parts/pokemon/scaled/ciejceid.swf:
2013-09-12 07:48:51 ERROR 404: Not Found.
http://cdn2.pokemon-gl.com/src/swf/theme/assets/global/parts/pokemon/scaled/ciecgjeh.swf:
2013-09-12 07:48:51 ERROR 404: Not Found.
http://cdn2.pokemon-gl.com/src/swf/theme/assets/global/parts/pokemon/scaled/cidgbebb.swf:
2013-09-12 07:48:52 ERROR 404: Not Found.
http://cdn2.pokemon-gl.com/src/swf/theme/assets/global/parts/pokemon/scaled/ciicabgd.swf:
2013-09-12 07:48:52 ERROR 404: Not Found.
http://cdn2.pokemon-gl.com/src/swf/theme/assets/global/parts/pokemon/scaled/cihfegch.swf:
2013-09-12 07:48:52 ERROR 404: Not Found.
http://cdn2.pokemon-gl.com/src/swf/theme/assets/global/parts/pokemon/scaled/cigijajb.swf:
2013-09-12 07:48:52 ERROR 404: Not Found.
http://cdn2.pokemon-gl.com/src/swf/theme/assets/global/parts/pokemon/scaled/cigcdfff.swf:
2013-09-12 07:48:53 ERROR 404: Not Found.
http://cdn2.pokemon-gl.com/src/swf/theme/assets/global/parts/pokemon/scaled/cjaicdah.swf:
2013-09-12 07:48:53 ERROR 404: Not Found.
http://cdn2.pokemon-gl.com/src/swf/theme/assets/global/parts/pokemon/scaled/cjabghhb.swf:
2013-09-12 07:48:53 ERROR 404: Not Found.
http://cdn2.pokemon-gl.com/src/swf/theme/assets/global/parts/pokemon/scaled/cijfbcdf.swf:
2013-09-12 07:48:54 ERROR 404: Not Found.
http://cdn2.pokemon-gl.com/src/swf/theme/assets/global/parts/pokemon/scaled/ciiifgjj.swf:
2013-09-12 07:48:54 ERROR 404: Not Found.
http://cdn2.pokemon-gl.com/src/swf/theme/assets/global/parts/pokemon/scaled/cjdeeefb.swf:
2013-09-12 07:48:54 ERROR 404: Not Found.
http://cdn2.pokemon-gl.com/src/swf/theme/assets/global/parts/pokemon/scaled/cjchijbf.swf:
2013-09-12 07:48:55 ERROR 404: Not Found.
http://cdn2.pokemon-gl.com/src/swf/theme/assets/global/parts/pokemon/scaled/cjcbddhj.swf:
2013-09-12 07:48:55 ERROR 404: Not Found.
http://cdn2.pokemon-gl.com/src/swf/theme/assets/global/parts/pokemon/scaled/cjbehied.swf:
2013-09-12 07:48:55 ERROR 404: Not Found.
http://cdn2.pokemon-gl.com/src/swf/theme/assets/global/parts/pokemon/scaled/cbcbhjih.swf:
2013-09-12 07:48:56 ERROR 404: Not Found.
http://cdn2.pokemon-gl.com/src/swf/theme/assets/global/parts/pokemon/scaled/cbbfcefb.swf:
2013-09-12 07:48:56 ERROR 404: Not Found.
http://cdn2.pokemon-gl.com/src/swf/theme/assets/global/parts/pokemon/scaled/cbaiibjf.swf:
2013-09-12 07:48:56 ERROR 404: Not Found.
http://cdn2.pokemon-gl.com/src/swf/theme/assets/global/parts/pokemon/scaled/cbacbdhj.swf:
2013-09-12 07:48:57 ERROR 404: Not Found.
http://cdn2.pokemon-gl.com/src/swf/theme/assets/global/parts/pokemon/scaled/cbeiabdb.swf:
2013-09-12 07:48:57 ERROR 404: Not Found.
http://cdn2.pokemon-gl.com/src/swf/theme/assets/global/parts/pokemon/scaled/cbebefjf.swf:
2013-09-12 07:48:57 ERROR 404: Not Found.
http://cdn2.pokemon-gl.com/src/swf/theme/assets/global/parts/pokemon/scaled/cbdejafj.swf:
2013-09-12 07:48:57 ERROR 404: Not Found.
http://cdn2.pokemon-gl.com/src/swf/theme/assets/global/parts/pokemon/scaled/cbcidfcd.swf:
2013-09-12 07:48:58 ERROR 404: Not Found.
http://cdn2.pokemon-gl.com/src/swf/theme/assets/global/parts/pokemon/scaled/cbhecchf.swf:
2013-09-12 07:48:58 ERROR 404: Not Found.
http://cdn2.pokemon-gl.com/src/swf/theme/assets/global/parts/pokemon/scaled/cbghghdj.swf:
2013-09-12 07:48:58 ERROR 404: Not Found.
http://cdn2.pokemon-gl.com/src/swf/theme/assets/global/parts/pokemon/scaled/cbgbbcad.swf:
2013-09-12 07:48:59 ERROR 404: Not Found.
http://cdn2.pokemon-gl.com/src/swf/theme/assets/global/parts/pokemon/scaled/cbfefggh.swf:
2013-09-12 07:48:59 ERROR 404: Not Found.
http://cdn2.pokemon-gl.com/src/swf/theme/assets/global/parts/pokemon/scaled/ccaaeebj.swf:
2013-09-12 07:48:59 ERROR 404: Not Found.
http://cdn2.pokemon-gl.com/src/swf/theme/assets/global/parts/pokemon/scaled/cbjdiiid.swf:
2013-09-12 07:49:00 ERROR 404: Not Found.
http://cdn2.pokemon-gl.com/src/swf/theme/assets/global/parts/pokemon/scaled/cbihddeh.swf:
2013-09-12 07:49:00 ERROR 404: Not Found.
http://cdn2.pokemon-gl.com/src/swf/theme/assets/global/parts/pokemon/scaled/cbiahibb.swf:
2013-09-12 07:49:00 ERROR 404: Not Found.
http://cdn2.pokemon-gl.com/src/swf/theme/assets/global/parts/pokemon/scaled/cccggfgd.swf:
2013-09-12 07:49:00 ERROR 404: Not Found.
http://cdn2.pokemon-gl.com/src/swf/theme/assets/global/parts/pokemon/scaled/cccabach.swf:
2013-09-12 07:49:01 ERROR 404: Not Found.
http://cdn2.pokemon-gl.com/src/swf/theme/assets/global/parts/pokemon/scaled/ccbdfejb.swf:
2013-09-12 07:49:01 ERROR 404: Not Found.
http://cdn2.pokemon-gl.com/src/swf/theme/assets/global/parts/pokemon/scaled/ccagjjff.swf:
2013-09-12 07:49:01 ERROR 404: Not Found.
http://cdn2.pokemon-gl.com/src/swf/theme/assets/global/parts/pokemon/scaled/ccfcihah.swf:
2013-09-12 07:49:01 ERROR 404: Not Found.
http://cdn2.pokemon-gl.com/src/swf/theme/assets/global/parts/pokemon/scaled/ccegdbhb.swf:
2013-09-12 07:49:02 ERROR 404: Not Found.
http://cdn2.pokemon-gl.com/src/swf/theme/assets/global/parts/pokemon/scaled/ccdjhgdf.swf:
2013-09-12 07:49:02 ERROR 404: Not Found.
http://cdn2.pokemon-gl.com/src/swf/theme/assets/global/parts/pokemon/scaled/ccddcajj.swf:
2013-09-12 07:49:02 ERROR 404: Not Found.
http://cdn2.pokemon-gl.com/src/swf/theme/assets/global/parts/pokemon/scaled/cchjaifb.swf:
2013-09-12 07:49:03 ERROR 404: Not Found.
http://cdn2.pokemon-gl.com/src/swf/theme/assets/global/parts/pokemon/scaled/cchcfdbf.swf:
2013-09-12 07:49:03 ERROR 404: Not Found.
http://cdn2.pokemon-gl.com/src/swf/theme/assets/global/parts/pokemon/scaled/ccgfjhhj.swf:
2013-09-12 07:49:03 ERROR 404: Not Found.
http://cdn2.pokemon-gl.com/src/swf/theme/assets/global/parts/pokemon/scaled/ccfjeced.swf:
2013-09-12 07:49:03 ERROR 404: Not Found.
http://cdn2.pokemon-gl.com/src/swf/theme/assets/global/parts/pokemon/scaled/cdafceid.swf:
2013-09-12 07:49:04 ERROR 404: Not Found.
http://cdn2.pokemon-gl.com/src/swf/theme/assets/global/parts/pokemon/scaled/ccjigjeh.swf:
2013-09-12 07:49:04 ERROR 404: Not Found.
http://cdn2.pokemon-gl.com/src/swf/theme/assets/global/parts/pokemon/scaled/ccjcbjcd.swf:
2013-09-12 07:49:04 ERROR 404: Not Found.
http://cdn2.pokemon-gl.com/src/swf/theme/assets/global/parts/pokemon/scaled/ccifgdih.swf:
2013-09-12 07:49:05 ERROR 404: Not Found.
http://cdn2.pokemon-gl.com/src/swf/theme/assets/global/parts/pokemon/scaled/cddbfbdj.swf:
2013-09-12 07:49:05 ERROR 404: Not Found.
http://cdn2.pokemon-gl.com/src/swf/theme/assets/global/parts/pokemon/scaled/cdcejgad.swf:
2013-09-12 07:49:05 ERROR 404: Not Found.
http://cdn2.pokemon-gl.com/src/swf/theme/assets/global/parts/pokemon/scaled/cdbieagh.swf:
2013-09-12 07:49:06 ERROR 404: Not Found.
http://cdn2.pokemon-gl.com/src/swf/theme/assets/global/parts/pokemon/scaled/cdbbifdb.swf:
2013-09-12 07:49:06 ERROR 404: Not Found.
http://cdn2.pokemon-gl.com/src/swf/theme/assets/global/parts/pokemon/scaled/cdfhhcid.swf:
2013-09-12 07:49:06 ERROR 404: Not Found.
http://cdn2.pokemon-gl.com/src/swf/theme/assets/global/parts/pokemon/scaled/cdfbbejb.swf:
2013-09-12 07:49:06 ERROR 404: Not Found.
http://cdn2.pokemon-gl.com/src/swf/theme/assets/global/parts/pokemon/scaled/cdeefjff.swf:
2013-09-12 07:49:07 ERROR 404: Not Found.
http://cdn2.pokemon-gl.com/src/swf/theme/assets/global/parts/pokemon/scaled/cddiaebj.swf:
2013-09-12 07:49:07 ERROR 404: Not Found.
http://cdn2.pokemon-gl.com/src/swf/theme/assets/global/parts/pokemon/scaled/cdidjech.swf:
2013-09-12 07:49:07 ERROR 404: Not Found.
http://cdn2.pokemon-gl.com/src/swf/theme/assets/global/parts/pokemon/scaled/cdhhdijb.swf:
2013-09-12 07:49:08 ERROR 404: Not Found.
http://cdn2.pokemon-gl.com/src/swf/theme/assets/global/parts/pokemon/scaled/cdhaidff.swf:
2013-09-12 07:49:08 ERROR 404: Not Found.
http://cdn2.pokemon-gl.com/src/swf/theme/assets/global/parts/pokemon/scaled/cdgecibj.swf:
2013-09-12 07:49:08 ERROR 404: Not Found.
http://cdn2.pokemon-gl.com/src/swf/theme/assets/global/parts/pokemon/scaled/cebabfhb.swf:
2013-09-12 07:49:08 ERROR 404: Not Found.
http://cdn2.pokemon-gl.com/src/swf/theme/assets/global/parts/pokemon/scaled/ceadgadf.swf:
2013-09-12 07:49:09 ERROR 404: Not Found.
http://cdn2.pokemon-gl.com/src/swf/theme/assets/global/parts/pokemon/scaled/cdjhaejj.swf:
2013-09-12 07:49:09 ERROR 404: Not Found.
http://cdn2.pokemon-gl.com/src/swf/theme/assets/global/parts/pokemon/scaled/cdjaejgd.swf:
2013-09-12 07:49:09 ERROR 404: Not Found.
http://cdn2.pokemon-gl.com/src/swf/theme/assets/global/parts/pokemon/scaled/cedgdhbf.swf:
2013-09-12 07:49:10 ERROR 404: Not Found.
http://cdn2.pokemon-gl.com/src/swf/theme/assets/global/parts/pokemon/scaled/cecjibhj.swf:
2013-09-12 07:49:10 ERROR 404: Not Found.
http://cdn2.pokemon-gl.com/src/swf/theme/assets/global/parts/pokemon/scaled/cecdcged.swf:
2013-09-12 07:49:10 ERROR 404: Not Found.
http://cdn2.pokemon-gl.com/src/swf/theme/assets/global/parts/pokemon/scaled/cebghbah.swf:
2013-09-12 07:49:11 ERROR 404: Not Found.
http://cdn2.pokemon-gl.com/src/swf/theme/assets/global/parts/pokemon/scaled/cegcfifj.swf:
2013-09-12 07:49:11 ERROR 404: Not Found.
http://cdn2.pokemon-gl.com/src/swf/theme/assets/global/parts/pokemon/scaled/cefgadcd.swf:
2013-09-12 07:49:11 ERROR 404: Not Found.
http://cdn2.pokemon-gl.com/src/swf/theme/assets/global/parts/pokemon/scaled/ceejehih.swf:
2013-09-12 07:49:11 ERROR 404: Not Found.
http://cdn2.pokemon-gl.com/src/swf/theme/assets/global/parts/pokemon/scaled/ceecjcfb.swf:
2013-09-12 07:49:12 ERROR 404: Not Found.
http://cdn2.pokemon-gl.com/src/swf/theme/assets/global/parts/pokemon/scaled/ceiiiaad.swf:
2013-09-12 07:49:12 ERROR 404: Not Found.
http://cdn2.pokemon-gl.com/src/swf/theme/assets/global/parts/pokemon/scaled/ceiccegh.swf:
2013-09-12 07:49:12 ERROR 404: Not Found.
http://cdn2.pokemon-gl.com/src/swf/theme/assets/global/parts/pokemon/scaled/cehfgjdb.swf:
2013-09-12 07:49:13 ERROR 404: Not Found.
http://cdn2.pokemon-gl.com/src/swf/theme/assets/global/parts/pokemon/scaled/cegjbdjf.swf:
2013-09-12 07:49:13 ERROR 404: Not Found.
http://cdn2.pokemon-gl.com/src/swf/theme/assets/global/parts/pokemon/scaled/cfbfabeh.swf:
2013-09-12 07:49:13 ERROR 404: Not Found.
http://cdn2.pokemon-gl.com/src/swf/theme/assets/global/parts/pokemon/scaled/cfaiegbb.swf:
2013-09-12 07:49:13 ERROR 404: Not Found.
http://cdn2.pokemon-gl.com/src/swf/theme/assets/global/parts/pokemon/scaled/cfabjahf.swf:
2013-09-12 07:49:14 ERROR 404: Not Found.
http://cdn2.pokemon-gl.com/src/swf/theme/assets/global/parts/pokemon/scaled/cejfdfdj.swf:
2013-09-12 07:49:14 ERROR 404: Not Found.
http://cdn2.pokemon-gl.com/src/swf/theme/assets/global/parts/pokemon/scaled/bhacdgid.swf:
2013-09-12 07:49:14 ERROR 404: Not Found.
http://cdn2.pokemon-gl.com/src/swf/theme/assets/global/parts/pokemon/scaled/bgjfibeh.swf:
2013-09-12 07:49:15 ERROR 404: Not Found.
http://cdn2.pokemon-gl.com/src/swf/theme/assets/global/parts/pokemon/scaled/bgijcgbb.swf:
2013-09-12 07:49:15 ERROR 404: Not Found.
http://cdn2.pokemon-gl.com/src/swf/theme/assets/global/parts/pokemon/scaled/bgichahf.swf:
2013-09-12 07:49:15 ERROR 404: Not Found.
http://cdn2.pokemon-gl.com/src/swf/theme/assets/global/parts/pokemon/scaled/bhcifich.swf:
2013-09-12 07:49:15 ERROR 404: Not Found.
http://cdn2.pokemon-gl.com/src/swf/theme/assets/global/parts/pokemon/scaled/bhccacjb.swf:
2013-09-12 07:49:16 ERROR 404: Not Found.
http://cdn2.pokemon-gl.com/src/swf/theme/assets/global/parts/pokemon/scaled/bhbfehff.swf:
2013-09-12 07:49:16 ERROR 404: Not Found.
http://cdn2.pokemon-gl.com/src/swf/theme/assets/global/parts/pokemon/scaled/bhaijcbj.swf:
2013-09-12 07:49:16 ERROR 404: Not Found.
http://cdn2.pokemon-gl.com/src/swf/theme/assets/global/parts/pokemon/scaled/bhfehjhb.swf:
2013-09-12 07:49:17 ERROR 404: Not Found.
http://cdn2.pokemon-gl.com/src/swf/theme/assets/global/parts/pokemon/scaled/bheicedf.swf:
2013-09-12 07:49:17 ERROR 404: Not Found.
http://cdn2.pokemon-gl.com/src/swf/theme/assets/global/parts/pokemon/scaled/bhebgijj.swf:
2013-09-12 07:49:17 ERROR 404: Not Found.
http://cdn2.pokemon-gl.com/src/swf/theme/assets/global/parts/pokemon/scaled/bhdfbdgd.swf:
2013-09-12 07:49:18 ERROR 404: Not Found.
http://cdn2.pokemon-gl.com/src/swf/theme/assets/global/parts/pokemon/scaled/bhibabbf.swf:
2013-09-12 07:49:18 ERROR 404: Not Found.
http://cdn2.pokemon-gl.com/src/swf/theme/assets/global/parts/pokemon/scaled/bhheefhj.swf:
2013-09-12 07:49:18 ERROR 404: Not Found.
http://cdn2.pokemon-gl.com/src/swf/theme/assets/global/parts/pokemon/scaled/bhghjaed.swf:
2013-09-12 07:49:18 ERROR 404: Not Found.
http://cdn2.pokemon-gl.com/src/swf/theme/assets/global/parts/pokemon/scaled/bhgbdfah.swf:
2013-09-12 07:49:19 ERROR 404: Not Found.
http://cdn2.pokemon-gl.com/src/swf/theme/assets/global/parts/pokemon/scaled/biahccfj.swf:
2013-09-12 07:49:19 ERROR 404: Not Found.
http://cdn2.pokemon-gl.com/src/swf/theme/assets/global/parts/pokemon/scaled/biaaghcd.swf:
2013-09-12 07:49:19 ERROR 404: Not Found.
http://cdn2.pokemon-gl.com/src/swf/theme/assets/global/parts/pokemon/scaled/bhjebbih.swf:
2013-09-12 07:49:20 ERROR 404: Not Found.
http://cdn2.pokemon-gl.com/src/swf/theme/assets/global/parts/pokemon/scaled/bhihfgfb.swf:
2013-09-12 07:49:20 ERROR 404: Not Found.
http://cdn2.pokemon-gl.com/src/swf/theme/assets/global/parts/pokemon/scaled/biddeead.swf:
2013-09-12 07:49:20 ERROR 404: Not Found.
http://cdn2.pokemon-gl.com/src/swf/theme/assets/global/parts/pokemon/scaled/bicgiigh.swf:
2013-09-12 07:49:21 ERROR 404: Not Found.
http://cdn2.pokemon-gl.com/src/swf/theme/assets/global/parts/pokemon/scaled/bicadddb.swf:
2013-09-12 07:49:21 ERROR 404: Not Found.
http://cdn2.pokemon-gl.com/src/swf/theme/assets/global/parts/pokemon/scaled/bibdhhjf.swf:
2013-09-12 07:49:21 ERROR 404: Not Found.
http://cdn2.pokemon-gl.com/src/swf/theme/assets/global/parts/pokemon/scaled/bifjgfeh.swf:
2013-09-12 07:49:21 ERROR 404: Not Found.
http://cdn2.pokemon-gl.com/src/swf/theme/assets/global/parts/pokemon/scaled/bifdbabb.swf:
2013-09-12 07:49:22 ERROR 404: Not Found.
http://cdn2.pokemon-gl.com/src/swf/theme/assets/global/parts/pokemon/scaled/biegfehf.swf:
2013-09-12 07:49:22 ERROR 404: Not Found.
http://cdn2.pokemon-gl.com/src/swf/theme/assets/global/parts/pokemon/scaled/bidjjjdj.swf:
2013-09-12 07:49:22 ERROR 404: Not Found.
http://cdn2.pokemon-gl.com/src/swf/theme/assets/global/parts/pokemon/scaled/biifigjb.swf:
2013-09-12 07:49:23 ERROR 404: Not Found.
http://cdn2.pokemon-gl.com/src/swf/theme/assets/global/parts/pokemon/scaled/bihjdbff.swf:
2013-09-12 07:49:23 ERROR 404: Not Found.
http://cdn2.pokemon-gl.com/src/swf/theme/assets/global/parts/pokemon/scaled/bihchgbj.swf:
2013-09-12 07:49:23 ERROR 404: Not Found.
http://cdn2.pokemon-gl.com/src/swf/theme/assets/global/parts/pokemon/scaled/biggcifb.swf:
2013-09-12 07:49:23 ERROR 404: Not Found.
http://cdn2.pokemon-gl.com/src/swf/theme/assets/global/parts/pokemon/scaled/bjbcaidf.swf:
2013-09-12 07:49:24 ERROR 404: Not Found.
http://cdn2.pokemon-gl.com/src/swf/theme/assets/global/parts/pokemon/scaled/bjaffcjj.swf:
2013-09-12 07:49:24 ERROR 404: Not Found.
http://cdn2.pokemon-gl.com/src/swf/theme/assets/global/parts/pokemon/scaled/bijijhgd.swf:
2013-09-12 07:49:24 ERROR 404: Not Found.
http://cdn2.pokemon-gl.com/src/swf/theme/assets/global/parts/pokemon/scaled/bijcecch.swf:
2013-09-12 07:49:25 ERROR 404: Not Found.
http://cdn2.pokemon-gl.com/src/swf/theme/assets/global/parts/pokemon/scaled/bjdicjhj.swf:
2013-09-12 07:49:25 ERROR 404: Not Found.
http://cdn2.pokemon-gl.com/src/swf/theme/assets/global/parts/pokemon/scaled/bjdbheed.swf:
2013-09-12 07:49:25 ERROR 404: Not Found.
http://cdn2.pokemon-gl.com/src/swf/theme/assets/global/parts/pokemon/scaled/bjcfbjah.swf:
2013-09-12 07:49:25 ERROR 404: Not Found.
http://cdn2.pokemon-gl.com/src/swf/theme/assets/global/parts/pokemon/scaled/bjbigbbf.swf:
2013-09-12 07:49:26 ERROR 404: Not Found.
http://cdn2.pokemon-gl.com/src/swf/theme/assets/global/parts/pokemon/scaled/bjgefbcd.swf:
2013-09-12 07:49:26 ERROR 404: Not Found.
http://cdn2.pokemon-gl.com/src/swf/theme/assets/global/parts/pokemon/scaled/bjfhjfih.swf:
2013-09-12 07:49:26 ERROR 404: Not Found.
http://cdn2.pokemon-gl.com/src/swf/theme/assets/global/parts/pokemon/scaled/bjfbeafb.swf:
2013-09-12 07:49:27 ERROR 404: Not Found.
http://cdn2.pokemon-gl.com/src/swf/theme/assets/global/parts/pokemon/scaled/bjeeifbf.swf:
2013-09-12 07:49:27 ERROR 404: Not Found.
http://cdn2.pokemon-gl.com/src/swf/theme/assets/global/parts/pokemon/scaled/bjjahabb.swf:
2013-09-12 07:49:27 ERROR 404: Not Found.
http://cdn2.pokemon-gl.com/src/swf/theme/assets/global/parts/pokemon/scaled/bjiefich.swf:
2013-09-12 07:49:27 ERROR 404: Not Found.
http://cdn2.pokemon-gl.com/src/swf/theme/assets/global/parts/pokemon/scaled/bjhhgbjf.swf:
2013-09-12 07:49:28 ERROR 404: Not Found.
http://cdn2.pokemon-gl.com/src/swf/theme/assets/global/parts/pokemon/scaled/bjhbagfj.swf:
2013-09-12 07:49:28 ERROR 404: Not Found.
http://cdn2.pokemon-gl.com/src/swf/theme/assets/global/parts/pokemon/scaled/cabgjebb.swf:
2013-09-12 07:49:28 ERROR 404: Not Found.
http://cdn2.pokemon-gl.com/src/swf/theme/assets/global/parts/pokemon/scaled/cabadihf.swf:
2013-09-12 07:49:29 ERROR 404: Not Found.
http://cdn2.pokemon-gl.com/src/swf/theme/assets/global/parts/pokemon/scaled/caadiddj.swf:
2013-09-12 07:49:29 ERROR 404: Not Found.
http://cdn2.pokemon-gl.com/src/swf/theme/assets/global/parts/pokemon/scaled/bjjhciad.swf:
2013-09-12 07:49:29 ERROR 404: Not Found.
http://cdn2.pokemon-gl.com/src/swf/theme/assets/global/parts/pokemon/scaled/caedbfff.swf:
2013-09-12 07:49:29 ERROR 404: Not Found.
http://cdn2.pokemon-gl.com/src/swf/theme/assets/global/parts/pokemon/scaled/cadggabj.swf:
2013-09-12 07:49:30 ERROR 404: Not Found.
http://cdn2.pokemon-gl.com/src/swf/theme/assets/global/parts/pokemon/scaled/cadaaeid.swf:
2013-09-12 07:49:30 ERROR 404: Not Found.
http://cdn2.pokemon-gl.com/src/swf/theme/assets/global/parts/pokemon/scaled/cacdejeh.swf:
2013-09-12 07:49:30 ERROR 404: Not Found.
http://cdn2.pokemon-gl.com/src/swf/theme/assets/global/parts/pokemon/scaled/cagjdgjj.swf:
2013-09-12 07:49:31 ERROR 404: Not Found.
http://cdn2.pokemon-gl.com/src/swf/theme/assets/global/parts/pokemon/scaled/cagcibgd.swf:
2013-09-12 07:49:31 ERROR 404: Not Found.
http://cdn2.pokemon-gl.com/src/swf/theme/assets/global/parts/pokemon/scaled/cafgcgch.swf:
2013-09-12 07:49:31 ERROR 404: Not Found.
http://cdn2.pokemon-gl.com/src/swf/theme/assets/global/parts/pokemon/scaled/caejhajb.swf:
2013-09-12 07:49:31 ERROR 404: Not Found.
http://cdn2.pokemon-gl.com/src/swf/theme/assets/global/parts/pokemon/scaled/cajffied.swf:
2013-09-12 07:49:32 ERROR 404: Not Found.
http://cdn2.pokemon-gl.com/src/swf/theme/assets/global/parts/pokemon/scaled/caijadah.swf:
2013-09-12 07:49:32 ERROR 404: Not Found.
http://cdn2.pokemon-gl.com/src/swf/theme/assets/global/parts/pokemon/scaled/caicehhb.swf:
2013-09-12 07:49:32 ERROR 404: Not Found.
http://cdn2.pokemon-gl.com/src/swf/theme/assets/global/parts/pokemon/scaled/cahfjcdf.swf:
2013-09-12 07:49:33 ERROR 404: Not Found.
http://cdn2.pokemon-gl.com/src/swf/theme/assets/global/parts/pokemon/scaled/egdidibb.swf:
2013-09-12 07:49:33 ERROR 404: Not Found.
http://cdn2.pokemon-gl.com/src/swf/theme/assets/global/parts/pokemon/scaled/egdbichf.swf:
2013-09-12 07:49:33 ERROR 404: Not Found.
http://cdn2.pokemon-gl.com/src/swf/theme/assets/global/parts/pokemon/scaled/egcfchdj.swf:
2013-09-12 07:49:34 ERROR 404: Not Found.
http://cdn2.pokemon-gl.com/src/swf/theme/assets/global/parts/pokemon/scaled/egbihcad.swf:
2013-09-12 07:49:34 ERROR 404: Not Found.
http://cdn2.pokemon-gl.com/src/swf/theme/assets/global/parts/pokemon/scaled/eggefjff.swf:
2013-09-12 07:49:34 ERROR 404: Not Found.
http://cdn2.pokemon-gl.com/src/swf/theme/assets/global/parts/pokemon/scaled/egfiaebj.swf:
2013-09-12 07:49:34 ERROR 404: Not Found.
http://cdn2.pokemon-gl.com/src/swf/theme/assets/global/parts/pokemon/scaled/egfbeiid.swf:
2013-09-12 07:49:35 ERROR 404: Not Found.
http://cdn2.pokemon-gl.com/src/swf/theme/assets/global/parts/pokemon/scaled/egeejdeh.swf:
2013-09-12 07:49:35 ERROR 404: Not Found.
http://cdn2.pokemon-gl.com/src/swf/theme/assets/global/parts/pokemon/scaled/egjaiajj.swf:
2013-09-12 07:49:35 ERROR 404: Not Found.
http://cdn2.pokemon-gl.com/src/swf/theme/assets/global/parts/pokemon/scaled/egiecfgd.swf:
2013-09-12 07:49:36 ERROR 404: Not Found.
http://cdn2.pokemon-gl.com/src/swf/theme/assets/global/parts/pokemon/scaled/eghhhach.swf:
2013-09-12 07:49:36 ERROR 404: Not Found.
http://cdn2.pokemon-gl.com/src/swf/theme/assets/global/parts/pokemon/scaled/eghbbejb.swf:
2013-09-12 07:49:36 ERROR 404: Not Found.
http://cdn2.pokemon-gl.com/src/swf/theme/assets/global/parts/pokemon/scaled/ehbhaced.swf:
2013-09-12 07:49:37 ERROR 404: Not Found.
http://cdn2.pokemon-gl.com/src/swf/theme/assets/global/parts/pokemon/scaled/ehbaehah.swf:
2013-09-12 07:49:37 ERROR 404: Not Found.
http://cdn2.pokemon-gl.com/src/swf/theme/assets/global/parts/pokemon/scaled/ehadjbhb.swf:
2013-09-12 07:49:37 ERROR 404: Not Found.
http://cdn2.pokemon-gl.com/src/swf/theme/assets/global/parts/pokemon/scaled/egjhdgdf.swf:
2013-09-12 07:49:37 ERROR 404: Not Found.
http://cdn2.pokemon-gl.com/src/swf/theme/assets/global/parts/pokemon/scaled/ehedcdih.swf:
2013-09-12 07:49:38 ERROR 404: Not Found.
http://cdn2.pokemon-gl.com/src/swf/theme/assets/global/parts/pokemon/scaled/ehdggifb.swf:
2013-09-12 07:49:38 ERROR 404: Not Found.
http://cdn2.pokemon-gl.com/src/swf/theme/assets/global/parts/pokemon/scaled/ehdabdbf.swf:
2013-09-12 07:49:38 ERROR 404: Not Found.
http://cdn2.pokemon-gl.com/src/swf/theme/assets/global/parts/pokemon/scaled/ehcdfhhj.swf:
2013-09-12 07:49:38 ERROR 404: Not Found.
http://cdn2.pokemon-gl.com/src/swf/theme/assets/global/parts/pokemon/scaled/ehgjefdb.swf:
2013-09-12 07:49:39 ERROR 404: Not Found.
http://cdn2.pokemon-gl.com/src/swf/theme/assets/global/parts/pokemon/scaled/ehgcijjf.swf:
2013-09-12 07:49:39 ERROR 404: Not Found.
http://cdn2.pokemon-gl.com/src/swf/theme/assets/global/parts/pokemon/scaled/ehfgdefj.swf:
2013-09-12 07:49:39 ERROR 404: Not Found.
http://cdn2.pokemon-gl.com/src/swf/theme/assets/global/parts/pokemon/scaled/ehejhjcd.swf:
2013-09-12 07:49:40 ERROR 404: Not Found.
http://cdn2.pokemon-gl.com/src/swf/theme/assets/global/parts/pokemon/scaled/ehjfgghf.swf:
2013-09-12 07:49:40 ERROR 404: Not Found.
http://cdn2.pokemon-gl.com/src/swf/theme/assets/global/parts/pokemon/scaled/ehijbbdj.swf:
2013-09-12 07:49:40 ERROR 404: Not Found.
http://cdn2.pokemon-gl.com/src/swf/theme/assets/global/parts/pokemon/scaled/ehicfgad.swf:
2013-09-12 07:49:40 ERROR 404: Not Found.
http://cdn2.pokemon-gl.com/src/swf/theme/assets/global/parts/pokemon/scaled/ehhgaagh.swf:
2013-09-12 07:49:40 ERROR 404: Not Found.
http://cdn2.pokemon-gl.com/src/swf/theme/assets/global/parts/pokemon/scaled/eicbiibj.swf:
2013-09-12 07:49:41 ERROR 404: Not Found.
http://cdn2.pokemon-gl.com/src/swf/theme/assets/global/parts/pokemon/scaled/eibfdcid.swf:
2013-09-12 07:49:41 ERROR 404: Not Found.
http://cdn2.pokemon-gl.com/src/swf/theme/assets/global/parts/pokemon/scaled/eiaihheh.swf:
2013-09-12 07:49:41 ERROR 404: Not Found.
http://cdn2.pokemon-gl.com/src/swf/theme/assets/global/parts/pokemon/scaled/eiacccbb.swf:
2013-09-12 07:49:42 ERROR 404: Not Found.
http://cdn2.pokemon-gl.com/src/swf/theme/assets/global/parts/pokemon/scaled/eieiajgd.swf:
2013-09-12 07:49:42 ERROR 404: Not Found.
http://cdn2.pokemon-gl.com/src/swf/theme/assets/global/parts/pokemon/scaled/eiebfech.swf:
2013-09-12 07:49:42 ERROR 404: Not Found.
http://cdn2.pokemon-gl.com/src/swf/theme/assets/global/parts/pokemon/scaled/eidejijb.swf:
2013-09-12 07:49:43 ERROR 404: Not Found.
http://cdn2.pokemon-gl.com/src/swf/theme/assets/global/parts/pokemon/scaled/eiciedff.swf:
2013-09-12 07:49:43 ERROR 404: Not Found.
http://cdn2.pokemon-gl.com/src/swf/theme/assets/global/parts/pokemon/scaled/eihedbah.swf:
2013-09-12 07:49:43 ERROR 404: Not Found.
http://cdn2.pokemon-gl.com/src/swf/theme/assets/global/parts/pokemon/scaled/eighhfhb.swf:
2013-09-12 07:49:44 ERROR 404: Not Found.
http://cdn2.pokemon-gl.com/src/swf/theme/assets/global/parts/pokemon/scaled/eigbbhhj.swf:
2013-09-12 07:49:44 ERROR 404: Not Found.
http://cdn2.pokemon-gl.com/src/swf/theme/assets/global/parts/pokemon/scaled/eifegejj.swf:
2013-09-12 07:49:44 ERROR 404: Not Found.
http://cdn2.pokemon-gl.com/src/swf/theme/assets/global/parts/pokemon/scaled/ejaafcfb.swf:
2013-09-12 07:49:44 ERROR 404: Not Found.
http://cdn2.pokemon-gl.com/src/swf/theme/assets/global/parts/pokemon/scaled/eijdjhbf.swf:
2013-09-12 07:49:44 ERROR 404: Not Found.
http://cdn2.pokemon-gl.com/src/swf/theme/assets/global/parts/pokemon/scaled/eiihebhj.swf:
2013-09-12 07:49:45 ERROR 404: Not Found.
http://cdn2.pokemon-gl.com/src/swf/theme/assets/global/parts/pokemon/scaled/eiiaidih.swf:
2013-09-12 07:49:45 ERROR 404: Not Found.
http://cdn2.pokemon-gl.com/src/swf/theme/assets/global/parts/pokemon/scaled/ejcghdjf.swf:
2013-09-12 07:49:45 ERROR 404: Not Found.
http://cdn2.pokemon-gl.com/src/swf/theme/assets/global/parts/pokemon/scaled/ejcabifj.swf:
2013-09-12 07:49:46 ERROR 404: Not Found.
http://cdn2.pokemon-gl.com/src/swf/theme/assets/global/parts/pokemon/scaled/ejbdgdcd.swf:
2013-09-12 07:49:46 ERROR 404: Not Found.
http://cdn2.pokemon-gl.com/src/swf/theme/assets/global/parts/pokemon/scaled/ejahahih.swf:
2013-09-12 07:49:46 ERROR 404: Not Found.
http://cdn2.pokemon-gl.com/src/swf/theme/assets/global/parts/pokemon/scaled/ejfcjfdj.swf:
2013-09-12 07:49:46 ERROR 404: Not Found.
http://cdn2.pokemon-gl.com/src/swf/theme/assets/global/parts/pokemon/scaled/ejegeaad.swf:
2013-09-12 07:49:47 ERROR 404: Not Found.
http://cdn2.pokemon-gl.com/src/swf/theme/assets/global/parts/pokemon/scaled/ejdjiegh.swf:
2013-09-12 07:49:47 ERROR 404: Not Found.
http://cdn2.pokemon-gl.com/src/swf/theme/assets/global/parts/pokemon/scaled/ejddcjdb.swf:
2013-09-12 07:49:47 ERROR 404: Not Found.
http://cdn2.pokemon-gl.com/src/swf/theme/assets/global/parts/pokemon/scaled/ejhjbgid.swf:
2013-09-12 07:49:48 ERROR 404: Not Found.
http://cdn2.pokemon-gl.com/src/swf/theme/assets/global/parts/pokemon/scaled/ejhcgbeh.swf:
2013-09-12 07:49:48 ERROR 404: Not Found.
http://cdn2.pokemon-gl.com/src/swf/theme/assets/global/parts/pokemon/scaled/ejggagbb.swf:
2013-09-12 07:49:48 ERROR 404: Not Found.
http://cdn2.pokemon-gl.com/src/swf/theme/assets/global/parts/pokemon/scaled/ejfjfahf.swf:
2013-09-12 07:49:48 ERROR 404: Not Found.
http://cdn2.pokemon-gl.com/src/swf/theme/assets/global/parts/pokemon/scaled/faafdich.swf:
2013-09-12 07:49:49 ERROR 404: Not Found.
http://cdn2.pokemon-gl.com/src/swf/theme/assets/global/parts/pokemon/scaled/ejjiicjb.swf:
2013-09-12 07:49:49 ERROR 404: Not Found.
http://cdn2.pokemon-gl.com/src/swf/theme/assets/global/parts/pokemon/scaled/ejjcchff.swf:
2013-09-12 07:49:49 ERROR 404: Not Found.
http://cdn2.pokemon-gl.com/src/swf/theme/assets/global/parts/pokemon/scaled/ejifhcbj.swf:
2013-09-12 07:49:50 ERROR 404: Not Found.
http://cdn2.pokemon-gl.com/src/swf/theme/assets/global/parts/pokemon/scaled/fadbfjhb.swf:
2013-09-12 07:49:50 ERROR 404: Not Found.
http://cdn2.pokemon-gl.com/src/swf/theme/assets/global/parts/pokemon/scaled/facfaedf.swf:
2013-09-12 07:49:50 ERROR 404: Not Found.
http://cdn2.pokemon-gl.com/src/swf/theme/assets/global/parts/pokemon/scaled/fabieijj.swf:
2013-09-12 07:49:51 ERROR 404: Not Found.
http://cdn2.pokemon-gl.com/src/swf/theme/assets/global/parts/pokemon/scaled/fabbjdgd.swf:
2013-09-12 07:49:51 ERROR 404: Not Found.
http://cdn2.pokemon-gl.com/src/swf/theme/assets/global/parts/pokemon/scaled/ecbijfah.swf:
2013-09-12 07:49:51 ERROR 404: Not Found.
http://cdn2.pokemon-gl.com/src/swf/theme/assets/global/parts/pokemon/scaled/ecbcdjhb.swf:
2013-09-12 07:49:52 ERROR 404: Not Found.
http://cdn2.pokemon-gl.com/src/swf/theme/assets/global/parts/pokemon/scaled/ecafiedf.swf:
2013-09-12 07:49:52 ERROR 404: Not Found.
http://cdn2.pokemon-gl.com/src/swf/theme/assets/global/parts/pokemon/scaled/ebjjcijj.swf:
2013-09-12 07:49:52 ERROR 404: Not Found.
http://cdn2.pokemon-gl.com/src/swf/theme/assets/global/parts/pokemon/scaled/ecefbgfb.swf:
2013-09-12 07:49:53 ERROR 404: Not Found.
http://cdn2.pokemon-gl.com/src/swf/theme/assets/global/parts/pokemon/scaled/ecdigbbf.swf:
2013-09-12 07:49:53 ERROR 404: Not Found.
http://cdn2.pokemon-gl.com/src/swf/theme/assets/global/parts/pokemon/scaled/ecdcafhj.swf:
2013-09-12 07:49:53 ERROR 404: Not Found.
http://cdn2.pokemon-gl.com/src/swf/theme/assets/global/parts/pokemon/scaled/eccffaed.swf:
2013-09-12 07:49:53 ERROR 404: Not Found.
http://cdn2.pokemon-gl.com/src/swf/theme/assets/global/parts/pokemon/scaled/echbdhjf.swf:
2013-09-12 07:49:54 ERROR 404: Not Found.
http://cdn2.pokemon-gl.com/src/swf/theme/assets/global/parts/pokemon/scaled/ecgejfdj.swf:
2013-09-12 07:49:54 ERROR 404: Not Found.
http://cdn2.pokemon-gl.com/src/swf/theme/assets/global/parts/pokemon/scaled/ecfieaad.swf:
2013-09-12 07:49:54 ERROR 404: Not Found.
http://cdn2.pokemon-gl.com/src/swf/theme/assets/global/parts/pokemon/scaled/ecfbhbih.swf:
2013-09-12 07:49:55 ERROR 404: Not Found.
http://cdn2.pokemon-gl.com/src/swf/theme/assets/global/parts/pokemon/scaled/ecjhfjdj.swf:
2013-09-12 07:49:55 ERROR 404: Not Found.
http://cdn2.pokemon-gl.com/src/swf/theme/assets/global/parts/pokemon/scaled/ecjbaead.swf:
2013-09-12 07:49:55 ERROR 404: Not Found.
http://cdn2.pokemon-gl.com/src/swf/theme/assets/global/parts/pokemon/scaled/ecieeigh.swf:
2013-09-12 07:49:56 ERROR 404: Not Found.
http://cdn2.pokemon-gl.com/src/swf/theme/assets/global/parts/pokemon/scaled/echhjddb.swf:
2013-09-12 07:49:56 ERROR 404: Not Found.
http://cdn2.pokemon-gl.com/src/swf/theme/assets/global/parts/pokemon/scaled/edcdhich.swf:
2013-09-12 07:49:56 ERROR 404: Not Found.
http://cdn2.pokemon-gl.com/src/swf/theme/assets/global/parts/pokemon/scaled/edbhccjb.swf:
2013-09-12 07:49:56 ERROR 404: Not Found.
http://cdn2.pokemon-gl.com/src/swf/theme/assets/global/parts/pokemon/scaled/edbahabb.swf:
2013-09-12 07:49:57 ERROR 404: Not Found.
http://cdn2.pokemon-gl.com/src/swf/theme/assets/global/parts/pokemon/scaled/edaebehf.swf:
2013-09-12 07:49:57 ERROR 404: Not Found.
http://cdn2.pokemon-gl.com/src/swf/theme/assets/global/parts/pokemon/scaled/edfaacch.swf:
2013-09-12 07:49:57 ERROR 404: Not Found.
http://cdn2.pokemon-gl.com/src/swf/theme/assets/global/parts/pokemon/scaled/ededegjb.swf:
2013-09-12 07:49:57 ERROR 404: Not Found.
http://cdn2.pokemon-gl.com/src/swf/theme/assets/global/parts/pokemon/scaled/eddgjbff.swf:
2013-09-12 07:49:58 ERROR 404: Not Found.
http://cdn2.pokemon-gl.com/src/swf/theme/assets/global/parts/pokemon/scaled/eddadgbj.swf:
2013-09-12 07:49:58 ERROR 404: Not Found.
http://cdn2.pokemon-gl.com/src/swf/theme/assets/global/parts/pokemon/scaled/edhgcdhb.swf:
2013-09-12 07:49:58 ERROR 404: Not Found.
http://cdn2.pokemon-gl.com/src/swf/theme/assets/global/parts/pokemon/scaled/edgjgidf.swf:
2013-09-12 07:49:59 ERROR 404: Not Found.
http://cdn2.pokemon-gl.com/src/swf/theme/assets/global/parts/pokemon/scaled/edgdbcjj.swf:
2013-09-12 07:49:59 ERROR 404: Not Found.
http://cdn2.pokemon-gl.com/src/swf/theme/assets/global/parts/pokemon/scaled/edfgfhgd.swf:
2013-09-12 07:49:59 ERROR 404: Not Found.
http://cdn2.pokemon-gl.com/src/swf/theme/assets/global/parts/pokemon/scaled/eeacefbf.swf:
2013-09-12 07:49:59 ERROR 404: Not Found.
http://cdn2.pokemon-gl.com/src/swf/theme/assets/global/parts/pokemon/scaled/edjfijhj.swf:
2013-09-12 07:50:00 ERROR 404: Not Found.
http://cdn2.pokemon-gl.com/src/swf/theme/assets/global/parts/pokemon/scaled/edijdeed.swf:
2013-09-12 07:50:00 ERROR 404: Not Found.
http://cdn2.pokemon-gl.com/src/swf/theme/assets/global/parts/pokemon/scaled/edichjah.swf:
2013-09-12 07:50:00 ERROR 404: Not Found.
http://cdn2.pokemon-gl.com/src/swf/theme/assets/global/parts/pokemon/scaled/eeciggfj.swf:
2013-09-12 07:50:01 ERROR 404: Not Found.
http://cdn2.pokemon-gl.com/src/swf/theme/assets/global/parts/pokemon/scaled/eeccbbcd.swf:
2013-09-12 07:50:01 ERROR 404: Not Found.
http://cdn2.pokemon-gl.com/src/swf/theme/assets/global/parts/pokemon/scaled/eebfffih.swf:
2013-09-12 07:50:01 ERROR 404: Not Found.
http://cdn2.pokemon-gl.com/src/swf/theme/assets/global/parts/pokemon/scaled/eeajaafb.swf:
2013-09-12 07:50:01 ERROR 404: Not Found.
http://cdn2.pokemon-gl.com/src/swf/theme/assets/global/parts/pokemon/scaled/eefeiiad.swf:
2013-09-12 07:50:02 ERROR 404: Not Found.
http://cdn2.pokemon-gl.com/src/swf/theme/assets/global/parts/pokemon/scaled/eeeidcgh.swf:
2013-09-12 07:50:02 ERROR 404: Not Found.
http://cdn2.pokemon-gl.com/src/swf/theme/assets/global/parts/pokemon/scaled/eeebhhdb.swf:
2013-09-12 07:50:02 ERROR 404: Not Found.
http://cdn2.pokemon-gl.com/src/swf/theme/assets/global/parts/pokemon/scaled/eedfcbjf.swf:
2013-09-12 07:50:03 ERROR 404: Not Found.
http://cdn2.pokemon-gl.com/src/swf/theme/assets/global/parts/pokemon/scaled/eeibajeh.swf:
2013-09-12 07:50:03 ERROR 404: Not Found.
http://cdn2.pokemon-gl.com/src/swf/theme/assets/global/parts/pokemon/scaled/eehefebb.swf:
2013-09-12 07:50:03 ERROR 404: Not Found.
http://cdn2.pokemon-gl.com/src/swf/theme/assets/global/parts/pokemon/scaled/eeghjihf.swf:
2013-09-12 07:50:03 ERROR 404: Not Found.
http://cdn2.pokemon-gl.com/src/swf/theme/assets/global/parts/pokemon/scaled/eegbeddj.swf:
2013-09-12 07:50:04 ERROR 404: Not Found.
http://cdn2.pokemon-gl.com/src/swf/theme/assets/global/parts/pokemon/scaled/efahdajb.swf:
2013-09-12 07:50:04 ERROR 404: Not Found.
http://cdn2.pokemon-gl.com/src/swf/theme/assets/global/parts/pokemon/scaled/efaahfff.swf:
2013-09-12 07:50:04 ERROR 404: Not Found.
http://cdn2.pokemon-gl.com/src/swf/theme/assets/global/parts/pokemon/scaled/eejecabj.swf:
2013-09-12 07:50:04 ERROR 404: Not Found.
http://cdn2.pokemon-gl.com/src/swf/theme/assets/global/parts/pokemon/scaled/eeihgeid.swf:
2013-09-12 07:50:05 ERROR 404: Not Found.
http://cdn2.pokemon-gl.com/src/swf/theme/assets/global/parts/pokemon/scaled/efddfcdf.swf:
2013-09-12 07:50:05 ERROR 404: Not Found.
http://cdn2.pokemon-gl.com/src/swf/theme/assets/global/parts/pokemon/scaled/efcgjgjj.swf:
2013-09-12 07:50:05 ERROR 404: Not Found.
http://cdn2.pokemon-gl.com/src/swf/theme/assets/global/parts/pokemon/scaled/efcaebgd.swf:
2013-09-12 07:50:06 ERROR 404: Not Found.
http://cdn2.pokemon-gl.com/src/swf/theme/assets/global/parts/pokemon/scaled/efbdigch.swf:
2013-09-12 07:50:06 ERROR 404: Not Found.
http://cdn2.pokemon-gl.com/src/swf/theme/assets/global/parts/pokemon/scaled/effjhdhj.swf:
2013-09-12 07:50:06 ERROR 404: Not Found.
http://cdn2.pokemon-gl.com/src/swf/theme/assets/global/parts/pokemon/scaled/effdbied.swf:
2013-09-12 07:50:06 ERROR 404: Not Found.
http://cdn2.pokemon-gl.com/src/swf/theme/assets/global/parts/pokemon/scaled/efeggdah.swf:
2013-09-12 07:50:07 ERROR 404: Not Found.
http://cdn2.pokemon-gl.com/src/swf/theme/assets/global/parts/pokemon/scaled/efeaahhb.swf:
2013-09-12 07:50:07 ERROR 404: Not Found.
http://cdn2.pokemon-gl.com/src/swf/theme/assets/global/parts/pokemon/scaled/efifjfcd.swf:
2013-09-12 07:50:07 ERROR 404: Not Found.
http://cdn2.pokemon-gl.com/src/swf/theme/assets/global/parts/pokemon/scaled/efhjdjih.swf:
2013-09-12 07:50:08 ERROR 404: Not Found.
http://cdn2.pokemon-gl.com/src/swf/theme/assets/global/parts/pokemon/scaled/efhciefb.swf:
2013-09-12 07:50:08 ERROR 404: Not Found.
http://cdn2.pokemon-gl.com/src/swf/theme/assets/global/parts/pokemon/scaled/efggcjbf.swf:
2013-09-12 07:50:08 ERROR 404: Not Found.
http://cdn2.pokemon-gl.com/src/swf/theme/assets/global/parts/pokemon/scaled/egbcbggh.swf:
2013-09-12 07:50:09 ERROR 404: Not Found.
http://cdn2.pokemon-gl.com/src/swf/theme/assets/global/parts/pokemon/scaled/egafgbdb.swf:
2013-09-12 07:50:09 ERROR 404: Not Found.
http://cdn2.pokemon-gl.com/src/swf/theme/assets/global/parts/pokemon/scaled/efjjafjf.swf:
2013-09-12 07:50:09 ERROR 404: Not Found.
http://cdn2.pokemon-gl.com/src/swf/theme/assets/global/parts/pokemon/scaled/efjcfafj.swf:
2013-09-12 07:50:09 ERROR 404: Not Found.
http://cdn2.pokemon-gl.com/src/swf/theme/assets/global/parts/pokemon/scaled/dhjjfcad.swf:
2013-09-12 07:50:10 ERROR 404: Not Found.
http://cdn2.pokemon-gl.com/src/swf/theme/assets/global/parts/pokemon/scaled/dhjcjebb.swf:
2013-09-12 07:50:10 ERROR 404: Not Found.
http://cdn2.pokemon-gl.com/src/swf/theme/assets/global/parts/pokemon/scaled/dhigdihf.swf:
2013-09-12 07:50:10 ERROR 404: Not Found.
http://cdn2.pokemon-gl.com/src/swf/theme/assets/global/parts/pokemon/scaled/dhhjifjf.swf:
2013-09-12 07:50:10 ERROR 404: Not Found.
http://cdn2.pokemon-gl.com/src/swf/theme/assets/global/parts/pokemon/scaled/dicfhdeh.swf:
2013-09-12 07:50:11 ERROR 404: Not Found.
http://cdn2.pokemon-gl.com/src/swf/theme/assets/global/parts/pokemon/scaled/dibjbfff.swf:
2013-09-12 07:50:11 ERROR 404: Not Found.
http://cdn2.pokemon-gl.com/src/swf/theme/assets/global/parts/pokemon/scaled/dibcfhgd.swf:
2013-09-12 07:50:11 ERROR 404: Not Found.
http://cdn2.pokemon-gl.com/src/swf/theme/assets/global/parts/pokemon/scaled/diagaeid.swf:
2013-09-12 07:50:11 ERROR 404: Not Found.
http://cdn2.pokemon-gl.com/src/swf/theme/assets/global/parts/pokemon/scaled/difbjcdf.swf:
2013-09-12 07:50:12 ERROR 404: Not Found.
http://cdn2.pokemon-gl.com/src/swf/theme/assets/global/parts/pokemon/scaled/diefejhj.swf:
2013-09-12 07:50:12 ERROR 404: Not Found.
