2013-09-12 11:47:31 URL:http://cdn2.pokemon-gl.com/src/swf/theme/assets/global/parts/item/90/bcicjdhj.swf [7067/7067] -> "1.swf" [1]
2013-09-12 11:47:31 URL:http://cdn2.pokemon-gl.com/src/swf/theme/assets/global/parts/item/90/bcicjbcd.swf [6499/6499] -> "2.swf" [1]
2013-09-12 11:47:32 URL:http://cdn2.pokemon-gl.com/src/swf/theme/assets/global/parts/item/90/bciciigh.swf [7155/7155] -> "3.swf" [1]
2013-09-12 11:47:32 URL:http://cdn2.pokemon-gl.com/src/swf/theme/assets/global/parts/item/90/bcidagfj.swf [5837/5837] -> "4.swf" [1]
2013-09-12 11:47:32 URL:http://cdn2.pokemon-gl.com/src/swf/theme/assets/global/parts/item/90/bcidaead.swf [7973/7973] -> "5.swf" [1]
2013-09-12 11:47:33 URL:http://cdn2.pokemon-gl.com/src/swf/theme/assets/global/parts/item/90/bcidabeh.swf [8451/8451] -> "6.swf" [1]
2013-09-12 11:47:33 URL:http://cdn2.pokemon-gl.com/src/swf/theme/assets/global/parts/item/90/bcicjijb.swf [6712/6712] -> "7.swf" [1]
2013-09-12 11:47:34 URL:http://cdn2.pokemon-gl.com/src/swf/theme/assets/global/parts/item/90/bcidbgid.swf [6833/6833] -> "8.swf" [1]
2013-09-12 11:47:34 URL:http://cdn2.pokemon-gl.com/src/swf/theme/assets/global/parts/item/90/bcidbech.swf [6960/6960] -> "9.swf" [1]
2013-09-12 11:47:34 URL:http://cdn2.pokemon-gl.com/src/swf/theme/assets/global/parts/item/90/bcidbbhb.swf [7230/7230] -> "10.swf" [1]
2013-09-12 11:47:35 URL:http://cdn2.pokemon-gl.com/src/swf/theme/assets/global/parts/item/90/bcidajbf.swf [7420/7420] -> "11.swf" [1]
2013-09-12 11:47:35 URL:http://cdn2.pokemon-gl.com/src/swf/theme/assets/global/parts/item/90/bcidchah.swf [6062/6062] -> "12.swf" [1]
2013-09-12 11:47:35 URL:http://cdn2.pokemon-gl.com/src/swf/theme/assets/global/parts/item/90/bcidcefb.swf [6472/6472] -> "13.swf" [1]
2013-09-12 11:47:35 URL:http://cdn2.pokemon-gl.com/src/swf/theme/assets/global/parts/item/90/bcidcbjf.swf [7157/7157] -> "14.swf" [1]
2013-09-12 11:47:36 URL:http://cdn2.pokemon-gl.com/src/swf/theme/assets/global/parts/item/90/bcidbjdj.swf [6447/6447] -> "15.swf" [1]
http://cdn2.pokemon-gl.com/src/swf/theme/assets/global/parts/item/90/bciddhdb.swf:
2013-09-12 11:47:36 ERROR 404: Not Found.
2013-09-12 11:47:36 URL:http://cdn2.pokemon-gl.com/src/swf/theme/assets/global/parts/item/90/bciddehf.swf [7007/7007] -> "17.swf" [1]
2013-09-12 11:47:37 URL:http://cdn2.pokemon-gl.com/src/swf/theme/assets/global/parts/item/90/bciddcbj.swf [4541/4541] -> "18.swf" [1]
2013-09-12 11:47:37 URL:http://cdn2.pokemon-gl.com/src/swf/theme/assets/global/parts/item/90/bcidcjgd.swf [4467/4467] -> "19.swf" [1]
2013-09-12 11:47:38 URL:http://cdn2.pokemon-gl.com/src/swf/theme/assets/global/parts/item/90/bcidehff.swf [4519/4519] -> "20.swf" [1]
2013-09-12 11:47:38 URL:http://cdn2.pokemon-gl.com/src/swf/theme/assets/global/parts/item/90/bcideejj.swf [4507/4507] -> "21.swf" [1]
2013-09-12 11:47:38 URL:http://cdn2.pokemon-gl.com/src/swf/theme/assets/global/parts/item/90/bcideced.swf [4521/4521] -> "22.swf" [1]
2013-09-12 11:47:39 URL:http://cdn2.pokemon-gl.com/src/swf/theme/assets/global/parts/item/90/bciddjih.swf [6435/6435] -> "23.swf" [1]
2013-09-12 11:47:39 URL:http://cdn2.pokemon-gl.com/src/swf/theme/assets/global/parts/item/90/bcidfhhj.swf [6422/6422] -> "24.swf" [1]
2013-09-12 11:47:39 URL:http://cdn2.pokemon-gl.com/src/swf/theme/assets/global/parts/item/90/bcidffcd.swf [7001/7001] -> "25.swf" [1]
2013-09-12 11:47:40 URL:http://cdn2.pokemon-gl.com/src/swf/theme/assets/global/parts/item/90/bcidfcgh.swf [6976/6976] -> "26.swf" [1]
2013-09-12 11:47:40 URL:http://cdn2.pokemon-gl.com/src/swf/theme/assets/global/parts/item/90/bcidfabb.swf [4618/4618] -> "27.swf" [1]
2013-09-12 11:47:40 URL:http://cdn2.pokemon-gl.com/src/swf/theme/assets/global/parts/item/90/bcidgiad.swf [2999/2999] -> "28.swf" [1]
2013-09-12 11:47:41 URL:http://cdn2.pokemon-gl.com/src/swf/theme/assets/global/parts/item/90/bcidgfeh.swf [4806/4806] -> "29.swf" [1]
2013-09-12 11:47:41 URL:http://cdn2.pokemon-gl.com/src/swf/theme/assets/global/parts/item/90/bcidgcjb.swf [5413/5413] -> "30.swf" [1]
2013-09-12 11:47:41 URL:http://cdn2.pokemon-gl.com/src/swf/theme/assets/global/parts/item/90/bcidgadf.swf [4681/4681] -> "31.swf" [1]
2013-09-12 11:47:42 URL:http://cdn2.pokemon-gl.com/src/swf/theme/assets/global/parts/item/90/bcidhich.swf [5976/5976] -> "32.swf" [1]
2013-09-12 11:47:42 URL:http://cdn2.pokemon-gl.com/src/swf/theme/assets/global/parts/item/90/bcidhfhb.swf [5056/5056] -> "33.swf" [1]
2013-09-12 11:47:42 URL:http://cdn2.pokemon-gl.com/src/swf/theme/assets/global/parts/item/90/bcidhdbf.swf [4900/4900] -> "34.swf" [1]
2013-09-12 11:47:42 URL:http://cdn2.pokemon-gl.com/src/swf/theme/assets/global/parts/item/90/bcidhafj.swf [6874/6874] -> "35.swf" [1]
2013-09-12 11:47:43 URL:http://cdn2.pokemon-gl.com/src/swf/theme/assets/global/parts/item/90/bcidiifb.swf [4898/4898] -> "36.swf" [1]
2013-09-12 11:47:43 URL:http://cdn2.pokemon-gl.com/src/swf/theme/assets/global/parts/item/90/bcidifjf.swf [6876/6876] -> "37.swf" [1]
2013-09-12 11:47:44 URL:http://cdn2.pokemon-gl.com/src/swf/theme/assets/global/parts/item/90/bcididdj.swf [5001/5001] -> "38.swf" [1]
2013-09-12 11:47:44 URL:http://cdn2.pokemon-gl.com/src/swf/theme/assets/global/parts/item/90/bcidiaid.swf [5068/5068] -> "39.swf" [1]
2013-09-12 11:47:44 URL:http://cdn2.pokemon-gl.com/src/swf/theme/assets/global/parts/item/90/bcidjihf.swf [4956/4956] -> "40.swf" [1]
2013-09-12 11:47:44 URL:http://cdn2.pokemon-gl.com/src/swf/theme/assets/global/parts/item/90/bcidjgbj.swf [5060/5060] -> "41.swf" [1]
2013-09-12 11:47:45 URL:http://cdn2.pokemon-gl.com/src/swf/theme/assets/global/parts/item/90/bcidjdgd.swf [7848/7848] -> "42.swf" [1]
2013-09-12 11:47:45 URL:http://cdn2.pokemon-gl.com/src/swf/theme/assets/global/parts/item/90/bcidjbah.swf [8069/8069] -> "43.swf" [1]
2013-09-12 11:47:45 URL:http://cdn2.pokemon-gl.com/src/swf/theme/assets/global/parts/item/90/bcieaijj.swf [7089/7089] -> "44.swf" [1]
2013-09-12 11:47:46 URL:http://cdn2.pokemon-gl.com/src/swf/theme/assets/global/parts/item/90/bcieaged.swf [4461/4461] -> "45.swf" [1]
2013-09-12 11:47:46 URL:http://cdn2.pokemon-gl.com/src/swf/theme/assets/global/parts/item/90/bcieadih.swf [4436/4436] -> "46.swf" [1]
2013-09-12 11:47:46 URL:http://cdn2.pokemon-gl.com/src/swf/theme/assets/global/parts/item/90/bcieabdb.swf [4387/4387] -> "47.swf" [1]
2013-09-12 11:47:47 URL:http://cdn2.pokemon-gl.com/src/swf/theme/assets/global/parts/item/90/bciebjcd.swf [4399/4399] -> "48.swf" [1]
2013-09-12 11:47:47 URL:http://cdn2.pokemon-gl.com/src/swf/theme/assets/global/parts/item/90/bciebggh.swf [4395/4395] -> "49.swf" [1]
2013-09-12 11:47:47 URL:http://cdn2.pokemon-gl.com/src/swf/theme/assets/global/parts/item/90/bciebebb.swf [6702/6702] -> "50.swf" [1]
2013-09-12 11:47:48 URL:http://cdn2.pokemon-gl.com/src/swf/theme/assets/global/parts/item/90/bciebbff.swf [4763/4763] -> "51.swf" [1]
2013-09-12 11:47:48 URL:http://cdn2.pokemon-gl.com/src/swf/theme/assets/global/parts/item/90/bciecjeh.swf [4401/4401] -> "52.swf" [1]
2013-09-12 11:47:48 URL:http://cdn2.pokemon-gl.com/src/swf/theme/assets/global/parts/item/90/bciecgjb.swf [4438/4438] -> "53.swf" [1]
2013-09-12 11:47:49 URL:http://cdn2.pokemon-gl.com/src/swf/theme/assets/global/parts/item/90/bciecedf.swf [2834/2834] -> "54.swf" [1]
2013-09-12 11:47:49 URL:http://cdn2.pokemon-gl.com/src/swf/theme/assets/global/parts/item/90/bciecbhj.swf [8920/8920] -> "55.swf" [1]
2013-09-12 11:47:49 URL:http://cdn2.pokemon-gl.com/src/swf/theme/assets/global/parts/item/90/bciedjhb.swf [9251/9251] -> "56.swf" [1]
2013-09-12 11:47:50 URL:http://cdn2.pokemon-gl.com/src/swf/theme/assets/global/parts/item/90/bciedhbf.swf [9217/9217] -> "57.swf" [1]
2013-09-12 11:47:50 URL:http://cdn2.pokemon-gl.com/src/swf/theme/assets/global/parts/item/90/bciedefj.swf [9109/9109] -> "58.swf" [1]
2013-09-12 11:47:50 URL:http://cdn2.pokemon-gl.com/src/swf/theme/assets/global/parts/item/90/bciedcad.swf [8922/8922] -> "59.swf" [1]
2013-09-12 11:47:51 URL:http://cdn2.pokemon-gl.com/src/swf/theme/assets/global/parts/item/90/bcieejjf.swf [8711/8711] -> "60.swf" [1]
2013-09-12 11:47:51 URL:http://cdn2.pokemon-gl.com/src/swf/theme/assets/global/parts/item/90/bcieehdj.swf [8957/8957] -> "61.swf" [1]
2013-09-12 11:47:51 URL:http://cdn2.pokemon-gl.com/src/swf/theme/assets/global/parts/item/90/bcieeeid.swf [9173/9173] -> "62.swf" [1]
2013-09-12 11:47:52 URL:http://cdn2.pokemon-gl.com/src/swf/theme/assets/global/parts/item/90/bcieecch.swf [7491/7491] -> "63.swf" [1]
2013-09-12 11:47:52 URL:http://cdn2.pokemon-gl.com/src/swf/theme/assets/global/parts/item/90/bcibdcfb.swf [7581/7581] -> "64.swf" [1]
2013-09-12 11:47:52 URL:http://cdn2.pokemon-gl.com/src/swf/theme/assets/global/parts/item/90/bcibcjjf.swf [6712/6712] -> "65.swf" [1]
2013-09-12 11:47:53 URL:http://cdn2.pokemon-gl.com/src/swf/theme/assets/global/parts/item/90/bcibchdj.swf [6603/6603] -> "66.swf" [1]
2013-09-12 11:47:53 URL:http://cdn2.pokemon-gl.com/src/swf/theme/assets/global/parts/item/90/bcibceid.swf [6546/6546] -> "67.swf" [1]
2013-09-12 11:47:53 URL:http://cdn2.pokemon-gl.com/src/swf/theme/assets/global/parts/item/90/bcibechf.swf [6561/6561] -> "68.swf" [1]
2013-09-12 11:47:54 URL:http://cdn2.pokemon-gl.com/src/swf/theme/assets/global/parts/item/90/bcibeabj.swf [6329/6329] -> "69.swf" [1]
2013-09-12 11:47:54 URL:http://cdn2.pokemon-gl.com/src/swf/theme/assets/global/parts/item/90/bcibdhgd.swf [4722/4722] -> "70.swf" [1]
2013-09-12 11:47:54 URL:http://cdn2.pokemon-gl.com/src/swf/theme/assets/global/parts/item/90/bcibdfah.swf [9101/9101] -> "71.swf" [1]
2013-09-12 11:47:54 URL:http://cdn2.pokemon-gl.com/src/swf/theme/assets/global/parts/item/90/bcibfcjj.swf [3788/3788] -> "72.swf" [1]
2013-09-12 11:47:55 URL:http://cdn2.pokemon-gl.com/src/swf/theme/assets/global/parts/item/90/bcibfaed.swf [3774/3774] -> "73.swf" [1]
2013-09-12 11:47:55 URL:http://cdn2.pokemon-gl.com/src/swf/theme/assets/global/parts/item/90/bcibehih.swf [3793/3793] -> "74.swf" [1]
2013-09-12 11:47:55 URL:http://cdn2.pokemon-gl.com/src/swf/theme/assets/global/parts/item/90/bcibefdb.swf [3744/3744] -> "75.swf" [1]
2013-09-12 11:47:56 URL:http://cdn2.pokemon-gl.com/src/swf/theme/assets/global/parts/item/90/bcibgdcd.swf [4986/4986] -> "76.swf" [1]
2013-09-12 11:47:56 URL:http://cdn2.pokemon-gl.com/src/swf/theme/assets/global/parts/item/90/bcibgagh.swf [4992/4992] -> "77.swf" [1]
2013-09-12 11:47:56 URL:http://cdn2.pokemon-gl.com/src/swf/theme/assets/global/parts/item/90/bcibfibb.swf [7747/7747] -> "78.swf" [1]
2013-09-12 11:47:57 URL:http://cdn2.pokemon-gl.com/src/swf/theme/assets/global/parts/item/90/bcibffff.swf [4974/4974] -> "79.swf" [1]
2013-09-12 11:47:57 URL:http://cdn2.pokemon-gl.com/src/swf/theme/assets/global/parts/item/90/bcibhdeh.swf [8490/8490] -> "80.swf" [1]
2013-09-12 11:47:57 URL:http://cdn2.pokemon-gl.com/src/swf/theme/assets/global/parts/item/90/bcibhajb.swf [6797/6797] -> "81.swf" [1]
2013-09-12 11:47:58 URL:http://cdn2.pokemon-gl.com/src/swf/theme/assets/global/parts/item/90/bcibgidf.swf [6398/6398] -> "82.swf" [1]
2013-09-12 11:47:58 URL:http://cdn2.pokemon-gl.com/src/swf/theme/assets/global/parts/item/90/bcibgfhj.swf [5843/5843] -> "83.swf" [1]
2013-09-12 11:47:58 URL:http://cdn2.pokemon-gl.com/src/swf/theme/assets/global/parts/item/90/bcibidhb.swf [6419/6419] -> "84.swf" [1]
2013-09-12 11:47:59 URL:http://cdn2.pokemon-gl.com/src/swf/theme/assets/global/parts/item/90/bcibibbf.swf [7575/7575] -> "85.swf" [1]
2013-09-12 11:47:59 URL:http://cdn2.pokemon-gl.com/src/swf/theme/assets/global/parts/item/90/bcibhifj.swf [5905/5905] -> "86.swf" [1]
2013-09-12 11:47:59 URL:http://cdn2.pokemon-gl.com/src/swf/theme/assets/global/parts/item/90/bcibhgad.swf [6323/6323] -> "87.swf" [1]
2013-09-12 11:48:00 URL:http://cdn2.pokemon-gl.com/src/swf/theme/assets/global/parts/item/90/bcibjdjf.swf [6968/6968] -> "88.swf" [1]
2013-09-12 11:48:00 URL:http://cdn2.pokemon-gl.com/src/swf/theme/assets/global/parts/item/90/bcibjbdj.swf [8199/8199] -> "89.swf" [1]
2013-09-12 11:48:00 URL:http://cdn2.pokemon-gl.com/src/swf/theme/assets/global/parts/item/90/bcibiiid.swf [7991/7991] -> "90.swf" [1]
2013-09-12 11:48:00 URL:http://cdn2.pokemon-gl.com/src/swf/theme/assets/global/parts/item/90/bcibigch.swf [5223/5223] -> "91.swf" [1]
2013-09-12 11:48:01 URL:http://cdn2.pokemon-gl.com/src/swf/theme/assets/global/parts/item/90/bcicaebj.swf [6095/6095] -> "92.swf" [1]
2013-09-12 11:48:01 URL:http://cdn2.pokemon-gl.com/src/swf/theme/assets/global/parts/item/90/bcicabgd.swf [5699/5699] -> "93.swf" [1]
2013-09-12 11:48:01 URL:http://cdn2.pokemon-gl.com/src/swf/theme/assets/global/parts/item/90/bcibjjah.swf [5825/5825] -> "94.swf" [1]
http://cdn2.pokemon-gl.com/src/swf/theme/assets/global/parts/item/90/bcibjgfb.swf:
2013-09-12 11:48:02 ERROR 404: Not Found.
http://cdn2.pokemon-gl.com/src/swf/theme/assets/global/parts/item/90/bcicbeed.swf:
2013-09-12 11:48:02 ERROR 404: Not Found.
http://cdn2.pokemon-gl.com/src/swf/theme/assets/global/parts/item/90/bcicbbih.swf:
2013-09-12 11:48:02 ERROR 404: Not Found.
http://cdn2.pokemon-gl.com/src/swf/theme/assets/global/parts/item/90/bcicajdb.swf:
2013-09-12 11:48:02 ERROR 404: Not Found.
2013-09-12 11:48:03 URL:http://cdn2.pokemon-gl.com/src/swf/theme/assets/global/parts/item/90/bcicaghf.swf [10012/10012] -> "99.swf" [1]
2013-09-12 11:48:03 URL:http://cdn2.pokemon-gl.com/src/swf/theme/assets/global/parts/item/90/bciccegh.swf [8208/8208] -> "100.swf" [1]
2013-09-12 11:48:04 URL:http://cdn2.pokemon-gl.com/src/swf/theme/assets/global/parts/item/90/bcicccbb.swf [9201/9201] -> "101.swf" [1]
2013-09-12 11:48:04 URL:http://cdn2.pokemon-gl.com/src/swf/theme/assets/global/parts/item/90/bcicbjff.swf [8200/8200] -> "102.swf" [1]
2013-09-12 11:48:04 URL:http://cdn2.pokemon-gl.com/src/swf/theme/assets/global/parts/item/90/bcicbgjj.swf [7141/7141] -> "103.swf" [1]
2013-09-12 11:48:05 URL:http://cdn2.pokemon-gl.com/src/swf/theme/assets/global/parts/item/90/bcicdejb.swf [9432/9432] -> "104.swf" [1]
2013-09-12 11:48:05 URL:http://cdn2.pokemon-gl.com/src/swf/theme/assets/global/parts/item/90/bcicdcdf.swf [8669/8669] -> "105.swf" [1]
2013-09-12 11:48:05 URL:http://cdn2.pokemon-gl.com/src/swf/theme/assets/global/parts/item/90/bciccjhj.swf [4722/4722] -> "106.swf" [1]
2013-09-12 11:48:06 URL:http://cdn2.pokemon-gl.com/src/swf/theme/assets/global/parts/item/90/bcicchcd.swf [7093/7093] -> "107.swf" [1]
2013-09-12 11:48:06 URL:http://cdn2.pokemon-gl.com/src/swf/theme/assets/global/parts/item/90/bcicefbf.swf [5857/5857] -> "108.swf" [1]
2013-09-12 11:48:06 URL:http://cdn2.pokemon-gl.com/src/swf/theme/assets/global/parts/item/90/bcicecfj.swf [6679/6679] -> "109.swf" [1]
2013-09-12 11:48:07 URL:http://cdn2.pokemon-gl.com/src/swf/theme/assets/global/parts/item/90/bciceaad.swf [5713/5713] -> "110.swf" [1]
http://cdn2.pokemon-gl.com/src/swf/theme/assets/global/parts/item/90/bcicdheh.swf:
2013-09-12 11:48:07 ERROR 404: Not Found.
http://cdn2.pokemon-gl.com/src/swf/theme/assets/global/parts/item/90/bcicffdj.swf:
2013-09-12 11:48:07 ERROR 404: Not Found.
http://cdn2.pokemon-gl.com/src/swf/theme/assets/global/parts/item/90/bcicfcid.swf:
2013-09-12 11:48:08 ERROR 404: Not Found.
http://cdn2.pokemon-gl.com/src/swf/theme/assets/global/parts/item/90/bcicfach.swf:
2013-09-12 11:48:08 ERROR 404: Not Found.
http://cdn2.pokemon-gl.com/src/swf/theme/assets/global/parts/item/90/bcicehhb.swf:
2013-09-12 11:48:08 ERROR 404: Not Found.
http://cdn2.pokemon-gl.com/src/swf/theme/assets/global/parts/item/90/bcicgfgd.swf:
2013-09-12 11:48:09 ERROR 404: Not Found.
http://cdn2.pokemon-gl.com/src/swf/theme/assets/global/parts/item/90/bcicgdah.swf:
2013-09-12 11:48:09 ERROR 404: Not Found.
http://cdn2.pokemon-gl.com/src/swf/theme/assets/global/parts/item/90/bcicgafb.swf:
2013-09-12 11:48:09 ERROR 404: Not Found.
http://cdn2.pokemon-gl.com/src/swf/theme/assets/global/parts/item/90/bcicfhjf.swf:
2013-09-12 11:48:09 ERROR 404: Not Found.
http://cdn2.pokemon-gl.com/src/swf/theme/assets/global/parts/item/90/bcichfih.swf:
2013-09-12 11:48:10 ERROR 404: Not Found.
http://cdn2.pokemon-gl.com/src/swf/theme/assets/global/parts/item/90/bcichddb.swf:
2013-09-12 11:48:10 ERROR 404: Not Found.
http://cdn2.pokemon-gl.com/src/swf/theme/assets/global/parts/item/90/bcichahf.swf:
2013-09-12 11:48:10 ERROR 404: Not Found.
http://cdn2.pokemon-gl.com/src/swf/theme/assets/global/parts/item/90/bcicgibj.swf:
2013-09-12 11:48:11 ERROR 404: Not Found.
http://cdn2.pokemon-gl.com/src/swf/theme/assets/global/parts/item/90/bcicigbb.swf:
2013-09-12 11:48:11 ERROR 404: Not Found.
http://cdn2.pokemon-gl.com/src/swf/theme/assets/global/parts/item/90/bcicidff.swf:
2013-09-12 11:48:11 ERROR 404: Not Found.
http://cdn2.pokemon-gl.com/src/swf/theme/assets/global/parts/item/90/bciciajj.swf:
2013-09-12 11:48:12 ERROR 404: Not Found.
http://cdn2.pokemon-gl.com/src/swf/theme/assets/global/parts/item/90/bcichied.swf:
2013-09-12 11:48:12 ERROR 404: Not Found.
http://cdn2.pokemon-gl.com/src/swf/theme/assets/global/parts/item/90/bchjgigh.swf:
2013-09-12 11:48:12 ERROR 404: Not Found.
http://cdn2.pokemon-gl.com/src/swf/theme/assets/global/parts/item/90/bchjggbb.swf:
2013-09-12 11:48:12 ERROR 404: Not Found.
http://cdn2.pokemon-gl.com/src/swf/theme/assets/global/parts/item/90/bchjgdff.swf:
2013-09-12 11:48:13 ERROR 404: Not Found.
http://cdn2.pokemon-gl.com/src/swf/theme/assets/global/parts/item/90/bchjgajj.swf:
2013-09-12 11:48:13 ERROR 404: Not Found.
http://cdn2.pokemon-gl.com/src/swf/theme/assets/global/parts/item/90/bchjhijb.swf:
2013-09-12 11:48:13 ERROR 404: Not Found.
http://cdn2.pokemon-gl.com/src/swf/theme/assets/global/parts/item/90/bchjhgdf.swf:
2013-09-12 11:48:14 ERROR 404: Not Found.
2013-09-12 11:48:14 URL:http://cdn2.pokemon-gl.com/src/swf/theme/assets/global/parts/item/90/bchjhdhj.swf [5032/5032] -> "134.swf" [1]
http://cdn2.pokemon-gl.com/src/swf/theme/assets/global/parts/item/90/bchjhbcd.swf:
2013-09-12 11:48:15 ERROR 404: Not Found.
http://cdn2.pokemon-gl.com/src/swf/theme/assets/global/parts/item/90/bchjijbf.swf:
2013-09-12 11:48:15 ERROR 404: Not Found.
http://cdn2.pokemon-gl.com/src/swf/theme/assets/global/parts/item/90/bchjigfj.swf:
2013-09-12 11:48:15 ERROR 404: Not Found.
http://cdn2.pokemon-gl.com/src/swf/theme/assets/global/parts/item/90/bchjiead.swf:
2013-09-12 11:48:16 ERROR 404: Not Found.
http://cdn2.pokemon-gl.com/src/swf/theme/assets/global/parts/item/90/bchjibeh.swf:
2013-09-12 11:48:16 ERROR 404: Not Found.
http://cdn2.pokemon-gl.com/src/swf/theme/assets/global/parts/item/90/bchjjjdj.swf:
2013-09-12 11:48:16 ERROR 404: Not Found.
http://cdn2.pokemon-gl.com/src/swf/theme/assets/global/parts/item/90/bchjjgid.swf:
2013-09-12 11:48:17 ERROR 404: Not Found.
http://cdn2.pokemon-gl.com/src/swf/theme/assets/global/parts/item/90/bchjjech.swf:
2013-09-12 11:48:17 ERROR 404: Not Found.
http://cdn2.pokemon-gl.com/src/swf/theme/assets/global/parts/item/90/bchjjbhb.swf:
2013-09-12 11:48:17 ERROR 404: Not Found.
http://cdn2.pokemon-gl.com/src/swf/theme/assets/global/parts/item/90/bciaajgd.swf:
2013-09-12 11:48:18 ERROR 404: Not Found.
http://cdn2.pokemon-gl.com/src/swf/theme/assets/global/parts/item/90/bciaahah.swf:
2013-09-12 11:48:18 ERROR 404: Not Found.
http://cdn2.pokemon-gl.com/src/swf/theme/assets/global/parts/item/90/bciaaefb.swf:
2013-09-12 11:48:19 ERROR 404: Not Found.
http://cdn2.pokemon-gl.com/src/swf/theme/assets/global/parts/item/90/bciaabjf.swf:
2013-09-12 11:48:19 ERROR 404: Not Found.
http://cdn2.pokemon-gl.com/src/swf/theme/assets/global/parts/item/90/bciabjih.swf:
2013-09-12 11:48:19 ERROR 404: Not Found.
2013-09-12 11:48:20 URL:http://cdn2.pokemon-gl.com/src/swf/theme/assets/global/parts/nuts/90/bcicjdhj.swf [7110/7110] -> "149.swf" [1]
2013-09-12 11:48:20 URL:http://cdn2.pokemon-gl.com/src/swf/theme/assets/global/parts/nuts/90/bcicjbcd.swf [6071/6071] -> "150.swf" [1]
2013-09-12 11:48:21 URL:http://cdn2.pokemon-gl.com/src/swf/theme/assets/global/parts/nuts/90/bciciigh.swf [6702/6702] -> "151.swf" [1]
2013-09-12 11:48:21 URL:http://cdn2.pokemon-gl.com/src/swf/theme/assets/global/parts/nuts/90/bcidagfj.swf [6987/6987] -> "152.swf" [1]
2013-09-12 11:48:21 URL:http://cdn2.pokemon-gl.com/src/swf/theme/assets/global/parts/nuts/90/bcidaead.swf [7071/7071] -> "153.swf" [1]
2013-09-12 11:48:22 URL:http://cdn2.pokemon-gl.com/src/swf/theme/assets/global/parts/nuts/90/bcidabeh.swf [5958/5958] -> "154.swf" [1]
2013-09-12 11:48:22 URL:http://cdn2.pokemon-gl.com/src/swf/theme/assets/global/parts/nuts/90/bcicjijb.swf [6962/6962] -> "155.swf" [1]
2013-09-12 11:48:22 URL:http://cdn2.pokemon-gl.com/src/swf/theme/assets/global/parts/nuts/90/bcidbgid.swf [7164/7164] -> "156.swf" [1]
2013-09-12 11:48:23 URL:http://cdn2.pokemon-gl.com/src/swf/theme/assets/global/parts/nuts/90/bcidbech.swf [6114/6114] -> "157.swf" [1]
2013-09-12 11:48:23 URL:http://cdn2.pokemon-gl.com/src/swf/theme/assets/global/parts/nuts/90/bcidbbhb.swf [6438/6438] -> "158.swf" [1]
2013-09-12 11:48:23 URL:http://cdn2.pokemon-gl.com/src/swf/theme/assets/global/parts/nuts/90/bcidajbf.swf [6073/6073] -> "159.swf" [1]
2013-09-12 11:48:24 URL:http://cdn2.pokemon-gl.com/src/swf/theme/assets/global/parts/nuts/90/bcidchah.swf [7165/7165] -> "160.swf" [1]
2013-09-12 11:48:24 URL:http://cdn2.pokemon-gl.com/src/swf/theme/assets/global/parts/nuts/90/bcidcefb.swf [6656/6656] -> "161.swf" [1]
2013-09-12 11:48:24 URL:http://cdn2.pokemon-gl.com/src/swf/theme/assets/global/parts/nuts/90/bcidcbjf.swf [6214/6214] -> "162.swf" [1]
2013-09-12 11:48:25 URL:http://cdn2.pokemon-gl.com/src/swf/theme/assets/global/parts/nuts/90/bcidbjdj.swf [7848/7848] -> "163.swf" [1]
2013-09-12 11:48:25 URL:http://cdn2.pokemon-gl.com/src/swf/theme/assets/global/parts/nuts/90/bciddhdb.swf [8165/8165] -> "164.swf" [1]
2013-09-12 11:48:25 URL:http://cdn2.pokemon-gl.com/src/swf/theme/assets/global/parts/nuts/90/bciddehf.swf [8721/8721] -> "165.swf" [1]
2013-09-12 11:48:26 URL:http://cdn2.pokemon-gl.com/src/swf/theme/assets/global/parts/nuts/90/bciddcbj.swf [6697/6697] -> "166.swf" [1]
2013-09-12 11:48:26 URL:http://cdn2.pokemon-gl.com/src/swf/theme/assets/global/parts/nuts/90/bcidcjgd.swf [5867/5867] -> "167.swf" [1]
2013-09-12 11:48:26 URL:http://cdn2.pokemon-gl.com/src/swf/theme/assets/global/parts/nuts/90/bcidehff.swf [7400/7400] -> "168.swf" [1]
2013-09-12 11:48:27 URL:http://cdn2.pokemon-gl.com/src/swf/theme/assets/global/parts/nuts/90/bcideejj.swf [5646/5646] -> "169.swf" [1]
2013-09-12 11:48:27 URL:http://cdn2.pokemon-gl.com/src/swf/theme/assets/global/parts/nuts/90/bcideced.swf [6625/6625] -> "170.swf" [1]
2013-09-12 11:48:27 URL:http://cdn2.pokemon-gl.com/src/swf/theme/assets/global/parts/nuts/90/bciddjih.swf [6650/6650] -> "171.swf" [1]
2013-09-12 11:48:28 URL:http://cdn2.pokemon-gl.com/src/swf/theme/assets/global/parts/nuts/90/bcidfhhj.swf [8135/8135] -> "172.swf" [1]
2013-09-12 11:48:29 URL:http://cdn2.pokemon-gl.com/src/swf/theme/assets/global/parts/nuts/90/bcidffcd.swf [5479/5479] -> "173.swf" [1]
2013-09-12 11:48:29 URL:http://cdn2.pokemon-gl.com/src/swf/theme/assets/global/parts/nuts/90/bcidfcgh.swf [7826/7826] -> "174.swf" [1]
2013-09-12 11:48:30 URL:http://cdn2.pokemon-gl.com/src/swf/theme/assets/global/parts/nuts/90/bcidfabb.swf [7648/7648] -> "175.swf" [1]
2013-09-12 11:48:30 URL:http://cdn2.pokemon-gl.com/src/swf/theme/assets/global/parts/nuts/90/bcidgiad.swf [5800/5800] -> "176.swf" [1]
2013-09-12 11:48:31 URL:http://cdn2.pokemon-gl.com/src/swf/theme/assets/global/parts/nuts/90/bcidgfeh.swf [7992/7992] -> "177.swf" [1]
2013-09-12 11:48:31 URL:http://cdn2.pokemon-gl.com/src/swf/theme/assets/global/parts/nuts/90/bcidgcjb.swf [5216/5216] -> "178.swf" [1]
2013-09-12 11:48:31 URL:http://cdn2.pokemon-gl.com/src/swf/theme/assets/global/parts/nuts/90/bcidgadf.swf [6057/6057] -> "179.swf" [1]
2013-09-12 11:48:32 URL:http://cdn2.pokemon-gl.com/src/swf/theme/assets/global/parts/nuts/90/bcidhich.swf [7363/7363] -> "180.swf" [1]
2013-09-12 11:48:32 URL:http://cdn2.pokemon-gl.com/src/swf/theme/assets/global/parts/nuts/90/bcidhfhb.swf [8374/8374] -> "181.swf" [1]
2013-09-12 11:48:32 URL:http://cdn2.pokemon-gl.com/src/swf/theme/assets/global/parts/nuts/90/bcidhdbf.swf [9890/9890] -> "182.swf" [1]
2013-09-12 11:48:33 URL:http://cdn2.pokemon-gl.com/src/swf/theme/assets/global/parts/nuts/90/bcidhafj.swf [7091/7091] -> "183.swf" [1]
2013-09-12 11:48:33 URL:http://cdn2.pokemon-gl.com/src/swf/theme/assets/global/parts/nuts/90/bcidiifb.swf [6502/6502] -> "184.swf" [1]
2013-09-12 11:48:34 URL:http://cdn2.pokemon-gl.com/src/swf/theme/assets/global/parts/nuts/90/bcidifjf.swf [8392/8392] -> "185.swf" [1]
2013-09-12 11:48:34 URL:http://cdn2.pokemon-gl.com/src/swf/theme/assets/global/parts/nuts/90/bcididdj.swf [6272/6272] -> "186.swf" [1]
2013-09-12 11:48:34 URL:http://cdn2.pokemon-gl.com/src/swf/theme/assets/global/parts/nuts/90/bcidiaid.swf [6090/6090] -> "187.swf" [1]
2013-09-12 11:48:35 URL:http://cdn2.pokemon-gl.com/src/swf/theme/assets/global/parts/nuts/90/bcidjihf.swf [7171/7171] -> "188.swf" [1]
2013-09-12 11:48:35 URL:http://cdn2.pokemon-gl.com/src/swf/theme/assets/global/parts/nuts/90/bcidjgbj.swf [6509/6509] -> "189.swf" [1]
2013-09-12 11:48:36 URL:http://cdn2.pokemon-gl.com/src/swf/theme/assets/global/parts/nuts/90/bcidjdgd.swf [6694/6694] -> "190.swf" [1]
2013-09-12 11:48:36 URL:http://cdn2.pokemon-gl.com/src/swf/theme/assets/global/parts/nuts/90/bcidjbah.swf [5304/5304] -> "191.swf" [1]
2013-09-12 11:48:36 URL:http://cdn2.pokemon-gl.com/src/swf/theme/assets/global/parts/nuts/90/bcieaijj.swf [6387/6387] -> "192.swf" [1]
2013-09-12 11:48:36 URL:http://cdn2.pokemon-gl.com/src/swf/theme/assets/global/parts/nuts/90/bcieaged.swf [6012/6012] -> "193.swf" [1]
2013-09-12 11:48:37 URL:http://cdn2.pokemon-gl.com/src/swf/theme/assets/global/parts/nuts/90/bcieadih.swf [7080/7080] -> "194.swf" [1]
2013-09-12 11:48:37 URL:http://cdn2.pokemon-gl.com/src/swf/theme/assets/global/parts/nuts/90/bcieabdb.swf [6784/6784] -> "195.swf" [1]
2013-09-12 11:48:38 URL:http://cdn2.pokemon-gl.com/src/swf/theme/assets/global/parts/nuts/90/bciebjcd.swf [7324/7324] -> "196.swf" [1]
2013-09-12 11:48:38 URL:http://cdn2.pokemon-gl.com/src/swf/theme/assets/global/parts/nuts/90/bciebggh.swf [6148/6148] -> "197.swf" [1]
2013-09-12 11:48:38 URL:http://cdn2.pokemon-gl.com/src/swf/theme/assets/global/parts/nuts/90/bciebebb.swf [7262/7262] -> "198.swf" [1]
2013-09-12 11:48:39 URL:http://cdn2.pokemon-gl.com/src/swf/theme/assets/global/parts/nuts/90/bciebbff.swf [8044/8044] -> "199.swf" [1]
2013-09-12 11:48:39 URL:http://cdn2.pokemon-gl.com/src/swf/theme/assets/global/parts/nuts/90/bciecjeh.swf [6876/6876] -> "200.swf" [1]
2013-09-12 11:48:40 URL:http://cdn2.pokemon-gl.com/src/swf/theme/assets/global/parts/nuts/90/bciecgjb.swf [8585/8585] -> "201.swf" [1]
2013-09-12 11:48:40 URL:http://cdn2.pokemon-gl.com/src/swf/theme/assets/global/parts/nuts/90/bciecedf.swf [8044/8044] -> "202.swf" [1]
2013-09-12 11:48:40 URL:http://cdn2.pokemon-gl.com/src/swf/theme/assets/global/parts/nuts/90/bciecbhj.swf [8482/8482] -> "203.swf" [1]
2013-09-12 11:48:41 URL:http://cdn2.pokemon-gl.com/src/swf/theme/assets/global/parts/nuts/90/bciedjhb.swf [8950/8950] -> "204.swf" [1]
2013-09-12 11:48:41 URL:http://cdn2.pokemon-gl.com/src/swf/theme/assets/global/parts/nuts/90/bciedhbf.swf [6649/6649] -> "205.swf" [1]
2013-09-12 11:48:41 URL:http://cdn2.pokemon-gl.com/src/swf/theme/assets/global/parts/nuts/90/bciedefj.swf [6845/6845] -> "206.swf" [1]
2013-09-12 11:48:42 URL:http://cdn2.pokemon-gl.com/src/swf/theme/assets/global/parts/nuts/90/bciedcad.swf [6954/6954] -> "207.swf" [1]
2013-09-12 11:48:42 URL:http://cdn2.pokemon-gl.com/src/swf/theme/assets/global/parts/nuts/90/bcieejjf.swf [6360/6360] -> "208.swf" [1]
2013-09-12 11:48:42 URL:http://cdn2.pokemon-gl.com/src/swf/theme/assets/global/parts/nuts/90/bcieehdj.swf [4554/4554] -> "209.swf" [1]
2013-09-12 11:48:43 URL:http://cdn2.pokemon-gl.com/src/swf/theme/assets/global/parts/nuts/90/bcieeeid.swf [8655/8655] -> "210.swf" [1]
2013-09-12 11:48:43 URL:http://cdn2.pokemon-gl.com/src/swf/theme/assets/global/parts/nuts/90/bcieecch.swf [7513/7513] -> "211.swf" [1]
2013-09-12 11:48:43 URL:http://cdn2.pokemon-gl.com/src/swf/theme/assets/global/parts/nuts/90/bcibdcfb.swf [7767/7767] -> "212.swf" [1]
http://cdn2.pokemon-gl.com/src/swf/theme/assets/global/parts/nuts/90/bcibcjjf.swf:
2013-09-12 11:48:44 ERROR 404: Not Found.
2013-09-12 11:48:44 URL:http://cdn2.pokemon-gl.com/src/swf/theme/assets/global/parts/item/90/bchifajb.swf [4373/4373] -> "214.swf" [1]
2013-09-12 11:48:45 URL:http://cdn2.pokemon-gl.com/src/swf/theme/assets/global/parts/item/90/bchieidf.swf [9102/9102] -> "215.swf" [1]
2013-09-12 11:48:45 URL:http://cdn2.pokemon-gl.com/src/swf/theme/assets/global/parts/item/90/bchiggch.swf [7581/7581] -> "216.swf" [1]
2013-09-12 11:48:45 URL:http://cdn2.pokemon-gl.com/src/swf/theme/assets/global/parts/item/90/bchigdhb.swf [5390/5390] -> "217.swf" [1]
2013-09-12 11:48:46 URL:http://cdn2.pokemon-gl.com/src/swf/theme/assets/global/parts/item/90/bchigbbf.swf [7553/7553] -> "218.swf" [1]
2013-09-12 11:48:46 URL:http://cdn2.pokemon-gl.com/src/swf/theme/assets/global/parts/item/90/bchififj.swf [4587/4587] -> "219.swf" [1]
2013-09-12 11:48:46 URL:http://cdn2.pokemon-gl.com/src/swf/theme/assets/global/parts/item/90/bchihgfb.swf [8223/8223] -> "220.swf" [1]
2013-09-12 11:48:47 URL:http://cdn2.pokemon-gl.com/src/swf/theme/assets/global/parts/item/90/bchihdjf.swf [6425/6425] -> "221.swf" [1]
2013-09-12 11:48:47 URL:http://cdn2.pokemon-gl.com/src/swf/theme/assets/global/parts/item/90/bchihbdj.swf [5265/5265] -> "222.swf" [1]
2013-09-12 11:48:47 URL:http://cdn2.pokemon-gl.com/src/swf/theme/assets/global/parts/item/90/bchigiid.swf [5288/5288] -> "223.swf" [1]
2013-09-12 11:48:48 URL:http://cdn2.pokemon-gl.com/src/swf/theme/assets/global/parts/item/90/bchiighf.swf [6106/6106] -> "224.swf" [1]
2013-09-12 11:48:48 URL:http://cdn2.pokemon-gl.com/src/swf/theme/assets/global/parts/item/90/bchiiebj.swf [6973/6973] -> "225.swf" [1]
2013-09-12 11:48:49 URL:http://cdn2.pokemon-gl.com/src/swf/theme/assets/global/parts/item/90/bchiibgd.swf [5440/5440] -> "226.swf" [1]
2013-09-12 11:48:49 URL:http://cdn2.pokemon-gl.com/src/swf/theme/assets/global/parts/item/90/bchihjah.swf [5060/5060] -> "227.swf" [1]
2013-09-12 11:48:49 URL:http://cdn2.pokemon-gl.com/src/swf/theme/assets/global/parts/item/90/bchijgjj.swf [7459/7459] -> "228.swf" [1]
2013-09-12 11:48:50 URL:http://cdn2.pokemon-gl.com/src/swf/theme/assets/global/parts/item/90/bchijeed.swf [6822/6822] -> "229.swf" [1]
2013-09-12 11:48:50 URL:http://cdn2.pokemon-gl.com/src/swf/theme/assets/global/parts/item/90/bchijbih.swf [8425/8425] -> "230.swf" [1]
2013-09-12 11:48:50 URL:http://cdn2.pokemon-gl.com/src/swf/theme/assets/global/parts/item/90/bchiijdb.swf [4195/4195] -> "231.swf" [1]
2013-09-12 11:48:51 URL:http://cdn2.pokemon-gl.com/src/swf/theme/assets/global/parts/item/90/bchjahcd.swf [9436/9436] -> "232.swf" [1]
2013-09-12 11:48:51 URL:http://cdn2.pokemon-gl.com/src/swf/theme/assets/global/parts/item/90/bchjaegh.swf [5157/5157] -> "233.swf" [1]
2013-09-12 11:48:52 URL:http://cdn2.pokemon-gl.com/src/swf/theme/assets/global/parts/item/90/bchjacbb.swf [5951/5951] -> "234.swf" [1]
2013-09-12 11:48:52 URL:http://cdn2.pokemon-gl.com/src/swf/theme/assets/global/parts/item/90/bchijjff.swf [5200/5200] -> "235.swf" [1]
2013-09-12 11:48:52 URL:http://cdn2.pokemon-gl.com/src/swf/theme/assets/global/parts/item/90/bchjbheh.swf [8939/8939] -> "236.swf" [1]
2013-09-12 11:48:53 URL:http://cdn2.pokemon-gl.com/src/swf/theme/assets/global/parts/item/90/bchjbejb.swf [6634/6634] -> "237.swf" [1]
2013-09-12 11:48:53 URL:http://cdn2.pokemon-gl.com/src/swf/theme/assets/global/parts/item/90/bchjbcdf.swf [4191/4191] -> "238.swf" [1]
2013-09-12 11:48:53 URL:http://cdn2.pokemon-gl.com/src/swf/theme/assets/global/parts/item/90/bchjajhj.swf [6272/6272] -> "239.swf" [1]
2013-09-12 11:48:54 URL:http://cdn2.pokemon-gl.com/src/swf/theme/assets/global/parts/item/90/bchjchhb.swf [4984/4984] -> "240.swf" [1]
2013-09-12 11:48:54 URL:http://cdn2.pokemon-gl.com/src/swf/theme/assets/global/parts/item/90/bchjcfbf.swf [5953/5953] -> "241.swf" [1]
2013-09-12 11:48:55 URL:http://cdn2.pokemon-gl.com/src/swf/theme/assets/global/parts/item/90/bchjccfj.swf [5071/5071] -> "242.swf" [1]
2013-09-12 11:48:55 URL:http://cdn2.pokemon-gl.com/src/swf/theme/assets/global/parts/item/90/bchjcaad.swf [5015/5015] -> "243.swf" [1]
2013-09-12 11:48:55 URL:http://cdn2.pokemon-gl.com/src/swf/theme/assets/global/parts/item/90/bchjdhjf.swf [5857/5857] -> "244.swf" [1]
2013-09-12 11:48:56 URL:http://cdn2.pokemon-gl.com/src/swf/theme/assets/global/parts/item/90/bchjdfdj.swf [3904/3904] -> "245.swf" [1]
2013-09-12 11:48:56 URL:http://cdn2.pokemon-gl.com/src/swf/theme/assets/global/parts/item/90/bchjdcid.swf [5450/5450] -> "246.swf" [1]
2013-09-12 11:48:56 URL:http://cdn2.pokemon-gl.com/src/swf/theme/assets/global/parts/item/90/bchjdach.swf [6391/6391] -> "247.swf" [1]
2013-09-12 11:48:57 URL:http://cdn2.pokemon-gl.com/src/swf/theme/assets/global/parts/item/90/bchjeibj.swf [4539/4539] -> "248.swf" [1]
2013-09-12 11:48:57 URL:http://cdn2.pokemon-gl.com/src/swf/theme/assets/global/parts/item/90/bchjefgd.swf [7273/7273] -> "249.swf" [1]
2013-09-12 11:48:57 URL:http://cdn2.pokemon-gl.com/src/swf/theme/assets/global/parts/item/90/bchjedah.swf [5936/5936] -> "250.swf" [1]
2013-09-12 11:48:57 URL:http://cdn2.pokemon-gl.com/src/swf/theme/assets/global/parts/item/90/bchjeafb.swf [6762/6762] -> "251.swf" [1]
2013-09-12 11:48:58 URL:http://cdn2.pokemon-gl.com/src/swf/theme/assets/global/parts/item/90/bchjfied.swf [5311/5311] -> "252.swf" [1]
2013-09-12 11:48:58 URL:http://cdn2.pokemon-gl.com/src/swf/theme/assets/global/parts/item/90/bchjffih.swf [7670/7670] -> "253.swf" [1]
2013-09-12 11:48:59 URL:http://cdn2.pokemon-gl.com/src/swf/theme/assets/global/parts/item/90/bchjfddb.swf [8227/8227] -> "254.swf" [1]
2013-09-12 11:48:59 URL:http://cdn2.pokemon-gl.com/src/swf/theme/assets/global/parts/item/90/bchjfahf.swf [8623/8623] -> "255.swf" [1]
2013-09-12 11:49:00 URL:http://cdn2.pokemon-gl.com/src/swf/theme/assets/global/parts/item/90/bchgeajj.swf [7219/7219] -> "256.swf" [1]
2013-09-12 11:49:00 URL:http://cdn2.pokemon-gl.com/src/swf/theme/assets/global/parts/item/90/bchgdied.swf [7185/7185] -> "257.swf" [1]
2013-09-12 11:49:00 URL:http://cdn2.pokemon-gl.com/src/swf/theme/assets/global/parts/item/90/bchgdfih.swf [4899/4899] -> "258.swf" [1]
2013-09-12 11:49:00 URL:http://cdn2.pokemon-gl.com/src/swf/theme/assets/global/parts/item/90/bchgdddb.swf [4268/4268] -> "259.swf" [1]
2013-09-12 11:49:01 URL:http://cdn2.pokemon-gl.com/src/swf/theme/assets/global/parts/item/90/bchgfbcd.swf [7095/7095] -> "260.swf" [1]
2013-09-12 11:49:01 URL:http://cdn2.pokemon-gl.com/src/swf/theme/assets/global/parts/item/90/bchgeigh.swf [7032/7032] -> "261.swf" [1]
2013-09-12 11:49:02 URL:http://cdn2.pokemon-gl.com/src/swf/theme/assets/global/parts/item/90/bchgegbb.swf [7272/7272] -> "262.swf" [1]
2013-09-12 11:49:02 URL:http://cdn2.pokemon-gl.com/src/swf/theme/assets/global/parts/item/90/bchgedff.swf [7097/7097] -> "263.swf" [1]
2013-09-12 11:49:03 URL:http://cdn2.pokemon-gl.com/src/swf/theme/assets/global/parts/item/90/bchggbeh.swf [7211/7211] -> "264.swf" [1]
2013-09-12 11:49:03 URL:http://cdn2.pokemon-gl.com/src/swf/theme/assets/global/parts/item/90/bchgfijb.swf [5311/5311] -> "265.swf" [1]
2013-09-12 11:49:03 URL:http://cdn2.pokemon-gl.com/src/swf/theme/assets/global/parts/item/90/bchgfgdf.swf [7530/7530] -> "266.swf" [1]
2013-09-12 11:49:04 URL:http://cdn2.pokemon-gl.com/src/swf/theme/assets/global/parts/item/90/bchgfdhj.swf [5497/5497] -> "267.swf" [1]
2013-09-12 11:49:04 URL:http://cdn2.pokemon-gl.com/src/swf/theme/assets/global/parts/item/90/bchghbhb.swf [5779/5779] -> "268.swf" [1]
2013-09-12 11:49:05 URL:http://cdn2.pokemon-gl.com/src/swf/theme/assets/global/parts/item/90/bchggjbf.swf [5908/5908] -> "269.swf" [1]
2013-09-12 11:49:05 URL:http://cdn2.pokemon-gl.com/src/swf/theme/assets/global/parts/item/90/bchgggfj.swf [6602/6602] -> "270.swf" [1]
2013-09-12 11:49:05 URL:http://cdn2.pokemon-gl.com/src/swf/theme/assets/global/parts/item/90/bchggead.swf [4638/4638] -> "271.swf" [1]
2013-09-12 11:49:06 URL:http://cdn2.pokemon-gl.com/src/swf/theme/assets/global/parts/item/90/bchgibjf.swf [7337/7337] -> "272.swf" [1]
2013-09-12 11:49:06 URL:http://cdn2.pokemon-gl.com/src/swf/theme/assets/global/parts/item/90/bchghjdj.swf [6695/6695] -> "273.swf" [1]
2013-09-12 11:49:06 URL:http://cdn2.pokemon-gl.com/src/swf/theme/assets/global/parts/item/90/bchghgid.swf [7190/7190] -> "274.swf" [1]
2013-09-12 11:49:06 URL:http://cdn2.pokemon-gl.com/src/swf/theme/assets/global/parts/item/90/bchghech.swf [6319/6319] -> "275.swf" [1]
2013-09-12 11:49:07 URL:http://cdn2.pokemon-gl.com/src/swf/theme/assets/global/parts/item/90/bchgjcbj.swf [7169/7169] -> "276.swf" [1]
2013-09-12 11:49:07 URL:http://cdn2.pokemon-gl.com/src/swf/theme/assets/global/parts/item/90/bchgijgd.swf [3887/3887] -> "277.swf" [1]
2013-09-12 11:49:07 URL:http://cdn2.pokemon-gl.com/src/swf/theme/assets/global/parts/item/90/bchgihah.swf [6108/6108] -> "278.swf" [1]
2013-09-12 11:49:08 URL:http://cdn2.pokemon-gl.com/src/swf/theme/assets/global/parts/item/90/bchgiefb.swf [6886/6886] -> "279.swf" [1]
2013-09-12 11:49:08 URL:http://cdn2.pokemon-gl.com/src/swf/theme/assets/global/parts/item/90/bchhaced.swf [7478/7478] -> "280.swf" [1]
2013-09-12 11:49:08 URL:http://cdn2.pokemon-gl.com/src/swf/theme/assets/global/parts/item/90/bchgjjih.swf [7640/7640] -> "281.swf" [1]
2013-09-12 11:49:09 URL:http://cdn2.pokemon-gl.com/src/swf/theme/assets/global/parts/item/90/bchgjhdb.swf [6874/6874] -> "282.swf" [1]
2013-09-12 11:49:09 URL:http://cdn2.pokemon-gl.com/src/swf/theme/assets/global/parts/item/90/bchgjehf.swf [7036/7036] -> "283.swf" [1]
2013-09-12 11:49:10 URL:http://cdn2.pokemon-gl.com/src/swf/theme/assets/global/parts/item/90/bchhbcgh.swf [6917/6917] -> "284.swf" [1]
2013-09-12 11:49:10 URL:http://cdn2.pokemon-gl.com/src/swf/theme/assets/global/parts/item/90/bchhbabb.swf [7918/7918] -> "285.swf" [1]
2013-09-12 11:49:11 URL:http://cdn2.pokemon-gl.com/src/swf/theme/assets/global/parts/item/90/bchhahff.swf [6605/6605] -> "286.swf" [1]
2013-09-12 11:49:11 URL:http://cdn2.pokemon-gl.com/src/swf/theme/assets/global/parts/item/90/bchhaejj.swf [6899/6899] -> "287.swf" [1]
2013-09-12 11:49:12 URL:http://cdn2.pokemon-gl.com/src/swf/theme/assets/global/parts/item/90/bchhccjb.swf [5645/5645] -> "288.swf" [1]
2013-09-12 11:49:12 URL:http://cdn2.pokemon-gl.com/src/swf/theme/assets/global/parts/item/90/bchhcadf.swf [6044/6044] -> "289.swf" [1]
2013-09-12 11:49:12 URL:http://cdn2.pokemon-gl.com/src/swf/theme/assets/global/parts/item/90/bchhbhhj.swf [6620/6620] -> "290.swf" [1]
2013-09-12 11:49:13 URL:http://cdn2.pokemon-gl.com/src/swf/theme/assets/global/parts/item/90/bchhbfcd.swf [7193/7193] -> "291.swf" [1]
2013-09-12 11:49:13 URL:http://cdn2.pokemon-gl.com/src/swf/theme/assets/global/parts/item/90/bchhddbf.swf [6044/6044] -> "292.swf" [1]
2013-09-12 11:49:14 URL:http://cdn2.pokemon-gl.com/src/swf/theme/assets/global/parts/item/90/bchhdafj.swf [6688/6688] -> "293.swf" [1]
2013-09-12 11:49:14 URL:http://cdn2.pokemon-gl.com/src/swf/theme/assets/global/parts/item/90/bchhciad.swf [6360/6360] -> "294.swf" [1]
2013-09-12 11:49:14 URL:http://cdn2.pokemon-gl.com/src/swf/theme/assets/global/parts/item/90/bchhcfeh.swf [7008/7008] -> "295.swf" [1]
2013-09-12 11:49:15 URL:http://cdn2.pokemon-gl.com/src/swf/theme/assets/global/parts/item/90/bchheddj.swf [7110/7110] -> "296.swf" [1]
2013-09-12 11:49:15 URL:http://cdn2.pokemon-gl.com/src/swf/theme/assets/global/parts/item/90/bchheaid.swf [5420/5420] -> "297.swf" [1]
2013-09-12 11:49:15 URL:http://cdn2.pokemon-gl.com/src/swf/theme/assets/global/parts/item/90/bchhdich.swf [3422/3422] -> "298.swf" [1]
2013-09-12 11:49:15 URL:http://cdn2.pokemon-gl.com/src/swf/theme/assets/global/parts/item/90/bchhdfhb.swf [3452/3452] -> "299.swf" [1]
2013-09-12 11:49:16 URL:http://cdn2.pokemon-gl.com/src/swf/theme/assets/global/parts/item/90/bchhfdgd.swf [3471/3471] -> "300.swf" [1]
2013-09-12 11:49:16 URL:http://cdn2.pokemon-gl.com/src/swf/theme/assets/global/parts/item/90/bchhfbah.swf [3461/3461] -> "301.swf" [1]
2013-09-12 11:49:16 URL:http://cdn2.pokemon-gl.com/src/swf/theme/assets/global/parts/item/90/bchheifb.swf [3525/3525] -> "302.swf" [1]
2013-09-12 11:49:17 URL:http://cdn2.pokemon-gl.com/src/swf/theme/assets/global/parts/item/90/bchhefjf.swf [3486/3486] -> "303.swf" [1]
2013-09-12 11:49:17 URL:http://cdn2.pokemon-gl.com/src/swf/theme/assets/global/parts/item/90/bchhgdih.swf [3472/3472] -> "304.swf" [1]
2013-09-12 11:49:17 URL:http://cdn2.pokemon-gl.com/src/swf/theme/assets/global/parts/item/90/bchhgbdb.swf [3481/3481] -> "305.swf" [1]
2013-09-12 11:49:18 URL:http://cdn2.pokemon-gl.com/src/swf/theme/assets/global/parts/item/90/bchhfihf.swf [3434/3434] -> "306.swf" [1]
2013-09-12 11:49:18 URL:http://cdn2.pokemon-gl.com/src/swf/theme/assets/global/parts/item/90/bchhfgbj.swf [3493/3493] -> "307.swf" [1]
2013-09-12 11:49:18 URL:http://cdn2.pokemon-gl.com/src/swf/theme/assets/global/parts/item/90/bchhhebb.swf [3489/3489] -> "308.swf" [1]
2013-09-12 11:49:18 URL:http://cdn2.pokemon-gl.com/src/swf/theme/assets/global/parts/item/90/bchhhbff.swf [3466/3466] -> "309.swf" [1]
2013-09-12 11:49:19 URL:http://cdn2.pokemon-gl.com/src/swf/theme/assets/global/parts/item/90/bchhgijj.swf [3490/3490] -> "310.swf" [1]
2013-09-12 11:49:19 URL:http://cdn2.pokemon-gl.com/src/swf/theme/assets/global/parts/item/90/bchhgged.swf [3465/3465] -> "311.swf" [1]
2013-09-12 11:49:19 URL:http://cdn2.pokemon-gl.com/src/swf/theme/assets/global/parts/item/90/bchhiedf.swf [3403/3403] -> "312.swf" [1]
2013-09-12 11:49:20 URL:http://cdn2.pokemon-gl.com/src/swf/theme/assets/global/parts/item/90/bchhibhj.swf [3467/3467] -> "313.swf" [1]
2013-09-12 11:49:20 URL:http://cdn2.pokemon-gl.com/src/swf/theme/assets/global/parts/item/90/bchhhjcd.swf [8048/8048] -> "314.swf" [1]
2013-09-12 11:49:21 URL:http://cdn2.pokemon-gl.com/src/swf/theme/assets/global/parts/item/90/bchhhggh.swf [8393/8393] -> "315.swf" [1]
2013-09-12 11:49:21 URL:http://cdn2.pokemon-gl.com/src/swf/theme/assets/global/parts/item/90/bchhjefj.swf [8121/8121] -> "316.swf" [1]
2013-09-12 11:49:21 URL:http://cdn2.pokemon-gl.com/src/swf/theme/assets/global/parts/item/90/bchhjcad.swf [8059/8059] -> "317.swf" [1]
2013-09-12 11:49:22 URL:http://cdn2.pokemon-gl.com/src/swf/theme/assets/global/parts/item/90/bchhijeh.swf [8363/8363] -> "318.swf" [1]
2013-09-12 11:49:22 URL:http://cdn2.pokemon-gl.com/src/swf/theme/assets/global/parts/item/90/bchhigjb.swf [8408/8408] -> "319.swf" [1]
2013-09-12 11:49:23 URL:http://cdn2.pokemon-gl.com/src/swf/theme/assets/global/parts/item/90/bchehhbf.swf [7829/7829] -> "320.swf" [1]
2013-09-12 11:49:23 URL:http://cdn2.pokemon-gl.com/src/swf/theme/assets/global/parts/item/90/bchehefj.swf [5563/5563] -> "321.swf" [1]
2013-09-12 11:49:24 URL:http://cdn2.pokemon-gl.com/src/swf/theme/assets/global/parts/item/90/bchehcad.swf [4929/4929] -> "322.swf" [1]
2013-09-12 11:49:24 URL:http://cdn2.pokemon-gl.com/src/swf/theme/assets/global/parts/item/90/bchegjeh.swf [4998/4998] -> "323.swf" [1]
2013-09-12 11:49:24 URL:http://cdn2.pokemon-gl.com/src/swf/theme/assets/global/parts/item/90/bcheihdj.swf [5240/5240] -> "324.swf" [1]
2013-09-12 11:49:25 URL:http://cdn2.pokemon-gl.com/src/swf/theme/assets/global/parts/item/90/bcheieid.swf [8045/8045] -> "325.swf" [1]
2013-09-12 11:49:25 URL:http://cdn2.pokemon-gl.com/src/swf/theme/assets/global/parts/item/90/bcheicch.swf [5778/5778] -> "326.swf" [1]
2013-09-12 11:49:26 URL:http://cdn2.pokemon-gl.com/src/swf/theme/assets/global/parts/item/90/bchehjhb.swf [5936/5936] -> "327.swf" [1]
http://cdn2.pokemon-gl.com/src/swf/theme/assets/global/parts/item/90/bchejhgd.swf:
2013-09-12 11:49:26 ERROR 404: Not Found.
http://cdn2.pokemon-gl.com/src/swf/theme/assets/global/parts/item/90/bchejfah.swf:
2013-09-12 11:49:27 ERROR 404: Not Found.
http://cdn2.pokemon-gl.com/src/swf/theme/assets/global/parts/item/90/bchejcfb.swf:
2013-09-12 11:49:27 ERROR 404: Not Found.
http://cdn2.pokemon-gl.com/src/swf/theme/assets/global/parts/item/90/bcheijjf.swf:
2013-09-12 11:49:27 ERROR 404: Not Found.
http://cdn2.pokemon-gl.com/src/swf/theme/assets/global/parts/item/90/bchfahih.swf:
2013-09-12 11:49:28 ERROR 404: Not Found.
http://cdn2.pokemon-gl.com/src/swf/theme/assets/global/parts/item/90/bchfafdb.swf:
2013-09-12 11:49:28 ERROR 404: Not Found.
http://cdn2.pokemon-gl.com/src/swf/theme/assets/global/parts/item/90/bchfachf.swf:
2013-09-12 11:49:28 ERROR 404: Not Found.
http://cdn2.pokemon-gl.com/src/swf/theme/assets/global/parts/item/90/bchfaabj.swf:
2013-09-12 11:49:28 ERROR 404: Not Found.
http://cdn2.pokemon-gl.com/src/swf/theme/assets/global/parts/item/90/bchfbibb.swf:
2013-09-12 11:49:29 ERROR 404: Not Found.
http://cdn2.pokemon-gl.com/src/swf/theme/assets/global/parts/item/90/bchfbfff.swf:
2013-09-12 11:49:29 ERROR 404: Not Found.
http://cdn2.pokemon-gl.com/src/swf/theme/assets/global/parts/item/90/bchfbcjj.swf:
2013-09-12 11:49:30 ERROR 404: Not Found.
http://cdn2.pokemon-gl.com/src/swf/theme/assets/global/parts/item/90/bchfbaed.swf:
2013-09-12 11:49:30 ERROR 404: Not Found.
http://cdn2.pokemon-gl.com/src/swf/theme/assets/global/parts/item/90/bchfcidf.swf:
2013-09-12 11:49:30 ERROR 404: Not Found.
http://cdn2.pokemon-gl.com/src/swf/theme/assets/global/parts/item/90/bchfcfhj.swf:
2013-09-12 11:49:31 ERROR 404: Not Found.
http://cdn2.pokemon-gl.com/src/swf/theme/assets/global/parts/item/90/bchfcdcd.swf:
2013-09-12 11:49:31 ERROR 404: Not Found.
http://cdn2.pokemon-gl.com/src/swf/theme/assets/global/parts/item/90/bchfcagh.swf:
2013-09-12 11:49:31 ERROR 404: Not Found.
http://cdn2.pokemon-gl.com/src/swf/theme/assets/global/parts/item/90/bchfdifj.swf:
2013-09-12 11:49:32 ERROR 404: Not Found.
http://cdn2.pokemon-gl.com/src/swf/theme/assets/global/parts/item/90/bchfdgad.swf:
2013-09-12 11:49:32 ERROR 404: Not Found.
http://cdn2.pokemon-gl.com/src/swf/theme/assets/global/parts/item/90/bchfddeh.swf:
2013-09-12 11:49:32 ERROR 404: Not Found.
http://cdn2.pokemon-gl.com/src/swf/theme/assets/global/parts/item/90/bchfdajb.swf:
2013-09-12 11:49:33 ERROR 404: Not Found.
http://cdn2.pokemon-gl.com/src/swf/theme/assets/global/parts/item/90/bchfeiid.swf:
2013-09-12 11:49:33 ERROR 404: Not Found.
http://cdn2.pokemon-gl.com/src/swf/theme/assets/global/parts/item/90/bchfegch.swf:
2013-09-12 11:49:34 ERROR 404: Not Found.
http://cdn2.pokemon-gl.com/src/swf/theme/assets/global/parts/item/90/bchfedhb.swf:
2013-09-12 11:49:34 ERROR 404: Not Found.
http://cdn2.pokemon-gl.com/src/swf/theme/assets/global/parts/item/90/bchfebbf.swf:
2013-09-12 11:49:34 ERROR 404: Not Found.
http://cdn2.pokemon-gl.com/src/swf/theme/assets/global/parts/item/90/bchffjah.swf:
2013-09-12 11:49:35 ERROR 404: Not Found.
http://cdn2.pokemon-gl.com/src/swf/theme/assets/global/parts/item/90/bchffgfb.swf:
2013-09-12 11:49:35 ERROR 404: Not Found.
http://cdn2.pokemon-gl.com/src/swf/theme/assets/global/parts/item/90/bchffdjf.swf:
2013-09-12 11:49:35 ERROR 404: Not Found.
http://cdn2.pokemon-gl.com/src/swf/theme/assets/global/parts/item/90/bchffbdj.swf:
2013-09-12 11:49:36 ERROR 404: Not Found.
http://cdn2.pokemon-gl.com/src/swf/theme/assets/global/parts/item/90/bchfgjdb.swf:
2013-09-12 11:49:36 ERROR 404: Not Found.
http://cdn2.pokemon-gl.com/src/swf/theme/assets/global/parts/item/90/bchfgghf.swf:
2013-09-12 11:49:37 ERROR 404: Not Found.
http://cdn2.pokemon-gl.com/src/swf/theme/assets/global/parts/item/90/bchfgebj.swf:
2013-09-12 11:49:37 ERROR 404: Not Found.
http://cdn2.pokemon-gl.com/src/swf/theme/assets/global/parts/item/90/bchfgbgd.swf:
2013-09-12 11:49:37 ERROR 404: Not Found.
http://cdn2.pokemon-gl.com/src/swf/theme/assets/global/parts/item/90/bchfhjff.swf:
2013-09-12 11:49:38 ERROR 404: Not Found.
http://cdn2.pokemon-gl.com/src/swf/theme/assets/global/parts/item/90/bchfhgjj.swf:
2013-09-12 11:49:38 ERROR 404: Not Found.
http://cdn2.pokemon-gl.com/src/swf/theme/assets/global/parts/item/90/bchfheed.swf:
2013-09-12 11:49:38 ERROR 404: Not Found.
http://cdn2.pokemon-gl.com/src/swf/theme/assets/global/parts/item/90/bchfhbih.swf:
2013-09-12 11:49:39 ERROR 404: Not Found.
http://cdn2.pokemon-gl.com/src/swf/theme/assets/global/parts/item/90/bchfijhj.swf:
2013-09-12 11:49:39 ERROR 404: Not Found.
http://cdn2.pokemon-gl.com/src/swf/theme/assets/global/parts/item/90/bchfihcd.swf:
2013-09-12 11:49:39 ERROR 404: Not Found.
http://cdn2.pokemon-gl.com/src/swf/theme/assets/global/parts/item/90/bchfiegh.swf:
2013-09-12 11:49:40 ERROR 404: Not Found.
http://cdn2.pokemon-gl.com/src/swf/theme/assets/global/parts/item/90/bchficbb.swf:
2013-09-12 11:49:40 ERROR 404: Not Found.
http://cdn2.pokemon-gl.com/src/swf/theme/assets/global/parts/item/90/bchgaaad.swf:
2013-09-12 11:49:41 ERROR 404: Not Found.
http://cdn2.pokemon-gl.com/src/swf/theme/assets/global/parts/item/90/bchfjheh.swf:
2013-09-12 11:49:41 ERROR 404: Not Found.
http://cdn2.pokemon-gl.com/src/swf/theme/assets/global/parts/item/90/bchfjejb.swf:
2013-09-12 11:49:41 ERROR 404: Not Found.
http://cdn2.pokemon-gl.com/src/swf/theme/assets/global/parts/item/90/bchfjcdf.swf:
2013-09-12 11:49:42 ERROR 404: Not Found.
http://cdn2.pokemon-gl.com/src/swf/theme/assets/global/parts/item/90/bchgbach.swf:
2013-09-12 11:49:42 ERROR 404: Not Found.
http://cdn2.pokemon-gl.com/src/swf/theme/assets/global/parts/item/90/bchgahhb.swf:
2013-09-12 11:49:42 ERROR 404: Not Found.
http://cdn2.pokemon-gl.com/src/swf/theme/assets/global/parts/item/90/bchgafbf.swf:
2013-09-12 11:49:43 ERROR 404: Not Found.
http://cdn2.pokemon-gl.com/src/swf/theme/assets/global/parts/item/90/bchgacfj.swf:
2013-09-12 11:49:43 ERROR 404: Not Found.
http://cdn2.pokemon-gl.com/src/swf/theme/assets/global/parts/item/90/bchgcafb.swf:
2013-09-12 11:49:43 ERROR 404: Not Found.
http://cdn2.pokemon-gl.com/src/swf/theme/assets/global/parts/item/90/bchgbhjf.swf:
2013-09-12 11:49:44 ERROR 404: Not Found.
http://cdn2.pokemon-gl.com/src/swf/theme/assets/global/parts/item/90/bchgbfdj.swf:
2013-09-12 11:49:44 ERROR 404: Not Found.
http://cdn2.pokemon-gl.com/src/swf/theme/assets/global/parts/item/90/bchgbcid.swf:
2013-09-12 11:49:45 ERROR 404: Not Found.
http://cdn2.pokemon-gl.com/src/swf/theme/assets/global/parts/item/90/bchgdahf.swf:
2013-09-12 11:49:45 ERROR 404: Not Found.
http://cdn2.pokemon-gl.com/src/swf/theme/assets/global/parts/item/90/bchgcibj.swf:
2013-09-12 11:49:46 ERROR 404: Not Found.
http://cdn2.pokemon-gl.com/src/swf/theme/assets/global/parts/item/90/bchgcfgd.swf:
2013-09-12 11:49:46 ERROR 404: Not Found.
http://cdn2.pokemon-gl.com/src/swf/theme/assets/global/parts/item/90/bchgcdah.swf:
2013-09-12 11:49:46 ERROR 404: Not Found.
http://cdn2.pokemon-gl.com/src/swf/theme/assets/global/parts/item/90/bchdbddb.swf:
2013-09-12 11:49:47 ERROR 404: Not Found.
http://cdn2.pokemon-gl.com/src/swf/theme/assets/global/parts/item/90/bchdbahf.swf:
2013-09-12 11:49:47 ERROR 404: Not Found.
http://cdn2.pokemon-gl.com/src/swf/theme/assets/global/parts/item/90/bchdaibj.swf:
2013-09-12 11:49:47 ERROR 404: Not Found.
http://cdn2.pokemon-gl.com/src/swf/theme/assets/global/parts/item/90/bchdafgd.swf:
2013-09-12 11:49:48 ERROR 404: Not Found.
http://cdn2.pokemon-gl.com/src/swf/theme/assets/global/parts/item/90/bchdcdff.swf:
2013-09-12 11:49:48 ERROR 404: Not Found.
http://cdn2.pokemon-gl.com/src/swf/theme/assets/global/parts/item/90/bchdcajj.swf:
2013-09-12 11:49:49 ERROR 404: Not Found.
http://cdn2.pokemon-gl.com/src/swf/theme/assets/global/parts/item/90/bchdbied.swf:
2013-09-12 11:49:49 ERROR 404: Not Found.
http://cdn2.pokemon-gl.com/src/swf/theme/assets/global/parts/item/90/bchdbfih.swf:
2013-09-12 11:49:49 ERROR 404: Not Found.
http://cdn2.pokemon-gl.com/src/swf/theme/assets/global/parts/item/90/bchdddhj.swf:
2013-09-12 11:49:50 ERROR 404: Not Found.
http://cdn2.pokemon-gl.com/src/swf/theme/assets/global/parts/item/90/bchddbcd.swf:
2013-09-12 11:49:50 ERROR 404: Not Found.
http://cdn2.pokemon-gl.com/src/swf/theme/assets/global/parts/item/90/bchdcigh.swf:
2013-09-12 11:49:51 ERROR 404: Not Found.
http://cdn2.pokemon-gl.com/src/swf/theme/assets/global/parts/item/90/bchdcgbb.swf:
2013-09-12 11:49:51 ERROR 404: Not Found.
http://cdn2.pokemon-gl.com/src/swf/theme/assets/global/parts/item/90/bchdeead.swf:
2013-09-12 11:49:51 ERROR 404: Not Found.
http://cdn2.pokemon-gl.com/src/swf/theme/assets/global/parts/item/90/bchdebeh.swf:
2013-09-12 11:49:52 ERROR 404: Not Found.
http://cdn2.pokemon-gl.com/src/swf/theme/assets/global/parts/item/90/bchddijb.swf:
2013-09-12 11:49:52 ERROR 404: Not Found.
http://cdn2.pokemon-gl.com/src/swf/theme/assets/global/parts/item/90/bchddgdf.swf:
2013-09-12 11:49:53 ERROR 404: Not Found.
http://cdn2.pokemon-gl.com/src/swf/theme/assets/global/parts/item/90/bchdfech.swf:
2013-09-12 11:49:53 ERROR 404: Not Found.
http://cdn2.pokemon-gl.com/src/swf/theme/assets/global/parts/item/90/bchdfbhb.swf:
2013-09-12 11:49:53 ERROR 404: Not Found.
http://cdn2.pokemon-gl.com/src/swf/theme/assets/global/parts/item/90/bchdejbf.swf:
2013-09-12 11:49:54 ERROR 404: Not Found.
http://cdn2.pokemon-gl.com/src/swf/theme/assets/global/parts/item/90/bchdegfj.swf:
2013-09-12 11:49:54 ERROR 404: Not Found.
http://cdn2.pokemon-gl.com/src/swf/theme/assets/global/parts/item/90/bchdgefb.swf:
2013-09-12 11:49:54 ERROR 404: Not Found.
http://cdn2.pokemon-gl.com/src/swf/theme/assets/global/parts/item/90/bchdgbjf.swf:
2013-09-12 11:49:55 ERROR 404: Not Found.
http://cdn2.pokemon-gl.com/src/swf/theme/assets/global/parts/item/90/bchdfjdj.swf:
2013-09-12 11:49:55 ERROR 404: Not Found.
http://cdn2.pokemon-gl.com/src/swf/theme/assets/global/parts/item/90/bchdfgid.swf:
2013-09-12 11:49:55 ERROR 404: Not Found.
http://cdn2.pokemon-gl.com/src/swf/theme/assets/global/parts/item/90/bchdhehf.swf:
2013-09-12 11:49:56 ERROR 404: Not Found.
http://cdn2.pokemon-gl.com/src/swf/theme/assets/global/parts/item/90/bchdhcbj.swf:
2013-09-12 11:49:56 ERROR 404: Not Found.
http://cdn2.pokemon-gl.com/src/swf/theme/assets/global/parts/item/90/bchdgjgd.swf:
2013-09-12 11:49:57 ERROR 404: Not Found.
http://cdn2.pokemon-gl.com/src/swf/theme/assets/global/parts/item/90/bchdghah.swf:
2013-09-12 11:49:57 ERROR 404: Not Found.
http://cdn2.pokemon-gl.com/src/swf/theme/assets/global/parts/item/90/bchdiejj.swf:
2013-09-12 11:49:57 ERROR 404: Not Found.
http://cdn2.pokemon-gl.com/src/swf/theme/assets/global/parts/item/90/bchdiced.swf:
2013-09-12 11:49:58 ERROR 404: Not Found.
http://cdn2.pokemon-gl.com/src/swf/theme/assets/global/parts/item/90/bchdhjih.swf:
2013-09-12 11:49:58 ERROR 404: Not Found.
http://cdn2.pokemon-gl.com/src/swf/theme/assets/global/parts/item/90/bchdhhdb.swf:
2013-09-12 11:49:58 ERROR 404: Not Found.
http://cdn2.pokemon-gl.com/src/swf/theme/assets/global/parts/item/90/bchdjfcd.swf:
2013-09-12 11:49:59 ERROR 404: Not Found.
http://cdn2.pokemon-gl.com/src/swf/theme/assets/global/parts/item/90/bchdjcgh.swf:
2013-09-12 11:49:59 ERROR 404: Not Found.
http://cdn2.pokemon-gl.com/src/swf/theme/assets/global/parts/item/90/bchdjabb.swf:
2013-09-12 11:50:00 ERROR 404: Not Found.
http://cdn2.pokemon-gl.com/src/swf/theme/assets/global/parts/item/90/bchdihff.swf:
2013-09-12 11:50:00 ERROR 404: Not Found.
http://cdn2.pokemon-gl.com/src/swf/theme/assets/global/parts/item/90/bcheafeh.swf:
2013-09-12 11:50:00 ERROR 404: Not Found.
http://cdn2.pokemon-gl.com/src/swf/theme/assets/global/parts/item/90/bcheacjb.swf:
2013-09-12 11:50:01 ERROR 404: Not Found.
http://cdn2.pokemon-gl.com/src/swf/theme/assets/global/parts/item/90/bcheaadf.swf:
2013-09-12 11:50:01 ERROR 404: Not Found.
http://cdn2.pokemon-gl.com/src/swf/theme/assets/global/parts/item/90/bchdjhhj.swf:
2013-09-12 11:50:02 ERROR 404: Not Found.
http://cdn2.pokemon-gl.com/src/swf/theme/assets/global/parts/item/90/bchebfhb.swf:
2013-09-12 11:50:02 ERROR 404: Not Found.
http://cdn2.pokemon-gl.com/src/swf/theme/assets/global/parts/item/90/bchebdbf.swf:
2013-09-12 11:50:02 ERROR 404: Not Found.
http://cdn2.pokemon-gl.com/src/swf/theme/assets/global/parts/item/90/bchebafj.swf:
2013-09-12 11:50:03 ERROR 404: Not Found.
http://cdn2.pokemon-gl.com/src/swf/theme/assets/global/parts/item/90/bcheaiad.swf:
2013-09-12 11:50:03 ERROR 404: Not Found.
http://cdn2.pokemon-gl.com/src/swf/theme/assets/global/parts/item/90/bchecfjf.swf:
2013-09-12 11:50:04 ERROR 404: Not Found.
http://cdn2.pokemon-gl.com/src/swf/theme/assets/global/parts/item/90/bchecddj.swf:
2013-09-12 11:50:04 ERROR 404: Not Found.
http://cdn2.pokemon-gl.com/src/swf/theme/assets/global/parts/item/90/bchecaid.swf:
2013-09-12 11:50:04 ERROR 404: Not Found.
http://cdn2.pokemon-gl.com/src/swf/theme/assets/global/parts/item/90/bchebich.swf:
2013-09-12 11:50:05 ERROR 404: Not Found.
http://cdn2.pokemon-gl.com/src/swf/theme/assets/global/parts/item/90/bchedgbj.swf:
2013-09-12 11:50:05 ERROR 404: Not Found.
http://cdn2.pokemon-gl.com/src/swf/theme/assets/global/parts/item/90/bcheddgd.swf:
2013-09-12 11:50:05 ERROR 404: Not Found.
http://cdn2.pokemon-gl.com/src/swf/theme/assets/global/parts/item/90/bchedbah.swf:
2013-09-12 11:50:06 ERROR 404: Not Found.
http://cdn2.pokemon-gl.com/src/swf/theme/assets/global/parts/item/90/bchecifb.swf:
2013-09-12 11:50:06 ERROR 404: Not Found.
http://cdn2.pokemon-gl.com/src/swf/theme/assets/global/parts/item/90/bcheeged.swf:
2013-09-12 11:50:07 ERROR 404: Not Found.
http://cdn2.pokemon-gl.com/src/swf/theme/assets/global/parts/item/90/bcheedih.swf:
2013-09-12 11:50:07 ERROR 404: Not Found.
http://cdn2.pokemon-gl.com/src/swf/theme/assets/global/parts/item/90/bcheebdb.swf:
2013-09-12 11:50:07 ERROR 404: Not Found.
http://cdn2.pokemon-gl.com/src/swf/theme/assets/global/parts/item/90/bchedihf.swf:
2013-09-12 11:50:08 ERROR 404: Not Found.
http://cdn2.pokemon-gl.com/src/swf/theme/assets/global/parts/item/90/bchefggh.swf:
2013-09-12 11:50:08 ERROR 404: Not Found.
http://cdn2.pokemon-gl.com/src/swf/theme/assets/global/parts/item/90/bchefebb.swf:
2013-09-12 11:50:09 ERROR 404: Not Found.
http://cdn2.pokemon-gl.com/src/swf/theme/assets/global/parts/item/90/bchefbff.swf:
2013-09-12 11:50:09 ERROR 404: Not Found.
http://cdn2.pokemon-gl.com/src/swf/theme/assets/global/parts/item/90/bcheeijj.swf:
2013-09-12 11:50:09 ERROR 404: Not Found.
http://cdn2.pokemon-gl.com/src/swf/theme/assets/global/parts/item/90/bcheggjb.swf:
2013-09-12 11:50:10 ERROR 404: Not Found.
http://cdn2.pokemon-gl.com/src/swf/theme/assets/global/parts/item/90/bchegedf.swf:
2013-09-12 11:50:10 ERROR 404: Not Found.
http://cdn2.pokemon-gl.com/src/swf/theme/assets/global/parts/item/90/bchegbhj.swf:
2013-09-12 11:50:11 ERROR 404: Not Found.
http://cdn2.pokemon-gl.com/src/swf/theme/assets/global/parts/item/90/bchefjcd.swf:
2013-09-12 11:50:11 ERROR 404: Not Found.
http://cdn2.pokemon-gl.com/src/swf/theme/assets/global/parts/item/90/bchbejeh.swf:
2013-09-12 11:50:12 ERROR 404: Not Found.
http://cdn2.pokemon-gl.com/src/swf/theme/assets/global/parts/item/90/bchbegjb.swf:
2013-09-12 11:50:12 ERROR 404: Not Found.
http://cdn2.pokemon-gl.com/src/swf/theme/assets/global/parts/item/90/bchbeedf.swf:
2013-09-12 11:50:12 ERROR 404: Not Found.
http://cdn2.pokemon-gl.com/src/swf/theme/assets/global/parts/item/90/bchbebhj.swf:
2013-09-12 11:50:13 ERROR 404: Not Found.
http://cdn2.pokemon-gl.com/src/swf/theme/assets/global/parts/item/90/bchbfjhb.swf:
2013-09-12 11:50:13 ERROR 404: Not Found.
http://cdn2.pokemon-gl.com/src/swf/theme/assets/global/parts/item/90/bchbfhbf.swf:
2013-09-12 11:50:13 ERROR 404: Not Found.
http://cdn2.pokemon-gl.com/src/swf/theme/assets/global/parts/item/90/bchbfefj.swf:
2013-09-12 11:50:14 ERROR 404: Not Found.
http://cdn2.pokemon-gl.com/src/swf/theme/assets/global/parts/item/90/bchbfcad.swf:
2013-09-12 11:50:14 ERROR 404: Not Found.
http://cdn2.pokemon-gl.com/src/swf/theme/assets/global/parts/item/90/bchbgjjf.swf:
2013-09-12 11:50:14 ERROR 404: Not Found.
http://cdn2.pokemon-gl.com/src/swf/theme/assets/global/parts/item/90/bchbghdj.swf:
2013-09-12 11:50:15 ERROR 404: Not Found.
http://cdn2.pokemon-gl.com/src/swf/theme/assets/global/parts/item/90/bchbgeid.swf:
2013-09-12 11:50:15 ERROR 404: Not Found.
http://cdn2.pokemon-gl.com/src/swf/theme/assets/global/parts/item/90/bchbgcch.swf:
2013-09-12 11:50:16 ERROR 404: Not Found.
http://cdn2.pokemon-gl.com/src/swf/theme/assets/global/parts/item/90/bchbiabj.swf:
2013-09-12 11:50:16 ERROR 404: Not Found.
http://cdn2.pokemon-gl.com/src/swf/theme/assets/global/parts/item/90/bchbhhgd.swf:
2013-09-12 11:50:16 ERROR 404: Not Found.
http://cdn2.pokemon-gl.com/src/swf/theme/assets/global/parts/item/90/bchbhfah.swf:
2013-09-12 11:50:17 ERROR 404: Not Found.
http://cdn2.pokemon-gl.com/src/swf/theme/assets/global/parts/item/90/bchbhcfb.swf:
2013-09-12 11:50:17 ERROR 404: Not Found.
http://cdn2.pokemon-gl.com/src/swf/theme/assets/global/parts/item/90/bchbjaed.swf:
2013-09-12 11:50:18 ERROR 404: Not Found.
http://cdn2.pokemon-gl.com/src/swf/theme/assets/global/parts/item/90/bchbihih.swf:
2013-09-12 11:50:18 ERROR 404: Not Found.
http://cdn2.pokemon-gl.com/src/swf/theme/assets/global/parts/item/90/bchbifdb.swf:
2013-09-12 11:50:18 ERROR 404: Not Found.
http://cdn2.pokemon-gl.com/src/swf/theme/assets/global/parts/item/90/bchbichf.swf:
2013-09-12 11:50:19 ERROR 404: Not Found.
http://cdn2.pokemon-gl.com/src/swf/theme/assets/global/parts/item/90/bchcaagh.swf:
2013-09-12 11:50:19 ERROR 404: Not Found.
http://cdn2.pokemon-gl.com/src/swf/theme/assets/global/parts/item/90/bchbjibb.swf:
2013-09-12 11:50:19 ERROR 404: Not Found.
http://cdn2.pokemon-gl.com/src/swf/theme/assets/global/parts/item/90/bchbjfff.swf:
2013-09-12 11:50:20 ERROR 404: Not Found.
http://cdn2.pokemon-gl.com/src/swf/theme/assets/global/parts/item/90/bchbjcjj.swf:
2013-09-12 11:50:20 ERROR 404: Not Found.
http://cdn2.pokemon-gl.com/src/swf/theme/assets/global/parts/item/90/bchcbajb.swf:
2013-09-12 11:50:21 ERROR 404: Not Found.
http://cdn2.pokemon-gl.com/src/swf/theme/assets/global/parts/item/90/bchcaidf.swf:
2013-09-12 11:50:21 ERROR 404: Not Found.
http://cdn2.pokemon-gl.com/src/swf/theme/assets/global/parts/item/90/bchcafhj.swf:
2013-09-12 11:50:21 ERROR 404: Not Found.
http://cdn2.pokemon-gl.com/src/swf/theme/assets/global/parts/item/90/bchcadcd.swf:
2013-09-12 11:50:22 ERROR 404: Not Found.
http://cdn2.pokemon-gl.com/src/swf/theme/assets/global/parts/item/90/bchccbbf.swf:
2013-09-12 11:50:22 ERROR 404: Not Found.
http://cdn2.pokemon-gl.com/src/swf/theme/assets/global/parts/item/90/bchcbifj.swf:
2013-09-12 11:50:22 ERROR 404: Not Found.
http://cdn2.pokemon-gl.com/src/swf/theme/assets/global/parts/item/90/bchcbgad.swf:
2013-09-12 11:50:23 ERROR 404: Not Found.
http://cdn2.pokemon-gl.com/src/swf/theme/assets/global/parts/item/90/bchcbdeh.swf:
2013-09-12 11:50:23 ERROR 404: Not Found.
http://cdn2.pokemon-gl.com/src/swf/theme/assets/global/parts/item/90/bchcdbdj.swf:
2013-09-12 11:50:24 ERROR 404: Not Found.
http://cdn2.pokemon-gl.com/src/swf/theme/assets/global/parts/item/90/bchcciid.swf:
2013-09-12 11:50:24 ERROR 404: Not Found.
http://cdn2.pokemon-gl.com/src/swf/theme/assets/global/parts/item/90/bchccgch.swf:
2013-09-12 11:50:24 ERROR 404: Not Found.
http://cdn2.pokemon-gl.com/src/swf/theme/assets/global/parts/item/90/bchccdhb.swf:
2013-09-12 11:50:25 ERROR 404: Not Found.
http://cdn2.pokemon-gl.com/src/swf/theme/assets/global/parts/item/90/bchcebgd.swf:
2013-09-12 11:50:25 ERROR 404: Not Found.
http://cdn2.pokemon-gl.com/src/swf/theme/assets/global/parts/item/90/bchcdjah.swf:
2013-09-12 11:50:26 ERROR 404: Not Found.
http://cdn2.pokemon-gl.com/src/swf/theme/assets/global/parts/item/90/bchcdgfb.swf:
2013-09-12 11:50:26 ERROR 404: Not Found.
http://cdn2.pokemon-gl.com/src/swf/theme/assets/global/parts/item/90/bchcddjf.swf:
2013-09-12 11:50:26 ERROR 404: Not Found.
http://cdn2.pokemon-gl.com/src/swf/theme/assets/global/parts/item/90/bchcfbih.swf:
2013-09-12 11:50:27 ERROR 404: Not Found.
http://cdn2.pokemon-gl.com/src/swf/theme/assets/global/parts/item/90/bchcejdb.swf:
2013-09-12 11:50:27 ERROR 404: Not Found.
http://cdn2.pokemon-gl.com/src/swf/theme/assets/global/parts/item/90/bchceghf.swf:
2013-09-12 11:50:27 ERROR 404: Not Found.
http://cdn2.pokemon-gl.com/src/swf/theme/assets/global/parts/item/90/bchceebj.swf:
2013-09-12 11:50:28 ERROR 404: Not Found.
http://cdn2.pokemon-gl.com/src/swf/theme/assets/global/parts/item/90/bchcgcbb.swf:
2013-09-12 11:50:28 ERROR 404: Not Found.
http://cdn2.pokemon-gl.com/src/swf/theme/assets/global/parts/item/90/bchcfjff.swf:
2013-09-12 11:50:29 ERROR 404: Not Found.
http://cdn2.pokemon-gl.com/src/swf/theme/assets/global/parts/item/90/bchcfgjj.swf:
2013-09-12 11:50:29 ERROR 404: Not Found.
http://cdn2.pokemon-gl.com/src/swf/theme/assets/global/parts/item/90/bchcfeed.swf:
2013-09-12 11:50:29 ERROR 404: Not Found.
http://cdn2.pokemon-gl.com/src/swf/theme/assets/global/parts/item/90/bchchcdf.swf:
2013-09-12 11:50:30 ERROR 404: Not Found.
http://cdn2.pokemon-gl.com/src/swf/theme/assets/global/parts/item/90/bchcgjhj.swf:
2013-09-12 11:50:30 ERROR 404: Not Found.
http://cdn2.pokemon-gl.com/src/swf/theme/assets/global/parts/item/90/bchcghcd.swf:
2013-09-12 11:50:30 ERROR 404: Not Found.
http://cdn2.pokemon-gl.com/src/swf/theme/assets/global/parts/item/90/bchcgegh.swf:
2013-09-12 11:50:31 ERROR 404: Not Found.
http://cdn2.pokemon-gl.com/src/swf/theme/assets/global/parts/item/90/bchcicfj.swf:
2013-09-12 11:50:31 ERROR 404: Not Found.
http://cdn2.pokemon-gl.com/src/swf/theme/assets/global/parts/item/90/bchciaad.swf:
2013-09-12 11:50:32 ERROR 404: Not Found.
http://cdn2.pokemon-gl.com/src/swf/theme/assets/global/parts/item/90/bchchheh.swf:
2013-09-12 11:50:32 ERROR 404: Not Found.
http://cdn2.pokemon-gl.com/src/swf/theme/assets/global/parts/item/90/bchchejb.swf:
2013-09-12 11:50:32 ERROR 404: Not Found.
http://cdn2.pokemon-gl.com/src/swf/theme/assets/global/parts/item/90/bchcjcid.swf:
2013-09-12 11:50:33 ERROR 404: Not Found.
http://cdn2.pokemon-gl.com/src/swf/theme/assets/global/parts/item/90/bchcjach.swf:
2013-09-12 11:50:33 ERROR 404: Not Found.
http://cdn2.pokemon-gl.com/src/swf/theme/assets/global/parts/item/90/bchcihhb.swf:
2013-09-12 11:50:34 ERROR 404: Not Found.
http://cdn2.pokemon-gl.com/src/swf/theme/assets/global/parts/item/90/bchcifbf.swf:
2013-09-12 11:50:34 ERROR 404: Not Found.
http://cdn2.pokemon-gl.com/src/swf/theme/assets/global/parts/item/90/bchdadah.swf:
2013-09-12 11:50:34 ERROR 404: Not Found.
http://cdn2.pokemon-gl.com/src/swf/theme/assets/global/parts/item/90/bchdaafb.swf:
2013-09-12 11:50:35 ERROR 404: Not Found.
http://cdn2.pokemon-gl.com/src/swf/theme/assets/global/parts/item/90/bchcjhjf.swf:
2013-09-12 11:50:35 ERROR 404: Not Found.
http://cdn2.pokemon-gl.com/src/swf/theme/assets/global/parts/item/90/bchcjfdj.swf:
2013-09-12 11:50:36 ERROR 404: Not Found.
http://cdn2.pokemon-gl.com/src/swf/theme/assets/global/parts/item/90/bcgjifgd.swf:
2013-09-12 11:50:36 ERROR 404: Not Found.
http://cdn2.pokemon-gl.com/src/swf/theme/assets/global/parts/item/90/bcgjidah.swf:
2013-09-12 11:50:37 ERROR 404: Not Found.
http://cdn2.pokemon-gl.com/src/swf/theme/assets/global/parts/item/90/bcgjiafb.swf:
2013-09-12 11:50:37 ERROR 404: Not Found.
http://cdn2.pokemon-gl.com/src/swf/theme/assets/global/parts/item/90/bcgjhhjf.swf:
2013-09-12 11:50:37 ERROR 404: Not Found.
http://cdn2.pokemon-gl.com/src/swf/theme/assets/global/parts/item/90/bcgjjfih.swf:
2013-09-12 11:50:38 ERROR 404: Not Found.
http://cdn2.pokemon-gl.com/src/swf/theme/assets/global/parts/item/90/bcgjjddb.swf:
2013-09-12 11:50:38 ERROR 404: Not Found.
http://cdn2.pokemon-gl.com/src/swf/theme/assets/global/parts/item/90/bcgjjahf.swf:
2013-09-12 11:50:39 ERROR 404: Not Found.
http://cdn2.pokemon-gl.com/src/swf/theme/assets/global/parts/item/90/bcgjiibj.swf:
2013-09-12 11:50:42 ERROR 404: Not Found.
http://cdn2.pokemon-gl.com/src/swf/theme/assets/global/parts/item/90/bchaagbb.swf:
2013-09-12 11:50:42 ERROR 404: Not Found.
http://cdn2.pokemon-gl.com/src/swf/theme/assets/global/parts/item/90/bchaadff.swf:
2013-09-12 11:50:43 ERROR 404: Not Found.
http://cdn2.pokemon-gl.com/src/swf/theme/assets/global/parts/item/90/bchaaajj.swf:
2013-09-12 11:50:43 ERROR 404: Not Found.
http://cdn2.pokemon-gl.com/src/swf/theme/assets/global/parts/item/90/bcgjjied.swf:
2013-09-12 11:50:43 ERROR 404: Not Found.
http://cdn2.pokemon-gl.com/src/swf/theme/assets/global/parts/item/90/bchabgdf.swf:
2013-09-12 11:50:44 ERROR 404: Not Found.
http://cdn2.pokemon-gl.com/src/swf/theme/assets/global/parts/item/90/bchabdhj.swf:
2013-09-12 11:50:44 ERROR 404: Not Found.
http://cdn2.pokemon-gl.com/src/swf/theme/assets/global/parts/item/90/bchabbcd.swf:
2013-09-12 11:50:45 ERROR 404: Not Found.
http://cdn2.pokemon-gl.com/src/swf/theme/assets/global/parts/item/90/bchaaigh.swf:
2013-09-12 11:50:45 ERROR 404: Not Found.
http://cdn2.pokemon-gl.com/src/swf/theme/assets/global/parts/item/90/bchacgfj.swf:
2013-09-12 11:50:45 ERROR 404: Not Found.
http://cdn2.pokemon-gl.com/src/swf/theme/assets/global/parts/item/90/bchacead.swf:
2013-09-12 11:50:46 ERROR 404: Not Found.
http://cdn2.pokemon-gl.com/src/swf/theme/assets/global/parts/item/90/bchacbeh.swf:
2013-09-12 11:50:46 ERROR 404: Not Found.
http://cdn2.pokemon-gl.com/src/swf/theme/assets/global/parts/item/90/bchabijb.swf:
2013-09-12 11:50:47 ERROR 404: Not Found.
http://cdn2.pokemon-gl.com/src/swf/theme/assets/global/parts/item/90/bchadgid.swf:
2013-09-12 11:50:47 ERROR 404: Not Found.
http://cdn2.pokemon-gl.com/src/swf/theme/assets/global/parts/item/90/bchadech.swf:
2013-09-12 11:50:47 ERROR 404: Not Found.
http://cdn2.pokemon-gl.com/src/swf/theme/assets/global/parts/item/90/bchadbhb.swf:
2013-09-12 11:50:48 ERROR 404: Not Found.
http://cdn2.pokemon-gl.com/src/swf/theme/assets/global/parts/item/90/bchacjbf.swf:
2013-09-12 11:50:48 ERROR 404: Not Found.
http://cdn2.pokemon-gl.com/src/swf/theme/assets/global/parts/item/90/bchaehah.swf:
2013-09-12 11:50:49 ERROR 404: Not Found.
2013-09-12 11:50:49 URL:http://cdn2.pokemon-gl.com/src/swf/theme/assets/global/parts/item/90/bchaeefb.swf [5751/5751] -> "537.swf" [1]
2013-09-12 11:50:50 URL:http://cdn2.pokemon-gl.com/src/swf/theme/assets/global/parts/item/90/bchaebjf.swf [5885/5885] -> "538.swf" [1]
2013-09-12 11:50:50 URL:http://cdn2.pokemon-gl.com/src/swf/theme/assets/global/parts/item/90/bchadjdj.swf [6059/6059] -> "539.swf" [1]
2013-09-12 11:50:51 URL:http://cdn2.pokemon-gl.com/src/swf/theme/assets/global/parts/item/90/bchafhdb.swf [7686/7686] -> "540.swf" [1]
2013-09-12 11:50:51 URL:http://cdn2.pokemon-gl.com/src/swf/theme/assets/global/parts/item/90/bchafehf.swf [4392/4392] -> "541.swf" [1]
2013-09-12 11:50:51 URL:http://cdn2.pokemon-gl.com/src/swf/theme/assets/global/parts/item/90/bchafcbj.swf [4000/4000] -> "542.swf" [1]
2013-09-12 11:50:51 URL:http://cdn2.pokemon-gl.com/src/swf/theme/assets/global/parts/item/90/bchaejgd.swf [4689/4689] -> "543.swf" [1]
2013-09-12 11:50:52 URL:http://cdn2.pokemon-gl.com/src/swf/theme/assets/global/parts/item/90/bchaghff.swf [4834/4834] -> "544.swf" [1]
2013-09-12 11:50:52 URL:http://cdn2.pokemon-gl.com/src/swf/theme/assets/global/parts/item/90/bchagejj.swf [6041/6041] -> "545.swf" [1]
2013-09-12 11:50:52 URL:http://cdn2.pokemon-gl.com/src/swf/theme/assets/global/parts/item/90/bchagced.swf [2982/2982] -> "546.swf" [1]
2013-09-12 11:50:53 URL:http://cdn2.pokemon-gl.com/src/swf/theme/assets/global/parts/item/90/bchafjih.swf [5566/5566] -> "547.swf" [1]
2013-09-12 11:50:53 URL:http://cdn2.pokemon-gl.com/src/swf/theme/assets/global/parts/item/90/bchahhhj.swf [4836/4836] -> "548.swf" [1]
2013-09-12 11:50:54 URL:http://cdn2.pokemon-gl.com/src/swf/theme/assets/global/parts/item/90/bchahfcd.swf [4965/4965] -> "549.swf" [1]
2013-09-12 11:50:54 URL:http://cdn2.pokemon-gl.com/src/swf/theme/assets/global/parts/item/90/bchahcgh.swf [4792/4792] -> "550.swf" [1]
2013-09-12 11:50:54 URL:http://cdn2.pokemon-gl.com/src/swf/theme/assets/global/parts/item/90/bchahabb.swf [4715/4715] -> "551.swf" [1]
2013-09-12 11:50:54 URL:http://cdn2.pokemon-gl.com/src/swf/theme/assets/global/parts/item/90/bchaiiad.swf [4833/4833] -> "552.swf" [1]
2013-09-12 11:50:55 URL:http://cdn2.pokemon-gl.com/src/swf/theme/assets/global/parts/item/90/bchaifeh.swf [4915/4915] -> "553.swf" [1]
2013-09-12 11:50:55 URL:http://cdn2.pokemon-gl.com/src/swf/theme/assets/global/parts/item/90/bchaicjb.swf [5095/5095] -> "554.swf" [1]
2013-09-12 11:50:55 URL:http://cdn2.pokemon-gl.com/src/swf/theme/assets/global/parts/item/90/bchaiadf.swf [4647/4647] -> "555.swf" [1]
2013-09-12 11:50:56 URL:http://cdn2.pokemon-gl.com/src/swf/theme/assets/global/parts/item/90/bchajich.swf [4789/4789] -> "556.swf" [1]
2013-09-12 11:50:56 URL:http://cdn2.pokemon-gl.com/src/swf/theme/assets/global/parts/item/90/bchajfhb.swf [4767/4767] -> "557.swf" [1]
2013-09-12 11:50:56 URL:http://cdn2.pokemon-gl.com/src/swf/theme/assets/global/parts/item/90/bchajdbf.swf [4851/4851] -> "558.swf" [1]
2013-09-12 11:50:57 URL:http://cdn2.pokemon-gl.com/src/swf/theme/assets/global/parts/item/90/bchajafj.swf [4760/4760] -> "559.swf" [1]
2013-09-12 11:50:57 URL:http://cdn2.pokemon-gl.com/src/swf/theme/assets/global/parts/item/90/bchbaifb.swf [4884/4884] -> "560.swf" [1]
2013-09-12 11:50:57 URL:http://cdn2.pokemon-gl.com/src/swf/theme/assets/global/parts/item/90/bchbafjf.swf [4837/4837] -> "561.swf" [1]
2013-09-12 11:50:58 URL:http://cdn2.pokemon-gl.com/src/swf/theme/assets/global/parts/item/90/bchbaddj.swf [4561/4561] -> "562.swf" [1]
2013-09-12 11:50:58 URL:http://cdn2.pokemon-gl.com/src/swf/theme/assets/global/parts/item/90/bchbaaid.swf [4855/4855] -> "563.swf" [1]
2013-09-12 11:50:58 URL:http://cdn2.pokemon-gl.com/src/swf/theme/assets/global/parts/item/90/bchbbihf.swf [4754/4754] -> "564.swf" [1]
2013-09-12 11:50:59 URL:http://cdn2.pokemon-gl.com/src/swf/theme/assets/global/parts/item/90/bchbbgbj.swf [5688/5688] -> "565.swf" [1]
2013-09-12 11:50:59 URL:http://cdn2.pokemon-gl.com/src/swf/theme/assets/global/parts/item/90/bchbbdgd.swf [5706/5706] -> "566.swf" [1]
2013-09-12 11:50:59 URL:http://cdn2.pokemon-gl.com/src/swf/theme/assets/global/parts/item/90/bchbbbah.swf [5719/5719] -> "567.swf" [1]
2013-09-12 11:51:00 URL:http://cdn2.pokemon-gl.com/src/swf/theme/assets/global/parts/item/90/bchbcijj.swf [5657/5657] -> "568.swf" [1]
2013-09-12 11:51:00 URL:http://cdn2.pokemon-gl.com/src/swf/theme/assets/global/parts/item/90/bchbcged.swf [5686/5686] -> "569.swf" [1]
2013-09-12 11:51:00 URL:http://cdn2.pokemon-gl.com/src/swf/theme/assets/global/parts/item/90/bchbcdih.swf [5685/5685] -> "570.swf" [1]
2013-09-12 11:51:01 URL:http://cdn2.pokemon-gl.com/src/swf/theme/assets/global/parts/item/90/bchbcbdb.swf [4455/4455] -> "571.swf" [1]
2013-09-12 11:51:01 URL:http://cdn2.pokemon-gl.com/src/swf/theme/assets/global/parts/item/90/bchbdjcd.swf [7927/7927] -> "572.swf" [1]
2013-09-12 11:51:01 URL:http://cdn2.pokemon-gl.com/src/swf/theme/assets/global/parts/item/90/bchbdggh.swf [7030/7030] -> "573.swf" [1]
http://cdn2.pokemon-gl.com/src/swf/theme/assets/global/parts/item/90/bchbdebb.swf:
2013-09-12 11:51:02 ERROR 404: Not Found.
2013-09-12 11:51:02 URL:http://cdn2.pokemon-gl.com/src/swf/theme/assets/global/parts/item/90/bchbdbff.swf [6717/6717] -> "575.swf" [1]
http://cdn2.pokemon-gl.com/src/swf/theme/assets/global/parts/item/90/bcgicbhj.swf:
2013-09-12 11:51:02 ERROR 404: Not Found.
2013-09-12 11:51:03 URL:http://cdn2.pokemon-gl.com/src/swf/theme/assets/global/parts/item/90/bcgibjcd.swf [4077/4077] -> "577.swf" [1]
http://cdn2.pokemon-gl.com/src/swf/theme/assets/global/parts/item/90/bcgibggh.swf:
2013-09-12 11:51:03 ERROR 404: Not Found.
http://cdn2.pokemon-gl.com/src/swf/theme/assets/global/parts/item/90/bcgibebb.swf:
2013-09-12 11:51:03 ERROR 404: Not Found.
2013-09-12 11:51:04 URL:http://cdn2.pokemon-gl.com/src/swf/theme/assets/global/parts/item/90/bcgidcad.swf [6278/6278] -> "580.swf" [1]
2013-09-12 11:51:04 URL:http://cdn2.pokemon-gl.com/src/swf/theme/assets/global/parts/item/90/bcgicjeh.swf [6370/6370] -> "581.swf" [1]
2013-09-12 11:51:05 URL:http://cdn2.pokemon-gl.com/src/swf/theme/assets/global/parts/item/90/bcgicgjb.swf [5269/5269] -> "582.swf" [1]
2013-09-12 11:51:05 URL:http://cdn2.pokemon-gl.com/src/swf/theme/assets/global/parts/item/90/bcgicedf.swf [5140/5140] -> "583.swf" [1]
2013-09-12 11:51:05 URL:http://cdn2.pokemon-gl.com/src/swf/theme/assets/global/parts/item/90/bcgiecch.swf [4386/4386] -> "584.swf" [1]
2013-09-12 11:51:06 URL:http://cdn2.pokemon-gl.com/src/swf/theme/assets/global/parts/item/90/bcgidjhb.swf [4491/4491] -> "585.swf" [1]
2013-09-12 11:51:06 URL:http://cdn2.pokemon-gl.com/src/swf/theme/assets/global/parts/item/90/bcgidhbf.swf [4431/4431] -> "586.swf" [1]
2013-09-12 11:51:06 URL:http://cdn2.pokemon-gl.com/src/swf/theme/assets/global/parts/item/90/bcgidefj.swf [6810/6810] -> "587.swf" [1]
2013-09-12 11:51:07 URL:http://cdn2.pokemon-gl.com/src/swf/theme/assets/global/parts/item/90/bcgifcfb.swf [5582/5582] -> "588.swf" [1]
2013-09-12 11:51:07 URL:http://cdn2.pokemon-gl.com/src/swf/theme/assets/global/parts/item/90/bcgiejjf.swf [6936/6936] -> "589.swf" [1]
2013-09-12 11:51:07 URL:http://cdn2.pokemon-gl.com/src/swf/theme/assets/global/parts/item/90/bcgiehdj.swf [7231/7231] -> "590.swf" [1]
2013-09-12 11:51:08 URL:http://cdn2.pokemon-gl.com/src/swf/theme/assets/global/parts/item/90/bcgieeid.swf [6192/6192] -> "591.swf" [1]
http://cdn2.pokemon-gl.com/src/swf/theme/assets/global/parts/item/90/bcgigchf.swf:
2013-09-12 11:51:08 ERROR 404: Not Found.
http://cdn2.pokemon-gl.com/src/swf/theme/assets/global/parts/item/90/bcgigabj.swf:
2013-09-12 11:51:08 ERROR 404: Not Found.
http://cdn2.pokemon-gl.com/src/swf/theme/assets/global/parts/item/90/bcgifhgd.swf:
2013-09-12 11:51:09 ERROR 404: Not Found.
http://cdn2.pokemon-gl.com/src/swf/theme/assets/global/parts/item/90/bcgiffah.swf:
2013-09-12 11:51:09 ERROR 404: Not Found.
http://cdn2.pokemon-gl.com/src/swf/theme/assets/global/parts/item/90/bcgihcjj.swf:
2013-09-12 11:51:09 ERROR 404: Not Found.
http://cdn2.pokemon-gl.com/src/swf/theme/assets/global/parts/item/90/bcgihaed.swf:
2013-09-12 11:51:09 ERROR 404: Not Found.
http://cdn2.pokemon-gl.com/src/swf/theme/assets/global/parts/item/90/bcgighih.swf:
2013-09-12 11:51:10 ERROR 404: Not Found.
http://cdn2.pokemon-gl.com/src/swf/theme/assets/global/parts/item/90/bcgigfdb.swf:
2013-09-12 11:51:10 ERROR 404: Not Found.
http://cdn2.pokemon-gl.com/src/swf/theme/assets/global/parts/item/90/bcgiidcd.swf:
2013-09-12 11:51:11 ERROR 404: Not Found.
http://cdn2.pokemon-gl.com/src/swf/theme/assets/global/parts/item/90/bcgiiagh.swf:
2013-09-12 11:51:11 ERROR 404: Not Found.
http://cdn2.pokemon-gl.com/src/swf/theme/assets/global/parts/item/90/bcgihibb.swf:
2013-09-12 11:51:11 ERROR 404: Not Found.
http://cdn2.pokemon-gl.com/src/swf/theme/assets/global/parts/item/90/bcgihfff.swf:
2013-09-12 11:51:12 ERROR 404: Not Found.
http://cdn2.pokemon-gl.com/src/swf/theme/assets/global/parts/item/90/bcgijdeh.swf:
2013-09-12 11:51:12 ERROR 404: Not Found.
http://cdn2.pokemon-gl.com/src/swf/theme/assets/global/parts/item/90/bcgijajb.swf:
2013-09-12 11:51:12 ERROR 404: Not Found.
http://cdn2.pokemon-gl.com/src/swf/theme/assets/global/parts/item/90/bcgiiidf.swf:
2013-09-12 11:51:13 ERROR 404: Not Found.
http://cdn2.pokemon-gl.com/src/swf/theme/assets/global/parts/item/90/bcgiifhj.swf:
2013-09-12 11:51:13 ERROR 404: Not Found.
http://cdn2.pokemon-gl.com/src/swf/theme/assets/global/parts/item/90/bcgjadhb.swf:
2013-09-12 11:51:13 ERROR 404: Not Found.
http://cdn2.pokemon-gl.com/src/swf/theme/assets/global/parts/item/90/bcgjabbf.swf:
2013-09-12 11:51:14 ERROR 404: Not Found.
http://cdn2.pokemon-gl.com/src/swf/theme/assets/global/parts/item/90/bcgijifj.swf:
2013-09-12 11:51:14 ERROR 404: Not Found.
http://cdn2.pokemon-gl.com/src/swf/theme/assets/global/parts/item/90/bcgijgad.swf:
2013-09-12 11:51:14 ERROR 404: Not Found.
http://cdn2.pokemon-gl.com/src/swf/theme/assets/global/parts/item/90/bcgjbdjf.swf:
2013-09-12 11:51:15 ERROR 404: Not Found.
http://cdn2.pokemon-gl.com/src/swf/theme/assets/global/parts/item/90/bcgjbbdj.swf:
2013-09-12 11:51:15 ERROR 404: Not Found.
http://cdn2.pokemon-gl.com/src/swf/theme/assets/global/parts/item/90/bcgjaiid.swf:
2013-09-12 11:51:16 ERROR 404: Not Found.
http://cdn2.pokemon-gl.com/src/swf/theme/assets/global/parts/item/90/bcgjagch.swf:
2013-09-12 11:51:16 ERROR 404: Not Found.
http://cdn2.pokemon-gl.com/src/swf/theme/assets/global/parts/item/90/bcgjcebj.swf:
2013-09-12 11:51:16 ERROR 404: Not Found.
http://cdn2.pokemon-gl.com/src/swf/theme/assets/global/parts/item/90/bcgjcbgd.swf:
2013-09-12 11:51:17 ERROR 404: Not Found.
http://cdn2.pokemon-gl.com/src/swf/theme/assets/global/parts/item/90/bcgjbjah.swf:
2013-09-12 11:51:17 ERROR 404: Not Found.
http://cdn2.pokemon-gl.com/src/swf/theme/assets/global/parts/item/90/bcgjbgfb.swf:
2013-09-12 11:51:17 ERROR 404: Not Found.
http://cdn2.pokemon-gl.com/src/swf/theme/assets/global/parts/item/90/bcgjdeed.swf:
2013-09-12 11:51:18 ERROR 404: Not Found.
http://cdn2.pokemon-gl.com/src/swf/theme/assets/global/parts/item/90/bcgjdbih.swf:
2013-09-12 11:51:18 ERROR 404: Not Found.
http://cdn2.pokemon-gl.com/src/swf/theme/assets/global/parts/item/90/bcgjcjdb.swf:
2013-09-12 11:51:19 ERROR 404: Not Found.
http://cdn2.pokemon-gl.com/src/swf/theme/assets/global/parts/item/90/bcgjcghf.swf:
2013-09-12 11:51:19 ERROR 404: Not Found.
http://cdn2.pokemon-gl.com/src/swf/theme/assets/global/parts/item/90/bcgjeegh.swf:
2013-09-12 11:51:20 ERROR 404: Not Found.
http://cdn2.pokemon-gl.com/src/swf/theme/assets/global/parts/item/90/bcgjecbb.swf:
2013-09-12 11:51:20 ERROR 404: Not Found.
http://cdn2.pokemon-gl.com/src/swf/theme/assets/global/parts/item/90/bcgjdjff.swf:
2013-09-12 11:51:20 ERROR 404: Not Found.
http://cdn2.pokemon-gl.com/src/swf/theme/assets/global/parts/item/90/bcgjdgjj.swf:
2013-09-12 11:51:21 ERROR 404: Not Found.
http://cdn2.pokemon-gl.com/src/swf/theme/assets/global/parts/item/90/bcgjfejb.swf:
2013-09-12 11:51:21 ERROR 404: Not Found.
http://cdn2.pokemon-gl.com/src/swf/theme/assets/global/parts/item/90/bcgjfcdf.swf:
2013-09-12 11:51:22 ERROR 404: Not Found.
http://cdn2.pokemon-gl.com/src/swf/theme/assets/global/parts/item/90/bcgjejhj.swf:
2013-09-12 11:51:22 ERROR 404: Not Found.
http://cdn2.pokemon-gl.com/src/swf/theme/assets/global/parts/item/90/bcgjehcd.swf:
2013-09-12 11:51:22 ERROR 404: Not Found.
http://cdn2.pokemon-gl.com/src/swf/theme/assets/global/parts/item/90/bcgjgfbf.swf:
2013-09-12 11:51:23 ERROR 404: Not Found.
http://cdn2.pokemon-gl.com/src/swf/theme/assets/global/parts/item/90/bcgjgcfj.swf:
2013-09-12 11:51:23 ERROR 404: Not Found.
http://cdn2.pokemon-gl.com/src/swf/theme/assets/global/parts/item/90/bcgjgaad.swf:
2013-09-12 11:51:24 ERROR 404: Not Found.
http://cdn2.pokemon-gl.com/src/swf/theme/assets/global/parts/item/90/bcgjfheh.swf:
2013-09-12 11:51:24 ERROR 404: Not Found.
http://cdn2.pokemon-gl.com/src/swf/theme/assets/global/parts/item/90/bcgjhfdj.swf:
2013-09-12 11:51:24 ERROR 404: Not Found.
http://cdn2.pokemon-gl.com/src/swf/theme/assets/global/parts/item/90/bcgjhcid.swf:
2013-09-12 11:51:25 ERROR 404: Not Found.
http://cdn2.pokemon-gl.com/src/swf/theme/assets/global/parts/item/90/bcgjhach.swf:
2013-09-12 11:51:25 ERROR 404: Not Found.
